******************************************************************************
            TI ARM Clang Linker PC v4.0.4                      
******************************************************************************
>> Linked Fri Feb 20 01:04:01 2026

OUTPUT FILE NAME:   <SwanGanz.out>
ENTRY POINT SYMBOL: "_c_int00_noargs"  address: 00000729


MEMORY CONFIGURATION

         name            origin    length      used     unused   attr    fill
----------------------  --------  ---------  --------  --------  ----  --------
  FLASH                 00000000   00020000  00000830  0001f7d0  R  X
  SRAM                  20200000   00008000  00000268  00007d98  RW X
  BCR_CONFIG            41c00000   000000ff  00000000  000000ff  R   
  BSL_CONFIG            41c00100   00000080  00000000  00000080  R   


SEGMENT ALLOCATION MAP

run origin  load origin   length   init length attrs members
----------  ----------- ---------- ----------- ----- -------
00000000    00000000    00000830   00000830    r-x
  00000000    00000000    000000c0   000000c0    r-- .intvecs
  000000c0    000000c0    00000740   00000740    r-x .text
  00000800    00000800    00000030   00000030    r-- .cinit
20200000    20200000    00000068   00000000    rw-
  20200000    20200000    00000064   00000000    rw- .bss
  20200064    20200064    00000004   00000000    rw- .data
20207e00    20207e00    00000200   00000000    rw-
  20207e00    20207e00    00000200   00000000    rw- .stack


SECTION ALLOCATION MAP

 output                                  attributes/
section   page    origin      length       input sections
--------  ----  ----------  ----------   ----------------
.intvecs   0    00000000    000000c0     
                  00000000    000000c0     startup_mspm0g350x_ticlang.o (.intvecs)

.text      0    000000c0    00000740     
                  000000c0    00000168     Clock.o (.text.Clock_Init80MHz)
                  00000228    00000100     UARTints.o (.text.UART0_IRQHandler)
                  00000328    000000c0     ADC.o (.text.ADC0_Init)
                  000003e8    0000009a     libc.a : memcpy16.S.obj (.text:memcpy)
                  00000482    00000002     startup_mspm0g350x_ticlang.o (.text.Default_Handler)
                  00000484    0000007c     libc.a : copy_decompress_lzss.c.obj (.text:decompress:lzss)
                  00000500    00000074     LaunchPad.o (.text.LaunchPad_Init)
                  00000574    00000074     Timer.o (.text.TimerG0_IntArm)
                  000005e8    00000064     main.o (.text.main)
                  0000064c    00000040     ADC.o (.text.ADC0_In)
                  0000068c    0000003c     libc.a : autoinit.c.obj (.text:__TI_auto_init_nobinit_nopinit)
                  000006c8    00000030     FIFO.o (.text.RxFifo_Put)
                  000006f8    00000030     FIFO.o (.text.TxFifo_Get)
                  00000728    00000028     libc.a : boot_cortex_m.c.obj (.text:_c_int00_noargs)
                  00000750    0000001c     DAS.o (.text.DAS_Init)
                  0000076c    00000018     FIFO.o (.text.RxFifo_Size)
                  00000784    00000018     FIFO.o (.text.TxFifo_Size)
                  0000079c    00000016     libc.a : copy_zero_init.c.obj (.text:decompress:ZI:__TI_zero_init_nomemset)
                  000007b2    00000012            : copy_decompress_none.c.obj (.text:decompress:none)
                  000007c4    00000010     DAS.o (.text.TIMG0_IRQHandler)
                  000007d4    0000000a     Clock.o (.text.Clock_Delay)
                  000007de    00000002     --HOLE-- [fill = 0]
                  000007e0    00000008     libclang_rt.builtins.a : aeabi_memcpy.S.obj (.text.__aeabi_memcpy)
                  000007e8    00000006     libc.a : exit.c.obj (.text:abort)
                  000007ee    00000004     libsysbm.a : hostexit.c.obj (.text.HOSTexit)
                  000007f2    00000004     startup_mspm0g350x_ticlang.o (.text.Reset_Handler)
                  000007f6    00000004     libc.a : pre_init.c.obj (.text._system_pre_init)
                  000007fa    00000006     --HOLE-- [fill = 0]

.cinit     0    00000800    00000030     
                  00000800    0000000c     (__TI_handler_table)
                  0000080c    00000008     (.cinit..bss.load) [load image, compression = zero_init]
                  00000814    00000008     (.cinit..data.load) [load image, compression = lzss]
                  0000081c    00000010     (__TI_cinit_table)
                  0000082c    00000004     --HOLE-- [fill = 0]

.init_array 
*          0    00000000    00000000     UNINITIALIZED

.binit     0    00000000    00000000     

.bss       0    20200000    00000064     UNINITIALIZED
                  20200000    00000040     FIFO.o (.bss.TxFifo)
                  20200040    00000010     FIFO.o (.bss.RxFifo)
                  20200050    00000004     (.common:RxGetI)
                  20200054    00000004     (.common:RxPutI)
                  20200058    00000004     (.common:TxGetI)
                  2020005c    00000004     (.common:TxPutI)
                  20200060    00000004     (.common:ashtonsVar)

.data      0    20200064    00000004     UNINITIALIZED
                  20200064    00000004     Clock.o (.data.BusFreq)

.stack     0    20207e00    00000200     UNINITIALIZED
                  20207e00    00000004     libc.a : boot_cortex_m.c.obj (.stack)
                  20207e04    000001fc     --HOLE--

__llvm_prf_cnts 
*          0    20200000    00000000     UNINITIALIZED

__llvm_prf_bits 
*          0    20200000    00000000     UNINITIALIZED

MODULE SUMMARY

       Module                         code   ro data   rw data
       ------                         ----   -------   -------
    .\
       startup_mspm0g350x_ticlang.o   6      192       0      
       main.o                         100    0         0      
       DAS.o                          44     0         4      
    +--+------------------------------+------+---------+---------+
       Total:                         150    192       4      
                                                              
    .\inc\
       Clock.o                        370    0         4      
       ADC.o                          256    0         0      
       UARTints.o                     256    0         0      
       FIFO.o                         144    0         96     
       LaunchPad.o                    116    0         0      
       Timer.o                        116    0         0      
    +--+------------------------------+------+---------+---------+
       Total:                         1258   0         100    
                                                              
    C:\ti\ccs2040\ccs\tools\compiler\ti-cgt-armllvm_4.0.4.LTS\lib\armv6m-ti-none-eabi/c/libc.a
       memcpy16.S.obj                 154    0         0      
       copy_decompress_lzss.c.obj     124    0         0      
       autoinit.c.obj                 60     0         0      
       boot_cortex_m.c.obj            40     0         0      
       copy_zero_init.c.obj           22     0         0      
       copy_decompress_none.c.obj     18     0         0      
       exit.c.obj                     6      0         0      
       pre_init.c.obj                 4      0         0      
    +--+------------------------------+------+---------+---------+
       Total:                         428    0         0      
                                                              
    C:\ti\ccs2040\ccs\tools\compiler\ti-cgt-armllvm_4.0.4.LTS\lib\armv6m-ti-none-eabi/c/libsysbm.a
       hostexit.c.obj                 4      0         0      
    +--+------------------------------+------+---------+---------+
       Total:                         4      0         0      
                                                              
    C:\ti\ccs2040\ccs\tools\compiler\ti-cgt-armllvm_4.0.4.LTS\lib\armv6m-ti-none-eabi/libclang_rt.builtins.a
       aeabi_memcpy.S.obj             8      0         0      
    +--+------------------------------+------+---------+---------+
       Total:                         8      0         0      
                                                              
       Stack:                         0      0         512    
       Linker Generated:              0      44        0      
    +--+------------------------------+------+---------+---------+
       Grand Total:                   1848   236       616    


LINKER GENERATED COPY TABLES

__TI_cinit_table @ 0000081c records: 2, size/record: 8, table size: 16
	.bss: load addr=0000080c, load size=00000008 bytes, run addr=20200000, run size=00000064 bytes, compression=zero_init
	.data: load addr=00000814, load size=00000008 bytes, run addr=20200064, run size=00000004 bytes, compression=lzss


LINKER GENERATED HANDLER TABLE

__TI_handler_table @ 00000800 records: 3, size/record: 4, table size: 12
	index: 0, handler: __TI_decompress_lzss
	index: 1, handler: __TI_decompress_none
	index: 2, handler: __TI_zero_init


GLOBAL SYMBOLS: SORTED ALPHABETICALLY BY Name 

address   name                          
-------   ----                          
00000483  ADC0_IRQHandler               
0000064d  ADC0_In                       
00000329  ADC0_Init                     
00000483  ADC1_IRQHandler               
00000483  AES_IRQHandler                
20200064  BusFreq                       
000007ee  C$$EXIT                       
00000483  CANFD0_IRQHandler             
000007d5  Clock_Delay                   
000000c1  Clock_Init80MHz               
00000483  DAC0_IRQHandler               
00000751  DAS_Init                      
00000483  DMA_IRQHandler                
00000483  Default_Handler               
00000483  GROUP0_IRQHandler             
00000483  GROUP1_IRQHandler             
000007ef  HOSTexit                      
00000483  HardFault_Handler             
00000483  I2C0_IRQHandler               
00000483  I2C1_IRQHandler               
00000501  LaunchPad_Init                
00000483  NMI_Handler                   
00000483  PendSV_Handler                
00000483  RTC_IRQHandler                
000007f3  Reset_Handler                 
000006c9  RxFifo_Put                    
0000076d  RxFifo_Size                   
20200050  RxGetI                        
20200054  RxPutI                        
00000483  SPI0_IRQHandler               
00000483  SPI1_IRQHandler               
00000483  SVC_Handler                   
00000483  SysTick_Handler               
00000483  TIMA0_IRQHandler              
00000483  TIMA1_IRQHandler              
000007c5  TIMG0_IRQHandler              
00000483  TIMG12_IRQHandler             
00000483  TIMG6_IRQHandler              
00000483  TIMG7_IRQHandler              
00000483  TIMG8_IRQHandler              
00000575  TimerG0_IntArm                
000006f9  TxFifo_Get                    
00000785  TxFifo_Size                   
20200058  TxGetI                        
2020005c  TxPutI                        
00000229  UART0_IRQHandler              
00000483  UART1_IRQHandler              
00000483  UART2_IRQHandler              
00000483  UART3_IRQHandler              
20208000  __STACK_END                   
00000200  __STACK_SIZE                  
00000000  __TI_ATRegion0_region_sz      
00000000  __TI_ATRegion0_src_addr       
00000000  __TI_ATRegion0_trg_addr       
00000000  __TI_ATRegion1_region_sz      
00000000  __TI_ATRegion1_src_addr       
00000000  __TI_ATRegion1_trg_addr       
00000000  __TI_ATRegion2_region_sz      
00000000  __TI_ATRegion2_src_addr       
00000000  __TI_ATRegion2_trg_addr       
0000081c  __TI_CINIT_Base               
0000082c  __TI_CINIT_Limit              
0000082c  __TI_CINIT_Warm               
00000800  __TI_Handler_Table_Base       
0000080c  __TI_Handler_Table_Limit      
0000068d  __TI_auto_init_nobinit_nopinit
00000485  __TI_decompress_lzss          
000007b3  __TI_decompress_none          
ffffffff  __TI_pprof_out_hndl           
ffffffff  __TI_prof_data_size           
ffffffff  __TI_prof_data_start          
00000000  __TI_static_base__            
0000079d  __TI_zero_init_nomemset       
000007e1  __aeabi_memcpy                
000007e1  __aeabi_memcpy4               
000007e1  __aeabi_memcpy8               
ffffffff  __binit__                     
UNDEFED   __mpu_init                    
20207e00  __stack                       
20200000  __start___llvm_prf_bits       
20200000  __start___llvm_prf_cnts       
20200000  __stop___llvm_prf_bits        
20200000  __stop___llvm_prf_cnts        
00000729  _c_int00_noargs               
UNDEFED   _system_post_cinit            
000007f7  _system_pre_init              
000007e9  abort                         
20200060  ashtonsVar                    
ffffffff  binit                         
00000000  interruptVectors              
000005e9  main                          
000003e9  memcpy                        


GLOBAL SYMBOLS: SORTED BY Symbol Address 

address   name                          
-------   ----                          
00000000  __TI_ATRegion0_region_sz      
00000000  __TI_ATRegion0_src_addr       
00000000  __TI_ATRegion0_trg_addr       
00000000  __TI_ATRegion1_region_sz      
00000000  __TI_ATRegion1_src_addr       
00000000  __TI_ATRegion1_trg_addr       
00000000  __TI_ATRegion2_region_sz      
00000000  __TI_ATRegion2_src_addr       
00000000  __TI_ATRegion2_trg_addr       
00000000  __TI_static_base__            
00000000  interruptVectors              
000000c1  Clock_Init80MHz               
00000200  __STACK_SIZE                  
00000229  UART0_IRQHandler              
00000329  ADC0_Init                     
000003e9  memcpy                        
00000483  ADC0_IRQHandler               
00000483  ADC1_IRQHandler               
00000483  AES_IRQHandler                
00000483  CANFD0_IRQHandler             
00000483  DAC0_IRQHandler               
00000483  DMA_IRQHandler                
00000483  Default_Handler               
00000483  GROUP0_IRQHandler             
00000483  GROUP1_IRQHandler             
00000483  HardFault_Handler             
00000483  I2C0_IRQHandler               
00000483  I2C1_IRQHandler               
00000483  NMI_Handler                   
00000483  PendSV_Handler                
00000483  RTC_IRQHandler                
00000483  SPI0_IRQHandler               
00000483  SPI1_IRQHandler               
00000483  SVC_Handler                   
00000483  SysTick_Handler               
00000483  TIMA0_IRQHandler              
00000483  TIMA1_IRQHandler              
00000483  TIMG12_IRQHandler             
00000483  TIMG6_IRQHandler              
00000483  TIMG7_IRQHandler              
00000483  TIMG8_IRQHandler              
00000483  UART1_IRQHandler              
00000483  UART2_IRQHandler              
00000483  UART3_IRQHandler              
00000485  __TI_decompress_lzss          
00000501  LaunchPad_Init                
00000575  TimerG0_IntArm                
000005e9  main                          
0000064d  ADC0_In                       
0000068d  __TI_auto_init_nobinit_nopinit
000006c9  RxFifo_Put                    
000006f9  TxFifo_Get                    
00000729  _c_int00_noargs               
00000751  DAS_Init                      
0000076d  RxFifo_Size                   
00000785  TxFifo_Size                   
0000079d  __TI_zero_init_nomemset       
000007b3  __TI_decompress_none          
000007c5  TIMG0_IRQHandler              
000007d5  Clock_Delay                   
000007e1  __aeabi_memcpy                
000007e1  __aeabi_memcpy4               
000007e1  __aeabi_memcpy8               
000007e9  abort                         
000007ee  C$$EXIT                       
000007ef  HOSTexit                      
000007f3  Reset_Handler                 
000007f7  _system_pre_init              
00000800  __TI_Handler_Table_Base       
0000080c  __TI_Handler_Table_Limit      
0000081c  __TI_CINIT_Base               
0000082c  __TI_CINIT_Limit              
0000082c  __TI_CINIT_Warm               
20200000  __start___llvm_prf_bits       
20200000  __start___llvm_prf_cnts       
20200000  __stop___llvm_prf_bits        
20200000  __stop___llvm_prf_cnts        
20200050  RxGetI                        
20200054  RxPutI                        
20200058  TxGetI                        
2020005c  TxPutI                        
20200060  ashtonsVar                    
20200064  BusFreq                       
20207e00  __stack                       
20208000  __STACK_END                   
ffffffff  __TI_pprof_out_hndl           
ffffffff  __TI_prof_data_size           
ffffffff  __TI_prof_data_start          
ffffffff  __binit__                     
ffffffff  binit                         
UNDEFED   __mpu_init                    
UNDEFED   _system_post_cinit            

[92 symbols]
