******************************************************************************
            TI ARM Clang Linker Unix v4.0.4                    
******************************************************************************
>> Linked Fri Feb 20 22:38:50 2026

OUTPUT FILE NAME:   <SwanGanz.out>
ENTRY POINT SYMBOL: "_c_int00_noargs"  address: 000007f9


MEMORY CONFIGURATION

         name            origin    length      used     unused   attr    fill
----------------------  --------  ---------  --------  --------  ----  --------
  FLASH                 00000000   00020000  00000910  0001f6f0  R  X
  SRAM                  20200000   00008000  00000288  00007d78  RW X
  BCR_CONFIG            41c00000   000000ff  00000000  000000ff  R   
  BSL_CONFIG            41c00100   00000080  00000000  00000080  R   


SEGMENT ALLOCATION MAP

run origin  load origin   length   init length attrs members
----------  ----------- ---------- ----------- ----- -------
00000000    00000000    00000910   00000910    r-x
  00000000    00000000    000000c0   000000c0    r-- .intvecs
  000000c0    000000c0    00000820   00000820    r-x .text
  000008e0    000008e0    00000030   00000030    r-- .cinit
20200000    20200000    00000088   00000000    rw-
  20200000    20200000    00000084   00000000    rw- .bss
  20200084    20200084    00000004   00000000    rw- .data
20207e00    20207e00    00000200   00000000    rw-
  20207e00    20207e00    00000200   00000000    rw- .stack


SECTION ALLOCATION MAP

 output                                  attributes/
section   page    origin      length       input sections
--------  ----  ----------  ----------   ----------------
.intvecs   0    00000000    000000c0     
                  00000000    000000c0     startup_mspm0g350x_ticlang.o (.intvecs)

.text      0    000000c0    00000820     
                  000000c0    00000168     Clock.o (.text.Clock_Init80MHz)
                  00000228    00000100     UARTints.o (.text.UART0_IRQHandler)
                  00000328    000000f8     DAS.o (.text.TIMG0_IRQHandler)
                  00000420    0000009c     ADC.o (.text.ADC_Init)
                  000004bc    0000009a     libc.a : memcpy16.S.obj (.text:memcpy)
                  00000556    00000002     startup_mspm0g350x_ticlang.o (.text.Default_Handler)
                  00000558    0000007c     libc.a : copy_decompress_lzss.c.obj (.text:decompress:lzss)
                  000005d4    00000074     LaunchPad.o (.text.LaunchPad_Init)
                  00000648    00000074     Timer.o (.text.TimerG0_IntArm)
                  000006bc    00000064     main.o (.text.main)
                  00000720    0000003c     libc.a : autoinit.c.obj (.text:__TI_auto_init_nobinit_nopinit)
                  0000075c    0000003a     libclang_rt.builtins.a : muldsi3.S.obj (.text.__muldsi3)
                  00000796    00000002     --HOLE-- [fill = 0]
                  00000798    00000030     FIFO.o (.text.RxFifo_Put)
                  000007c8    00000030     FIFO.o (.text.TxFifo_Get)
                  000007f8    00000028     libc.a : boot_cortex_m.c.obj (.text:_c_int00_noargs)
                  00000820    00000024     libclang_rt.builtins.a : muldi3.S.obj (.text.__muldi3)
                  00000844    00000018     DAS.o (.text.DAS_Init)
                  0000085c    00000018     FIFO.o (.text.RxFifo_Size)
                  00000874    00000018     FIFO.o (.text.TxFifo_Size)
                  0000088c    00000016     libc.a : copy_zero_init.c.obj (.text:decompress:ZI:__TI_zero_init_nomemset)
                  000008a2    00000012            : copy_decompress_none.c.obj (.text:decompress:none)
                  000008b4    0000000a     Clock.o (.text.Clock_Delay)
                  000008be    00000002     --HOLE-- [fill = 0]
                  000008c0    00000008     libclang_rt.builtins.a : aeabi_memcpy.S.obj (.text.__aeabi_memcpy)
                  000008c8    00000006     libc.a : exit.c.obj (.text:abort)
                  000008ce    00000004     libsysbm.a : hostexit.c.obj (.text.HOSTexit)
                  000008d2    00000004     startup_mspm0g350x_ticlang.o (.text.Reset_Handler)
                  000008d6    00000004     libc.a : pre_init.c.obj (.text._system_pre_init)
                  000008da    00000006     --HOLE-- [fill = 0]

.cinit     0    000008e0    00000030     
                  000008e0    0000000c     (__TI_handler_table)
                  000008ec    00000008     (.cinit..bss.load) [load image, compression = zero_init]
                  000008f4    00000008     (.cinit..data.load) [load image, compression = lzss]
                  000008fc    00000010     (__TI_cinit_table)
                  0000090c    00000004     --HOLE-- [fill = 0]

.init_array 
*          0    00000000    00000000     UNINITIALIZED

.binit     0    00000000    00000000     

.bss       0    20200000    00000084     UNINITIALIZED
                  20200000    00000040     FIFO.o (.bss.TxFifo)
                  20200040    00000010     FIFO.o (.bss.RxFifo)
                  20200050    00000008     (.common:Therm1Watch)
                  20200058    00000008     (.common:temp)
                  20200060    00000004     (.common:RxGetI)
                  20200064    00000004     (.common:RxPutI)
                  20200068    00000004     (.common:TxGetI)
                  2020006c    00000004     (.common:TxPutI)
                  20200070    00000004     (.common:watchA1)
                  20200074    00000004     (.common:watchA2)
                  20200078    00000004     (.common:watchA3)
                  2020007c    00000004     (.common:watchB0)
                  20200080    00000004     (.common:watchB1)

.data      0    20200084    00000004     UNINITIALIZED
                  20200084    00000004     Clock.o (.data.BusFreq)

.stack     0    20207e00    00000200     UNINITIALIZED
                  20207e00    00000004     libc.a : boot_cortex_m.c.obj (.stack)
                  20207e04    000001fc     --HOLE--

__llvm_prf_cnts 
*          0    20200000    00000000     UNINITIALIZED

__llvm_prf_bits 
*          0    20200000    00000000     UNINITIALIZED

MODULE SUMMARY

       Module                         code   ro data   rw data
       ------                         ----   -------   -------
    ./
       DAS.o                          272    0         36     
       startup_mspm0g350x_ticlang.o   6      192       0      
       main.o                         100    0         0      
    +--+------------------------------+------+---------+---------+
       Total:                         378    192       36     
                                                              
    ./inc/
       Clock.o                        370    0         4      
       UARTints.o                     256    0         0      
       FIFO.o                         144    0         96     
       ADC.o                          156    0         0      
       LaunchPad.o                    116    0         0      
       Timer.o                        116    0         0      
    +--+------------------------------+------+---------+---------+
       Total:                         1158   0         100    
                                                              
    /Applications/ti/ccs2040/ccs/tools/compiler/ti-cgt-armllvm_4.0.4.LTS/lib/armv6m-ti-none-eabi/c/libc.a
       memcpy16.S.obj                 154    0         0      
       copy_decompress_lzss.c.obj     124    0         0      
       autoinit.c.obj                 60     0         0      
       boot_cortex_m.c.obj            40     0         0      
       copy_zero_init.c.obj           22     0         0      
       copy_decompress_none.c.obj     18     0         0      
       exit.c.obj                     6      0         0      
       pre_init.c.obj                 4      0         0      
    +--+------------------------------+------+---------+---------+
       Total:                         428    0         0      
                                                              
    /Applications/ti/ccs2040/ccs/tools/compiler/ti-cgt-armllvm_4.0.4.LTS/lib/armv6m-ti-none-eabi/c/libsysbm.a
       hostexit.c.obj                 4      0         0      
    +--+------------------------------+------+---------+---------+
       Total:                         4      0         0      
                                                              
    /Applications/ti/ccs2040/ccs/tools/compiler/ti-cgt-armllvm_4.0.4.LTS/lib/armv6m-ti-none-eabi/libclang_rt.builtins.a
       muldsi3.S.obj                  58     0         0      
       muldi3.S.obj                   36     0         0      
       aeabi_memcpy.S.obj             8      0         0      
    +--+------------------------------+------+---------+---------+
       Total:                         102    0         0      
                                                              
       Stack:                         0      0         512    
       Linker Generated:              0      44        0      
    +--+------------------------------+------+---------+---------+
       Grand Total:                   2070   236       648    


LINKER GENERATED COPY TABLES

__TI_cinit_table @ 000008fc records: 2, size/record: 8, table size: 16
	.bss: load addr=000008ec, load size=00000008 bytes, run addr=20200000, run size=00000084 bytes, compression=zero_init
	.data: load addr=000008f4, load size=00000008 bytes, run addr=20200084, run size=00000004 bytes, compression=lzss


LINKER GENERATED HANDLER TABLE

__TI_handler_table @ 000008e0 records: 3, size/record: 4, table size: 12
	index: 0, handler: __TI_decompress_lzss
	index: 1, handler: __TI_decompress_none
	index: 2, handler: __TI_zero_init


GLOBAL SYMBOLS: SORTED ALPHABETICALLY BY Name 

address   name                          
-------   ----                          
00000557  ADC0_IRQHandler               
00000557  ADC1_IRQHandler               
00000421  ADC_Init                      
00000557  AES_IRQHandler                
20200084  BusFreq                       
000008ce  C$$EXIT                       
00000557  CANFD0_IRQHandler             
000008b5  Clock_Delay                   
000000c1  Clock_Init80MHz               
00000557  DAC0_IRQHandler               
00000845  DAS_Init                      
00000557  DMA_IRQHandler                
00000557  Default_Handler               
00000557  GROUP0_IRQHandler             
00000557  GROUP1_IRQHandler             
000008cf  HOSTexit                      
00000557  HardFault_Handler             
00000557  I2C0_IRQHandler               
00000557  I2C1_IRQHandler               
000005d5  LaunchPad_Init                
00000557  NMI_Handler                   
00000557  PendSV_Handler                
00000557  RTC_IRQHandler                
000008d3  Reset_Handler                 
00000799  RxFifo_Put                    
0000085d  RxFifo_Size                   
20200060  RxGetI                        
20200064  RxPutI                        
00000557  SPI0_IRQHandler               
00000557  SPI1_IRQHandler               
00000557  SVC_Handler                   
00000557  SysTick_Handler               
00000557  TIMA0_IRQHandler              
00000557  TIMA1_IRQHandler              
00000329  TIMG0_IRQHandler              
00000557  TIMG12_IRQHandler             
00000557  TIMG6_IRQHandler              
00000557  TIMG7_IRQHandler              
00000557  TIMG8_IRQHandler              
20200050  Therm1Watch                   
00000649  TimerG0_IntArm                
000007c9  TxFifo_Get                    
00000875  TxFifo_Size                   
20200068  TxGetI                        
2020006c  TxPutI                        
00000229  UART0_IRQHandler              
00000557  UART1_IRQHandler              
00000557  UART2_IRQHandler              
00000557  UART3_IRQHandler              
20208000  __STACK_END                   
00000200  __STACK_SIZE                  
00000000  __TI_ATRegion0_region_sz      
00000000  __TI_ATRegion0_src_addr       
00000000  __TI_ATRegion0_trg_addr       
00000000  __TI_ATRegion1_region_sz      
00000000  __TI_ATRegion1_src_addr       
00000000  __TI_ATRegion1_trg_addr       
00000000  __TI_ATRegion2_region_sz      
00000000  __TI_ATRegion2_src_addr       
00000000  __TI_ATRegion2_trg_addr       
000008fc  __TI_CINIT_Base               
0000090c  __TI_CINIT_Limit              
0000090c  __TI_CINIT_Warm               
000008e0  __TI_Handler_Table_Base       
000008ec  __TI_Handler_Table_Limit      
00000721  __TI_auto_init_nobinit_nopinit
00000559  __TI_decompress_lzss          
000008a3  __TI_decompress_none          
ffffffff  __TI_pprof_out_hndl           
ffffffff  __TI_prof_data_size           
ffffffff  __TI_prof_data_start          
00000000  __TI_static_base__            
0000088d  __TI_zero_init_nomemset       
00000821  __aeabi_lmul                  
000008c1  __aeabi_memcpy                
000008c1  __aeabi_memcpy4               
000008c1  __aeabi_memcpy8               
ffffffff  __binit__                     
UNDEFED   __mpu_init                    
00000821  __muldi3                      
0000075d  __muldsi3                     
20207e00  __stack                       
20200000  __start___llvm_prf_bits       
20200000  __start___llvm_prf_cnts       
20200000  __stop___llvm_prf_bits        
20200000  __stop___llvm_prf_cnts        
000007f9  _c_int00_noargs               
UNDEFED   _system_post_cinit            
000008d7  _system_pre_init              
000008c9  abort                         
ffffffff  binit                         
00000000  interruptVectors              
000006bd  main                          
000004bd  memcpy                        
20200058  temp                          
20200070  watchA1                       
20200074  watchA2                       
20200078  watchA3                       
2020007c  watchB0                       
20200080  watchB1                       


GLOBAL SYMBOLS: SORTED BY Symbol Address 

address   name                          
-------   ----                          
00000000  __TI_ATRegion0_region_sz      
00000000  __TI_ATRegion0_src_addr       
00000000  __TI_ATRegion0_trg_addr       
00000000  __TI_ATRegion1_region_sz      
00000000  __TI_ATRegion1_src_addr       
00000000  __TI_ATRegion1_trg_addr       
00000000  __TI_ATRegion2_region_sz      
00000000  __TI_ATRegion2_src_addr       
00000000  __TI_ATRegion2_trg_addr       
00000000  __TI_static_base__            
00000000  interruptVectors              
000000c1  Clock_Init80MHz               
00000200  __STACK_SIZE                  
00000229  UART0_IRQHandler              
00000329  TIMG0_IRQHandler              
00000421  ADC_Init                      
000004bd  memcpy                        
00000557  ADC0_IRQHandler               
00000557  ADC1_IRQHandler               
00000557  AES_IRQHandler                
00000557  CANFD0_IRQHandler             
00000557  DAC0_IRQHandler               
00000557  DMA_IRQHandler                
00000557  Default_Handler               
00000557  GROUP0_IRQHandler             
00000557  GROUP1_IRQHandler             
00000557  HardFault_Handler             
00000557  I2C0_IRQHandler               
00000557  I2C1_IRQHandler               
00000557  NMI_Handler                   
00000557  PendSV_Handler                
00000557  RTC_IRQHandler                
00000557  SPI0_IRQHandler               
00000557  SPI1_IRQHandler               
00000557  SVC_Handler                   
00000557  SysTick_Handler               
00000557  TIMA0_IRQHandler              
00000557  TIMA1_IRQHandler              
00000557  TIMG12_IRQHandler             
00000557  TIMG6_IRQHandler              
00000557  TIMG7_IRQHandler              
00000557  TIMG8_IRQHandler              
00000557  UART1_IRQHandler              
00000557  UART2_IRQHandler              
00000557  UART3_IRQHandler              
00000559  __TI_decompress_lzss          
000005d5  LaunchPad_Init                
00000649  TimerG0_IntArm                
000006bd  main                          
00000721  __TI_auto_init_nobinit_nopinit
0000075d  __muldsi3                     
00000799  RxFifo_Put                    
000007c9  TxFifo_Get                    
000007f9  _c_int00_noargs               
00000821  __aeabi_lmul                  
00000821  __muldi3                      
00000845  DAS_Init                      
0000085d  RxFifo_Size                   
00000875  TxFifo_Size                   
0000088d  __TI_zero_init_nomemset       
000008a3  __TI_decompress_none          
000008b5  Clock_Delay                   
000008c1  __aeabi_memcpy                
000008c1  __aeabi_memcpy4               
000008c1  __aeabi_memcpy8               
000008c9  abort                         
000008ce  C$$EXIT                       
000008cf  HOSTexit                      
000008d3  Reset_Handler                 
000008d7  _system_pre_init              
000008e0  __TI_Handler_Table_Base       
000008ec  __TI_Handler_Table_Limit      
000008fc  __TI_CINIT_Base               
0000090c  __TI_CINIT_Limit              
0000090c  __TI_CINIT_Warm               
20200000  __start___llvm_prf_bits       
20200000  __start___llvm_prf_cnts       
20200000  __stop___llvm_prf_bits        
20200000  __stop___llvm_prf_cnts        
20200050  Therm1Watch                   
20200058  temp                          
20200060  RxGetI                        
20200064  RxPutI                        
20200068  TxGetI                        
2020006c  TxPutI                        
20200070  watchA1                       
20200074  watchA2                       
20200078  watchA3                       
2020007c  watchB0                       
20200080  watchB1                       
20200084  BusFreq                       
20207e00  __stack                       
20208000  __STACK_END                   
ffffffff  __TI_pprof_out_hndl           
ffffffff  __TI_prof_data_size           
ffffffff  __TI_prof_data_start          
ffffffff  __binit__                     
ffffffff  binit                         
UNDEFED   __mpu_init                    
UNDEFED   _system_post_cinit            

[100 symbols]
