******************************************************************************
            TI ARM Clang Linker Unix v4.0.4                    
******************************************************************************
>> Linked Wed Mar  4 13:14:44 2026

OUTPUT FILE NAME:   <SwanGanz.out>
ENTRY POINT SYMBOL: "_c_int00_noargs"  address: 00002109


MEMORY CONFIGURATION

         name            origin    length      used     unused   attr    fill
----------------------  --------  ---------  --------  --------  ----  --------
  FLASH                 00000000   00020000  00002a08  0001d5f8  R  X
  SRAM                  20200000   00008000  00003b21  000044df  RW X
  BCR_CONFIG            41c00000   000000ff  00000000  000000ff  R   
  BSL_CONFIG            41c00100   00000080  00000000  00000080  R   


SEGMENT ALLOCATION MAP

run origin  load origin   length   init length attrs members
----------  ----------- ---------- ----------- ----- -------
00000000    00000000    00002a08   00002a08    r-x
  00000000    00000000    000000c0   000000c0    r-- .intvecs
  000000c0    000000c0    00002290   00002290    r-x .text
  00002350    00002350    00000650   00000650    r-- .rodata
  000029a0    000029a0    00000068   00000068    r-- .cinit
20200000    20200000    00003922   00000000    rw-
  20200000    20200000    0000319f   00000000    rw- .bss
  202031a0    202031a0    00000782   00000000    rw- .data
20207e00    20207e00    00000200   00000000    rw-
  20207e00    20207e00    00000200   00000000    rw- .stack


SECTION ALLOCATION MAP

 output                                  attributes/
section   page    origin      length       input sections
--------  ----  ----------  ----------   ----------------
.intvecs   0    00000000    000000c0     
                  00000000    000000c0     startup_mspm0g350x_ticlang.o (.intvecs)

.text      0    000000c0    00002290     
                  000000c0    000001b4     Clock.o (.text.Clock_Init80MHz)
                  00000274    000001a8     ST7735.o (.text.ST7735_DrawChar)
                  0000041c    00000138     RTOS_UARTints.o (.text.UART_Init)
                  00000554    00000118     ST7735.o (.text.ST7735_FillRect)
                  0000066c    00000100     OS.o (.text.RemoveRunThreadList)
                  0000076c    000000f0     ADC.o (.text.ADC_Init)
                  0000085c    000000e4     SPI.o (.text.SPI_Init)
                  00000940    000000d0     OS.o (.text.InsertSleepyThread)
                  00000a10    000000d0     ST7735.o (.text.ST7735_OutChar)
                  00000ae0    000000cc     main.o (.text.Logic_Init)
                  00000bac    000000cc     OS.o (.text.OS_Init)
                  00000c78    000000b8     OS.o (.text.OS_AddPeriodicThread)
                  00000d30    000000a8     ADC.o (.text.ADC_In)
                  00000dd8    000000a8     Timer.o (.text.TimerG7_IntArm)
                  00000e80    000000a8     Timer.o (.text.TimerG8_IntArm)
                  00000f28    000000a2     ST7735.o (.text.commandList)
                  00000fca    00000002     libclang_rt.builtins.a : aeabi_div0.c.obj (.text.__aeabi_idiv0)
                  00000fcc    000000a0     OS.o (.text.OS_bSignal)
                  0000106c    0000009c     OS.o (.text.TIMG7_IRQHandler)
                  00001108    00000098     ST7735.o (.text.ST7735_InitR)
                  000011a0    00000098     OS.o (.text.TIMG8_IRQHandler)
                  00001238    00000094     OS.o (.text.OS_Launch)
                  000012cc    00000090     Display.o (.text.DisplayAll)
                  0000135c    0000008c     OS.o (.text.InsertRunThreadList)
                  000013e8    00000088     ST7735.o (.text.setAddrWindow)
                  00001470    00000084     ST7735.o (.text.ST7735_DrawString)
                  000014f4    00000084     ST7735.o (.text.ST7735_OutUDec)
                  00001578    0000007c     LaunchPad.o (.text.LaunchPad_Init)
                  000015f4    0000007c     libc.a : copy_decompress_lzss.c.obj (.text:decompress:lzss)
                  00001670    00000078     main.o (.text.main)
                  000016e8    00000074     OS.o (.text.OS_AddThread)
                  0000175c    00000074     OS.o (.text.OS_Scheduler)
                  000017d0    0000006c     OS.o (.text.OS_Kill)
                  0000183c    00000068     OS.o (.text.OS_bWait)
                  000018a4    00000068     Timer.o (.text.TimerG12_IntArm)
                  0000190c    00000064     FIFO.o (.text.Fifo_Put)
                  00001970    00000060     Display.o (.text.DisplayTemp)
                  000019d0    0000005c     RTOS_UARTints.o (.text.UART0_IRQHandler)
                  00001a2c    00000058     RTOS_FIFO.o (.text.RxFifo_Put)
                  00001a84    00000058     RTOS_FIFO.o (.text.TxFifo_Get)
                  00001adc    00000054     ST7735.o (.text.fillmessage)
                  00001b30    00000050     FIFO.o (.text.Fifo_Get)
                  00001b80    00000050     OS.o (.text.GetHighestPriority)
                  00001bd0    00000050     osasm.o (.text)
                  00001c20    0000004c     RTOS_UARTints.o (.text.copySoftwareToHardware)
                  00001c6c    00000048     OS.o (.text.InsertBlockedList)
                  00001cb4    00000048     SPI.o (.text.SPI_OutCommand)
                  00001cfc    00000044     OS.o (.text.OS_Sleep)
                  00001d40    00000040     SPI.o (.text.SPI_Reset)
                  00001d80    00000040     libclang_rt.builtins.a : aeabi_uidivmod.S.obj (.text.__aeabi_uidivmod)
                  00001dc0    0000003c     DAS.o (.text.InputPolling)
                  00001dfc    0000003c     OS.o (.text.TcbFifoInit)
                  00001e38    0000003c     OS.o (.text.TcbFifoPut)
                  00001e74    0000003c     libc.a : autoinit.c.obj (.text:__TI_auto_init_nobinit_nopinit)
                  00001eb0    00000038     LaunchPad.o (.text.ActivatePortA_B)
                  00001ee8    00000038     SPI.o (.text.SPI_OutData)
                  00001f20    00000034     Clock.o (.text.Clock_Delay1ms)
                  00001f54    00000034     FIFO.o (.text.Fifo_Init)
                  00001f88    00000034     ST7735.o (.text.ST7735_SetCursor)
                  00001fbc    00000034     OS.o (.text.TcbFifoGet)
                  00001ff0    00000032     DAS.o (.text.DASInit)
                  00002022    00000002     --HOLE-- [fill = 0]
                  00002024    00000030     ST7735.o (.text.commonInit)
                  00002054    00000030     RTOS_UARTints.o (.text.copyHardwareToSoftware)
                  00002084    0000002c     Display.o (.text.DisplayInit)
                  000020b0    0000002c     Display.o (.text.DisplayStartMenu)
                  000020dc    0000002c     ST7735.o (.text.ST7735_FillScreen)
                  00002108    00000028     libc.a : boot_cortex_m.c.obj (.text:_c_int00_noargs)
                  00002130    00000026     ST7735.o (.text.ST7735_OutString)
                  00002156    00000002     --HOLE-- [fill = 0]
                  00002158    00000024     RTOS_FIFO.o (.text.TxFifo_Init)
                  0000217c    00000020     RTOS_FIFO.o (.text.RxFifo_Init)
                  0000219c    0000001e     ST7735.o (.text.pushColor)
                  000021ba    00000002     --HOLE-- [fill = 0]
                  000021bc    0000001c     startup_mspm0g350x_ticlang.o (.text.Default_Handler)
                  000021d8    0000001c     startup_mspm0g350x_ticlang.o (.text.HardFault_Handler)
                  000021f4    0000001c     OS.o (.text.OS_ClearMsTime)
                  00002210    00000018     RTOS_FIFO.o (.text.TxFifo_Size)
                  00002228    00000016     DAS.o (.text.DAS)
                  0000223e    00000002     --HOLE-- [fill = 0]
                  00002240    00000014     OS.o (.text.OS_Suspend)
                  00002254    00000014     OS.o (.text.OS_Time)
                  00002268    00000014     OS.o (.text.SysTick_Handler)
                  0000227c    00000012     libc.a : memcpy16.S.obj (.text:TI_memcpy_small)
                  0000228e    00000012            : copy_decompress_none.c.obj (.text:decompress:none)
                  000022a0    00000010     Clock.o (.text.Clock_Delay)
                  000022b0    00000010     LaunchPad.o (.text.Delay)
                  000022c0    00000010     DAS.o (.text.HeartBeat)
                  000022d0    00000010     OS.o (.text.OS_InitSemaphore)
                  000022e0    00000010     libc.a : copy_zero_init.c.obj (.text:decompress:ZI)
                  000022f0    0000000e            : memset16.S.obj (.text:TI_memset_small)
                  000022fe    00000002     --HOLE-- [fill = 0]
                  00002300    0000000c     Clock.o (.text.Clock_Freq)
                  0000230c    0000000c     OS.o (.text.OS_MsTime)
                  00002318    0000000c     libclang_rt.builtins.a : aeabi_memset.S.obj (.text.__aeabi_memclr)
                  00002324    0000000a     main.o (.text.IdleThread)
                  0000232e    00000002     --HOLE-- [fill = 0]
                  00002330    00000008     libclang_rt.builtins.a : aeabi_memcpy.S.obj (.text.__aeabi_memcpy)
                  00002338    00000006     libc.a : exit.c.obj (.text:abort)
                  0000233e    00000004     libsysbm.a : hostexit.c.obj (.text.HOSTexit)
                  00002342    00000004     startup_mspm0g350x_ticlang.o (.text.Reset_Handler)
                  00002346    00000004     libc.a : pre_init.c.obj (.text._system_pre_init)
                  0000234a    00000006     --HOLE-- [fill = 0]

.cinit     0    000029a0    00000068     
                  000029a0    0000003f     (.cinit..data.load) [load image, compression = lzss]
                  000029df    00000001     --HOLE-- [fill = 0]
                  000029e0    0000000c     (__TI_handler_table)
                  000029ec    00000008     (.cinit..bss.load) [load image, compression = zero_init]
                  000029f4    00000010     (__TI_cinit_table)
                  00002a04    00000004     --HOLE-- [fill = 0]

.rodata    0    00002350    00000650     
                  00002350    000004fb     ST7735.o (.rodata.Font)
                  0000284b    0000003b     ST7735.o (.rodata.Rcmd1)
                  00002886    0000002b     ST7735.o (.rodata.Rcmd3)
                  000028b1    00000026     Display.o (.rodata.str1.12586329761307692536.1)
                  000028d7    00000001     --HOLE-- [fill = 0]
                  000028d8    00000018     Display.o (.rodata..L__const.DisplayAll.messages)
                  000028f0    00000017     Display.o (.rodata.str1.17077673295598305367.1)
                  00002907    00000016     Display.o (.rodata.str1.15820903164514404521.1)
                  0000291d    00000016     Display.o (.rodata.str1.1805084626193097879.1)
                  00002933    00000016     ST7735.o (.rodata.str1.2132471336006292093.1)
                  00002949    0000000e     Display.o (.rodata.str1.11117414041277270069.1)
                  00002957    0000000e     Display.o (.rodata.str1.12737445797831605391.1)
                  00002965    0000000e     Display.o (.rodata.str1.185770367072186849.1)
                  00002973    0000000e     Display.o (.rodata.str1.3522108666087863248.1)
                  00002981    0000000d     ST7735.o (.rodata.Rcmd2green)
                  0000298e    0000000d     ST7735.o (.rodata.Rcmd2red)
                  0000299b    00000005     --HOLE-- [fill = 0]

.init_array 
*          0    00000000    00000000     UNINITIALIZED

.binit     0    00000000    00000000     

.bss       0    20200000    0000319f     UNINITIALIZED
                  20200000    00002968     (.common:THREAD_CONTROL_BLOCKS)
                  20202968    00000424     (.common:PookieTCB)
                  20202d8c    00000348     FIFO.o (.bss.Fifos)
                  202030d4    00000040     RTOS_FIFO.o (.bss.TxFifo)
                  20203114    00000010     RTOS_FIFO.o (.bss.RxFifo)
                  20203124    00000010     (.common:RxFifoEmpty)
                  20203134    00000010     (.common:TCBQueueSemaphore)
                  20203144    00000010     (.common:TxFifoFull)
                  20203154    0000000c     (.common:Message)
                  20203160    00000004     Display.o (.bss.input)
                  20203164    00000004     (.common:LCD_Mutex)
                  20203168    00000004     (.common:Messageindex)
                  2020316c    00000004     (.common:NextThreadPt)
                  20203170    00000004     (.common:NumPeriodicThreads)
                  20203174    00000004     (.common:PTaskIdx)
                  20203178    00000004     (.common:RunPt)
                  2020317c    00000004     (.common:RxGetI)
                  20203180    00000004     (.common:RxPutI)
                  20203184    00000004     (.common:SleepyThreadsHead)
                  20203188    00000004     (.common:TimeMs)
                  2020318c    00000004     (.common:TxGetI)
                  20203190    00000004     (.common:TxPutI)
                  20203194    00000004     (.common:secretTimeMs)
                  20203198    00000004     (.common:sr)
                  2020319c    00000001     ST7735.o (.bss.ColStart)
                  2020319d    00000001     ST7735.o (.bss.RowStart)
                  2020319e    00000001     ST7735.o (.bss.TabColor)

.data      0    202031a0    00000782     UNINITIALIZED
                  202031a0    000006f0     OS.o (.data.PTaskSchedule)
                  20203890    0000004c     OS.o (.data.Scheduler)
                  202038dc    0000002c     OS.o (.data.TcbFifo)
                  20203908    00000004     Clock.o (.data.BusFreq)
                  2020390c    00000004     ST7735.o (.data.StX)
                  20203910    00000004     ST7735.o (.data.StY)
                  20203914    00000004     OS.o (.data.ThreadIdCounter)
                  20203918    00000004     OS.o (.data.isLaunched)
                  2020391c    00000002     ST7735.o (.data.StTextColor)
                  2020391e    00000002     ST7735.o (.data._height)
                  20203920    00000002     ST7735.o (.data._width)

.stack     0    20207e00    00000200     UNINITIALIZED
                  20207e00    00000004     libc.a : boot_cortex_m.c.obj (.stack)
                  20207e04    000001fc     --HOLE--

__llvm_prf_cnts 
*          0    20200000    00000000     UNINITIALIZED

__llvm_prf_bits 
*          0    20200000    00000000     UNINITIALIZED

MODULE SUMMARY

       Module                         code   ro data   rw data
       ------                         ----   -------   -------
    ./
       OS.o                           2560   0         13612  
       FIFO.o                         232    0         840    
       Display.o                      328    185       8      
       main.o                         334    0         0      
       startup_mspm0g350x_ticlang.o   60     192       0      
       DAS.o                          148    0         0      
       osasm.o                        80     0         0      
    +--+------------------------------+------+---------+---------+
       Total:                         3742   377       14460  
                                                              
    ./inc/
       ST7735.o                       1922   1425      33     
       RTOS_UARTints.o                528    0         0      
       Clock.o                        516    0         4      
       Timer.o                        440    0         0      
       SPI.o                          420    0         0      
       ADC.o                          408    0         0      
       RTOS_FIFO.o                    268    0         128    
       LaunchPad.o                    196    0         0      
    +--+------------------------------+------+---------+---------+
       Total:                         4698   1425      165    
                                                              
    /Applications/ti/ccs2040/ccs/tools/compiler/ti-cgt-armllvm_4.0.4.LTS/lib/armv6m-ti-none-eabi/c/libc.a
       copy_decompress_lzss.c.obj     124    0         0      
       autoinit.c.obj                 60     0         0      
       boot_cortex_m.c.obj            40     0         0      
       copy_decompress_none.c.obj     18     0         0      
       memcpy16.S.obj                 18     0         0      
       copy_zero_init.c.obj           16     0         0      
       memset16.S.obj                 14     0         0      
       exit.c.obj                     6      0         0      
       pre_init.c.obj                 4      0         0      
    +--+------------------------------+------+---------+---------+
       Total:                         300    0         0      
                                                              
    /Applications/ti/ccs2040/ccs/tools/compiler/ti-cgt-armllvm_4.0.4.LTS/lib/armv6m-ti-none-eabi/c/libsysbm.a
       hostexit.c.obj                 4      0         0      
    +--+------------------------------+------+---------+---------+
       Total:                         4      0         0      
                                                              
    /Applications/ti/ccs2040/ccs/tools/compiler/ti-cgt-armllvm_4.0.4.LTS/lib/armv6m-ti-none-eabi/libclang_rt.builtins.a
       aeabi_uidivmod.S.obj           64     0         0      
       aeabi_memset.S.obj             12     0         0      
       aeabi_memcpy.S.obj             8      0         0      
       aeabi_div0.c.obj               2      0         0      
    +--+------------------------------+------+---------+---------+
       Total:                         86     0         0      
                                                              
       Stack:                         0      0         512    
       Linker Generated:              0      99        0      
    +--+------------------------------+------+---------+---------+
       Grand Total:                   8830   1901      15137  


LINKER GENERATED COPY TABLES

__TI_cinit_table @ 000029f4 records: 2, size/record: 8, table size: 16
	.data: load addr=000029a0, load size=0000003f bytes, run addr=202031a0, run size=00000782 bytes, compression=lzss
	.bss: load addr=000029ec, load size=00000008 bytes, run addr=20200000, run size=0000319f bytes, compression=zero_init


LINKER GENERATED HANDLER TABLE

__TI_handler_table @ 000029e0 records: 3, size/record: 4, table size: 12
	index: 0, handler: __TI_decompress_lzss
	index: 1, handler: __TI_decompress_none
	index: 2, handler: __TI_zero_init


GLOBAL SYMBOLS: SORTED ALPHABETICALLY BY Name 

address   name                          
-------   ----                          
000021bd  ADC0_IRQHandler               
000021bd  ADC1_IRQHandler               
00000d31  ADC_In                        
0000076d  ADC_Init                      
000021bd  AES_IRQHandler                
00001eb1  ActivatePortA_B               
20203908  BusFreq                       
0000233e  C$$EXIT                       
000021bd  CANFD0_IRQHandler             
000022a1  Clock_Delay                   
00001f21  Clock_Delay1ms                
00002301  Clock_Freq                    
000000c1  Clock_Init80MHz               
000021bd  DAC0_IRQHandler               
00002229  DAS                           
00001ff1  DASInit                       
000021bd  DMA_IRQHandler                
000021bd  Default_Handler               
000022b1  Delay                         
00002085  DisplayInit                   
000020b1  DisplayStartMenu              
00001971  DisplayTemp                   
00001be0  EndCritical                   
00001b31  Fifo_Get                      
00001f55  Fifo_Init                     
0000190d  Fifo_Put                      
000021bd  GROUP0_IRQHandler             
000021bd  GROUP1_IRQHandler             
0000233f  HOSTexit                      
000021d9  HardFault_Handler             
000022c1  HeartBeat                     
000021bd  I2C0_IRQHandler               
000021bd  I2C1_IRQHandler               
00001dc1  InputPolling                  
20203164  LCD_Mutex                     
00001579  LaunchPad_Init                
00000ae1  Logic_Init                    
20203154  Message                       
20203168  Messageindex                  
000021bd  NMI_Handler                   
2020316c  NextThreadPt                  
20203170  NumPeriodicThreads            
00001bd0  OSDisableInterrupts           
00001bd4  OSEnableInterrupts            
00000c79  OS_AddPeriodicThread          
000016e9  OS_AddThread                  
000021f5  OS_ClearMsTime                
00000bad  OS_Init                       
000022d1  OS_InitSemaphore              
000017d1  OS_Kill                       
00001239  OS_Launch                     
0000230d  OS_MsTime                     
00001cfd  OS_Sleep                      
00002241  OS_Suspend                    
00002255  OS_Time                       
00000fcd  OS_bSignal                    
0000183d  OS_bWait                      
20203174  PTaskIdx                      
202031a0  PTaskSchedule                 
00001be9  PendSV_Handler                
20202968  PookieTCB                     
000021bd  RTC_IRQHandler                
00002343  Reset_Handler                 
20203178  RunPt                         
20203124  RxFifoEmpty                   
0000217d  RxFifo_Init                   
00001a2d  RxFifo_Put                    
2020317c  RxGetI                        
20203180  RxPutI                        
000021bd  SPI0_IRQHandler               
000021bd  SPI1_IRQHandler               
0000085d  SPI_Init                      
00001cb5  SPI_OutCommand                
00001ee9  SPI_OutData                   
00001d41  SPI_Reset                     
00000275  ST7735_DrawChar               
00001471  ST7735_DrawString             
00000555  ST7735_FillRect               
000020dd  ST7735_FillScreen             
00001109  ST7735_InitR                  
00000a11  ST7735_OutChar                
00002131  ST7735_OutString              
000014f5  ST7735_OutUDec                
00001f89  ST7735_SetCursor              
00001c05  SVC_Handler                   
20203890  Scheduler                     
20203184  SleepyThreadsHead             
2020391c  StTextColor                   
2020390c  StX                           
20203910  StY                           
00001bd8  StartCritical                 
00001be6  StartOS                       
00002269  SysTick_Handler               
20203134  TCBQueueSemaphore             
20200000  THREAD_CONTROL_BLOCKS         
000021bd  TIMA0_IRQHandler              
000021bd  TIMA1_IRQHandler              
000021bd  TIMG0_IRQHandler              
000021bd  TIMG12_IRQHandler             
000021bd  TIMG6_IRQHandler              
0000106d  TIMG7_IRQHandler              
000011a1  TIMG8_IRQHandler              
0000227d  TI_memcpy_small               
000022f1  TI_memset_small               
202038dc  TcbFifo                       
20203188  TimeMs                        
000018a5  TimerG12_IntArm               
00000dd9  TimerG7_IntArm                
00000e81  TimerG8_IntArm                
20203144  TxFifoFull                    
00001a85  TxFifo_Get                    
00002159  TxFifo_Init                   
00002211  TxFifo_Size                   
2020318c  TxGetI                        
20203190  TxPutI                        
000019d1  UART0_IRQHandler              
000021bd  UART1_IRQHandler              
000021bd  UART2_IRQHandler              
000021bd  UART3_IRQHandler              
0000041d  UART_Init                     
20208000  __STACK_END                   
00000200  __STACK_SIZE                  
00000000  __TI_ATRegion0_region_sz      
00000000  __TI_ATRegion0_src_addr       
00000000  __TI_ATRegion0_trg_addr       
00000000  __TI_ATRegion1_region_sz      
00000000  __TI_ATRegion1_src_addr       
00000000  __TI_ATRegion1_trg_addr       
00000000  __TI_ATRegion2_region_sz      
00000000  __TI_ATRegion2_src_addr       
00000000  __TI_ATRegion2_trg_addr       
000029f4  __TI_CINIT_Base               
00002a04  __TI_CINIT_Limit              
00002a04  __TI_CINIT_Warm               
000029e0  __TI_Handler_Table_Base       
000029ec  __TI_Handler_Table_Limit      
00001e75  __TI_auto_init_nobinit_nopinit
000015f5  __TI_decompress_lzss          
0000228f  __TI_decompress_none          
ffffffff  __TI_pprof_out_hndl           
ffffffff  __TI_prof_data_size           
ffffffff  __TI_prof_data_start          
00000000  __TI_static_base__            
000022e1  __TI_zero_init                
00000fcb  __aeabi_idiv0                 
00002319  __aeabi_memclr                
00002319  __aeabi_memclr4               
00002319  __aeabi_memclr8               
00002331  __aeabi_memcpy                
00002331  __aeabi_memcpy4               
00002331  __aeabi_memcpy8               
00001d81  __aeabi_uidiv                 
00001d81  __aeabi_uidivmod              
ffffffff  __binit__                     
UNDEFED   __mpu_init                    
20207e00  __stack                       
20200000  __start___llvm_prf_bits       
20200000  __start___llvm_prf_cnts       
20200000  __stop___llvm_prf_bits        
20200000  __stop___llvm_prf_cnts        
00002109  _c_int00_noargs               
UNDEFED   _system_post_cinit            
00002347  _system_pre_init              
00002339  abort                         
ffffffff  binit                         
00001add  fillmessage                   
00000000  interruptVectors              
20203918  isLaunched                    
00001671  main                          
20203194  secretTimeMs                  
20203198  sr                            


GLOBAL SYMBOLS: SORTED BY Symbol Address 

address   name                          
-------   ----                          
00000000  __TI_ATRegion0_region_sz      
00000000  __TI_ATRegion0_src_addr       
00000000  __TI_ATRegion0_trg_addr       
00000000  __TI_ATRegion1_region_sz      
00000000  __TI_ATRegion1_src_addr       
00000000  __TI_ATRegion1_trg_addr       
00000000  __TI_ATRegion2_region_sz      
00000000  __TI_ATRegion2_src_addr       
00000000  __TI_ATRegion2_trg_addr       
00000000  __TI_static_base__            
00000000  interruptVectors              
000000c1  Clock_Init80MHz               
00000200  __STACK_SIZE                  
00000275  ST7735_DrawChar               
0000041d  UART_Init                     
00000555  ST7735_FillRect               
0000076d  ADC_Init                      
0000085d  SPI_Init                      
00000a11  ST7735_OutChar                
00000ae1  Logic_Init                    
00000bad  OS_Init                       
00000c79  OS_AddPeriodicThread          
00000d31  ADC_In                        
00000dd9  TimerG7_IntArm                
00000e81  TimerG8_IntArm                
00000fcb  __aeabi_idiv0                 
00000fcd  OS_bSignal                    
0000106d  TIMG7_IRQHandler              
00001109  ST7735_InitR                  
000011a1  TIMG8_IRQHandler              
00001239  OS_Launch                     
00001471  ST7735_DrawString             
000014f5  ST7735_OutUDec                
00001579  LaunchPad_Init                
000015f5  __TI_decompress_lzss          
00001671  main                          
000016e9  OS_AddThread                  
000017d1  OS_Kill                       
0000183d  OS_bWait                      
000018a5  TimerG12_IntArm               
0000190d  Fifo_Put                      
00001971  DisplayTemp                   
000019d1  UART0_IRQHandler              
00001a2d  RxFifo_Put                    
00001a85  TxFifo_Get                    
00001add  fillmessage                   
00001b31  Fifo_Get                      
00001bd0  OSDisableInterrupts           
00001bd4  OSEnableInterrupts            
00001bd8  StartCritical                 
00001be0  EndCritical                   
00001be6  StartOS                       
00001be9  PendSV_Handler                
00001c05  SVC_Handler                   
00001cb5  SPI_OutCommand                
00001cfd  OS_Sleep                      
00001d41  SPI_Reset                     
00001d81  __aeabi_uidiv                 
00001d81  __aeabi_uidivmod              
00001dc1  InputPolling                  
00001e75  __TI_auto_init_nobinit_nopinit
00001eb1  ActivatePortA_B               
00001ee9  SPI_OutData                   
00001f21  Clock_Delay1ms                
00001f55  Fifo_Init                     
00001f89  ST7735_SetCursor              
00001ff1  DASInit                       
00002085  DisplayInit                   
000020b1  DisplayStartMenu              
000020dd  ST7735_FillScreen             
00002109  _c_int00_noargs               
00002131  ST7735_OutString              
00002159  TxFifo_Init                   
0000217d  RxFifo_Init                   
000021bd  ADC0_IRQHandler               
000021bd  ADC1_IRQHandler               
000021bd  AES_IRQHandler                
000021bd  CANFD0_IRQHandler             
000021bd  DAC0_IRQHandler               
000021bd  DMA_IRQHandler                
000021bd  Default_Handler               
000021bd  GROUP0_IRQHandler             
000021bd  GROUP1_IRQHandler             
000021bd  I2C0_IRQHandler               
000021bd  I2C1_IRQHandler               
000021bd  NMI_Handler                   
000021bd  RTC_IRQHandler                
000021bd  SPI0_IRQHandler               
000021bd  SPI1_IRQHandler               
000021bd  TIMA0_IRQHandler              
000021bd  TIMA1_IRQHandler              
000021bd  TIMG0_IRQHandler              
000021bd  TIMG12_IRQHandler             
000021bd  TIMG6_IRQHandler              
000021bd  UART1_IRQHandler              
000021bd  UART2_IRQHandler              
000021bd  UART3_IRQHandler              
000021d9  HardFault_Handler             
000021f5  OS_ClearMsTime                
00002211  TxFifo_Size                   
00002229  DAS                           
00002241  OS_Suspend                    
00002255  OS_Time                       
00002269  SysTick_Handler               
0000227d  TI_memcpy_small               
0000228f  __TI_decompress_none          
000022a1  Clock_Delay                   
000022b1  Delay                         
000022c1  HeartBeat                     
000022d1  OS_InitSemaphore              
000022e1  __TI_zero_init                
000022f1  TI_memset_small               
00002301  Clock_Freq                    
0000230d  OS_MsTime                     
00002319  __aeabi_memclr                
00002319  __aeabi_memclr4               
00002319  __aeabi_memclr8               
00002331  __aeabi_memcpy                
00002331  __aeabi_memcpy4               
00002331  __aeabi_memcpy8               
00002339  abort                         
0000233e  C$$EXIT                       
0000233f  HOSTexit                      
00002343  Reset_Handler                 
00002347  _system_pre_init              
000029e0  __TI_Handler_Table_Base       
000029ec  __TI_Handler_Table_Limit      
000029f4  __TI_CINIT_Base               
00002a04  __TI_CINIT_Limit              
00002a04  __TI_CINIT_Warm               
20200000  THREAD_CONTROL_BLOCKS         
20200000  __start___llvm_prf_bits       
20200000  __start___llvm_prf_cnts       
20200000  __stop___llvm_prf_bits        
20200000  __stop___llvm_prf_cnts        
20202968  PookieTCB                     
20203124  RxFifoEmpty                   
20203134  TCBQueueSemaphore             
20203144  TxFifoFull                    
20203154  Message                       
20203164  LCD_Mutex                     
20203168  Messageindex                  
2020316c  NextThreadPt                  
20203170  NumPeriodicThreads            
20203174  PTaskIdx                      
20203178  RunPt                         
2020317c  RxGetI                        
20203180  RxPutI                        
20203184  SleepyThreadsHead             
20203188  TimeMs                        
2020318c  TxGetI                        
20203190  TxPutI                        
20203194  secretTimeMs                  
20203198  sr                            
202031a0  PTaskSchedule                 
20203890  Scheduler                     
202038dc  TcbFifo                       
20203908  BusFreq                       
2020390c  StX                           
20203910  StY                           
20203918  isLaunched                    
2020391c  StTextColor                   
20207e00  __stack                       
20208000  __STACK_END                   
ffffffff  __TI_pprof_out_hndl           
ffffffff  __TI_prof_data_size           
ffffffff  __TI_prof_data_start          
ffffffff  __binit__                     
ffffffff  binit                         
UNDEFED   __mpu_init                    
UNDEFED   _system_post_cinit            

[171 symbols]
