******************************************************************************
            TI ARM Clang Linker PC v4.0.4                      
******************************************************************************
>> Linked Wed Mar  4 15:44:34 2026

OUTPUT FILE NAME:   <SwanGanz.out>
ENTRY POINT SYMBOL: "_c_int00_noargs"  address: 00002185


MEMORY CONFIGURATION

         name            origin    length      used     unused   attr    fill
----------------------  --------  ---------  --------  --------  ----  --------
  FLASH                 00000000   00020000  00002a20  0001d5e0  R  X
  SRAM                  20200000   00008000  00003c15  000043eb  RW X
  BCR_CONFIG            41c00000   000000ff  00000000  000000ff  R   
  BSL_CONFIG            41c00100   00000080  00000000  00000080  R   


SEGMENT ALLOCATION MAP

run origin  load origin   length   init length attrs members
----------  ----------- ---------- ----------- ----- -------
00000000    00000000    00002a20   00002a20    r-x
  00000000    00000000    000000c0   000000c0    r-- .intvecs
  000000c0    000000c0    000022e8   000022e8    r-x .text
  000023a8    000023a8    00000610   00000610    r-- .rodata
  000029b8    000029b8    00000068   00000068    r-- .cinit
20200000    20200000    00003a16   00000000    rw-
  20200000    20200000    00003293   00000000    rw- .bss
  20203294    20203294    00000782   00000000    rw- .data
20207e00    20207e00    00000200   00000000    rw-
  20207e00    20207e00    00000200   00000000    rw- .stack


SECTION ALLOCATION MAP

 output                                  attributes/
section   page    origin      length       input sections
--------  ----  ----------  ----------   ----------------
.intvecs   0    00000000    000000c0     
                  00000000    000000c0     startup_mspm0g350x_ticlang.o (.intvecs)

.text      0    000000c0    000022e8     
                  000000c0    000001b4     Clock.o (.text.Clock_Init80MHz)
                  00000274    000001a8     ST7735.o (.text.ST7735_DrawChar)
                  0000041c    00000138     RTOS_UARTints.o (.text.UART_Init)
                  00000554    00000118     ST7735.o (.text.ST7735_FillRect)
                  0000066c    00000100     OS.o (.text.RemoveRunThreadList)
                  0000076c    000000f0     ADC.o (.text.ADC_Init)
                  0000085c    000000e4     SPI.o (.text.SPI_Init)
                  00000940    000000d0     OS.o (.text.InsertSleepyThread)
                  00000a10    000000d0     ST7735.o (.text.ST7735_OutChar)
                  00000ae0    000000cc     main.o (.text.Logic_Init)
                  00000bac    000000cc     OS.o (.text.OS_Init)
                  00000c78    000000b8     OS.o (.text.OS_AddPeriodicThread)
                  00000d30    000000a8     ADC.o (.text.ADC_In)
                  00000dd8    000000a8     Timer.o (.text.TimerG7_IntArm)
                  00000e80    000000a8     Timer.o (.text.TimerG8_IntArm)
                  00000f28    000000a2     ST7735.o (.text.commandList)
                  00000fca    00000002     libclang_rt.builtins.a : aeabi_div0.c.obj (.text.__aeabi_idiv0)
                  00000fcc    000000a0     OS.o (.text.OS_bSignal)
                  0000106c    0000009c     OS.o (.text.TIMG7_IRQHandler)
                  00001108    00000098     ST7735.o (.text.ST7735_InitR)
                  000011a0    00000098     OS.o (.text.TIMG8_IRQHandler)
                  00001238    00000094     Display.o (.text.DisplayAll)
                  000012cc    00000094     OS.o (.text.OS_Launch)
                  00001360    0000008c     OS.o (.text.InsertRunThreadList)
                  000013ec    00000088     ST7735.o (.text.setAddrWindow)
                  00001474    00000084     ST7735.o (.text.ST7735_DrawString)
                  000014f8    00000084     ST7735.o (.text.ST7735_OutUDec)
                  0000157c    0000007c     LaunchPad.o (.text.LaunchPad_Init)
                  000015f8    0000007c     libc.a : copy_decompress_lzss.c.obj (.text:decompress:lzss)
                  00001674    00000078     OS.o (.text.OS_Scheduler)
                  000016ec    00000078     main.o (.text.main)
                  00001764    00000074     OS.o (.text.OS_AddThread)
                  000017d8    0000006c     DAS.o (.text.InputPolling)
                  00001844    0000006c     OS.o (.text.OS_Kill)
                  000018b0    00000068     Display.o (.text.DisplayTemp)
                  00001918    00000068     OS.o (.text.OS_bWait)
                  00001980    00000068     Timer.o (.text.TimerG12_IntArm)
                  000019e8    00000060     FIFO.o (.text.Fifo_Put)
                  00001a48    0000005c     RTOS_UARTints.o (.text.UART0_IRQHandler)
                  00001aa4    00000058     RTOS_FIFO.o (.text.RxFifo_Put)
                  00001afc    00000058     RTOS_FIFO.o (.text.TxFifo_Get)
                  00001b54    00000054     ST7735.o (.text.fillmessage)
                  00001ba8    00000050     OS.o (.text.GetHighestPriority)
                  00001bf8    00000050     osasm.o (.text)
                  00001c48    0000004c     FIFO.o (.text.Fifo_Get)
                  00001c94    0000004c     RTOS_UARTints.o (.text.copySoftwareToHardware)
                  00001ce0    00000048     OS.o (.text.InsertBlockedList)
                  00001d28    00000048     SPI.o (.text.SPI_OutCommand)
                  00001d70    00000044     OS.o (.text.OS_Sleep)
                  00001db4    00000040     Display.o (.text.DisplayStartMenu)
                  00001df4    00000040     SPI.o (.text.SPI_Reset)
                  00001e34    00000040     libclang_rt.builtins.a : aeabi_uidivmod.S.obj (.text.__aeabi_uidivmod)
                  00001e74    0000003c     OS.o (.text.TcbFifoInit)
                  00001eb0    0000003c     OS.o (.text.TcbFifoPut)
                  00001eec    0000003c     libc.a : autoinit.c.obj (.text:__TI_auto_init_nobinit_nopinit)
                  00001f28    00000038     LaunchPad.o (.text.ActivatePortA_B)
                  00001f60    00000038     SPI.o (.text.SPI_OutData)
                  00001f98    00000034     Clock.o (.text.Clock_Delay1ms)
                  00001fcc    00000034     DAS.o (.text.DAS)
                  00002000    00000034     ST7735.o (.text.ST7735_SetCursor)
                  00002034    00000034     OS.o (.text.TcbFifoGet)
                  00002068    00000032     DAS.o (.text.DASInit)
                  0000209a    00000002     --HOLE-- [fill = 0]
                  0000209c    00000030     FIFO.o (.text.Fifo_Init)
                  000020cc    00000030     ST7735.o (.text.commonInit)
                  000020fc    00000030     RTOS_UARTints.o (.text.copyHardwareToSoftware)
                  0000212c    0000002c     Display.o (.text.DisplayInit)
                  00002158    0000002c     ST7735.o (.text.ST7735_FillScreen)
                  00002184    00000028     libc.a : boot_cortex_m.c.obj (.text:_c_int00_noargs)
                  000021ac    00000026     ST7735.o (.text.ST7735_OutString)
                  000021d2    00000002     --HOLE-- [fill = 0]
                  000021d4    00000024     RTOS_FIFO.o (.text.TxFifo_Init)
                  000021f8    00000020     RTOS_FIFO.o (.text.RxFifo_Init)
                  00002218    0000001e     ST7735.o (.text.pushColor)
                  00002236    00000002     --HOLE-- [fill = 0]
                  00002238    0000001c     startup_mspm0g350x_ticlang.o (.text.Default_Handler)
                  00002254    0000001c     startup_mspm0g350x_ticlang.o (.text.HardFault_Handler)
                  00002270    0000001c     OS.o (.text.OS_ClearMsTime)
                  0000228c    00000018     RTOS_FIFO.o (.text.TxFifo_Size)
                  000022a4    00000014     OS.o (.text.OS_Suspend)
                  000022b8    00000014     OS.o (.text.OS_Time)
                  000022cc    00000014     OS.o (.text.SysTick_Handler)
                  000022e0    00000012     libc.a : memcpy16.S.obj (.text:TI_memcpy_small)
                  000022f2    00000012            : copy_decompress_none.c.obj (.text:decompress:none)
                  00002304    00000010     Clock.o (.text.Clock_Delay)
                  00002314    00000010     LaunchPad.o (.text.Delay)
                  00002324    00000010     DAS.o (.text.HeartBeat)
                  00002334    00000010     OS.o (.text.OS_InitSemaphore)
                  00002344    00000010     libc.a : copy_zero_init.c.obj (.text:decompress:ZI)
                  00002354    0000000e            : memset16.S.obj (.text:TI_memset_small)
                  00002362    00000002     --HOLE-- [fill = 0]
                  00002364    0000000c     Clock.o (.text.Clock_Freq)
                  00002370    0000000c     OS.o (.text.OS_MsTime)
                  0000237c    0000000c     libclang_rt.builtins.a : aeabi_memset.S.obj (.text.__aeabi_memclr)
                  00002388    00000008                            : aeabi_memcpy.S.obj (.text.__aeabi_memcpy)
                  00002390    00000006     libc.a : exit.c.obj (.text:abort)
                  00002396    00000004     libsysbm.a : hostexit.c.obj (.text.HOSTexit)
                  0000239a    00000004     main.o (.text.IdleThread)
                  0000239e    00000004     startup_mspm0g350x_ticlang.o (.text.Reset_Handler)
                  000023a2    00000004     libc.a : pre_init.c.obj (.text._system_pre_init)
                  000023a6    00000002     --HOLE-- [fill = 0]

.cinit     0    000029b8    00000068     
                  000029b8    0000003f     (.cinit..data.load) [load image, compression = lzss]
                  000029f7    00000001     --HOLE-- [fill = 0]
                  000029f8    0000000c     (__TI_handler_table)
                  00002a04    00000008     (.cinit..bss.load) [load image, compression = zero_init]
                  00002a0c    00000010     (__TI_cinit_table)
                  00002a1c    00000004     --HOLE-- [fill = 0]

.rodata    0    000023a8    00000610     
                  000023a8    000004fb     ST7735.o (.rodata.Font)
                  000028a3    0000003b     ST7735.o (.rodata.Rcmd1)
                  000028de    0000002b     ST7735.o (.rodata.Rcmd3)
                  00002909    00000026     Display.o (.rodata.str1.12586329761307692536.1)
                  0000292f    00000001     --HOLE-- [fill = 0]
                  00002930    00000018     Display.o (.rodata..L__const.DisplayAll.messages)
                  00002948    00000016     Display.o (.rodata.str1.1805084626193097879.1)
                  0000295e    00000016     ST7735.o (.rodata.str1.2132471336006292093.1)
                  00002974    0000000d     ST7735.o (.rodata.Rcmd2green)
                  00002981    0000000d     ST7735.o (.rodata.Rcmd2red)
                  0000298e    00000008     Display.o (.rodata.str1.15820903164514404521.1)
                  00002996    00000007     Display.o (.rodata.str1.17077673295598305367.1)
                  0000299d    00000006     Display.o (.rodata.str1.11117414041277270069.1)
                  000029a3    00000006     Display.o (.rodata.str1.12737445797831605391.1)
                  000029a9    00000006     Display.o (.rodata.str1.185770367072186849.1)
                  000029af    00000006     Display.o (.rodata.str1.3522108666087863248.1)
                  000029b5    00000003     --HOLE-- [fill = 0]

.init_array 
*          0    00000000    00000000     UNINITIALIZED

.binit     0    00000000    00000000     

.bss       0    20200000    00003293     UNINITIALIZED
                  20200000    00002968     (.common:THREAD_CONTROL_BLOCKS)
                  20202968    00000428     (.common:Fifos)
                  20202d90    00000424     (.common:PookieTCB)
                  202031b4    00000040     RTOS_FIFO.o (.bss.TxFifo)
                  202031f4    00000010     RTOS_FIFO.o (.bss.RxFifo)
                  20203204    00000010     (.common:LCD_Mutex)
                  20203214    00000010     (.common:RxFifoEmpty)
                  20203224    00000010     (.common:TCBQueueSemaphore)
                  20203234    00000010     (.common:TxFifoFull)
                  20203244    0000000c     (.common:Message)
                  20203250    00000004     Display.o (.bss.input)
                  20203254    00000004     (.common:Messageindex)
                  20203258    00000004     (.common:NextThreadPt)
                  2020325c    00000004     (.common:NumPeriodicThreads)
                  20203260    00000004     (.common:PTaskIdx)
                  20203264    00000004     (.common:PrevEnter)
                  20203268    00000004     (.common:PrevMode)
                  2020326c    00000004     (.common:RunPt)
                  20203270    00000004     (.common:RxGetI)
                  20203274    00000004     (.common:RxPutI)
                  20203278    00000004     (.common:SleepyThreadsHead)
                  2020327c    00000004     (.common:TimeMs)
                  20203280    00000004     (.common:TxGetI)
                  20203284    00000004     (.common:TxPutI)
                  20203288    00000004     (.common:secretTimeMs)
                  2020328c    00000004     (.common:sr)
                  20203290    00000001     ST7735.o (.bss.ColStart)
                  20203291    00000001     ST7735.o (.bss.RowStart)
                  20203292    00000001     ST7735.o (.bss.TabColor)

.data      0    20203294    00000782     UNINITIALIZED
                  20203294    000006f0     OS.o (.data.PTaskSchedule)
                  20203984    0000004c     OS.o (.data.Scheduler)
                  202039d0    0000002c     OS.o (.data.TcbFifo)
                  202039fc    00000004     Clock.o (.data.BusFreq)
                  20203a00    00000004     ST7735.o (.data.StX)
                  20203a04    00000004     ST7735.o (.data.StY)
                  20203a08    00000004     OS.o (.data.ThreadIdCounter)
                  20203a0c    00000004     OS.o (.data.isLaunched)
                  20203a10    00000002     ST7735.o (.data.StTextColor)
                  20203a12    00000002     ST7735.o (.data._height)
                  20203a14    00000002     ST7735.o (.data._width)

.stack     0    20207e00    00000200     UNINITIALIZED
                  20207e00    00000004     libc.a : boot_cortex_m.c.obj (.stack)
                  20207e04    000001fc     --HOLE--

__llvm_prf_cnts 
*          0    20200000    00000000     UNINITIALIZED

__llvm_prf_bits 
*          0    20200000    00000000     UNINITIALIZED

MODULE SUMMARY

       Module                         code   ro data   rw data
       ------                         ----   -------   -------
    .\
       OS.o                           2564   0         13612  
       FIFO.o                         220    0         1064   
       Display.o                      360    123       20     
       main.o                         328    0         0      
       startup_mspm0g350x_ticlang.o   60     192       0      
       DAS.o                          226    0         8      
       osasm.o                        80     0         0      
    +--+------------------------------+------+---------+---------+
       Total:                         3838   315       14704  
                                                              
    .\inc\
       ST7735.o                       1922   1425      33     
       RTOS_UARTints.o                528    0         0      
       Clock.o                        516    0         4      
       Timer.o                        440    0         0      
       SPI.o                          420    0         0      
       ADC.o                          408    0         0      
       RTOS_FIFO.o                    268    0         128    
       LaunchPad.o                    196    0         0      
    +--+------------------------------+------+---------+---------+
       Total:                         4698   1425      165    
                                                              
    C:\ti\ccs2040\ccs\tools\compiler\ti-cgt-armllvm_4.0.4.LTS\lib\armv6m-ti-none-eabi/c/libc.a
       copy_decompress_lzss.c.obj     124    0         0      
       autoinit.c.obj                 60     0         0      
       boot_cortex_m.c.obj            40     0         0      
       copy_decompress_none.c.obj     18     0         0      
       memcpy16.S.obj                 18     0         0      
       copy_zero_init.c.obj           16     0         0      
       memset16.S.obj                 14     0         0      
       exit.c.obj                     6      0         0      
       pre_init.c.obj                 4      0         0      
    +--+------------------------------+------+---------+---------+
       Total:                         300    0         0      
                                                              
    C:\ti\ccs2040\ccs\tools\compiler\ti-cgt-armllvm_4.0.4.LTS\lib\armv6m-ti-none-eabi/c/libsysbm.a
       hostexit.c.obj                 4      0         0      
    +--+------------------------------+------+---------+---------+
       Total:                         4      0         0      
                                                              
    C:\ti\ccs2040\ccs\tools\compiler\ti-cgt-armllvm_4.0.4.LTS\lib\armv6m-ti-none-eabi/libclang_rt.builtins.a
       aeabi_uidivmod.S.obj           64     0         0      
       aeabi_memset.S.obj             12     0         0      
       aeabi_memcpy.S.obj             8      0         0      
       aeabi_div0.c.obj               2      0         0      
    +--+------------------------------+------+---------+---------+
       Total:                         86     0         0      
                                                              
       Stack:                         0      0         512    
       Linker Generated:              0      99        0      
    +--+------------------------------+------+---------+---------+
       Grand Total:                   8926   1839      15381  


LINKER GENERATED COPY TABLES

__TI_cinit_table @ 00002a0c records: 2, size/record: 8, table size: 16
	.data: load addr=000029b8, load size=0000003f bytes, run addr=20203294, run size=00000782 bytes, compression=lzss
	.bss: load addr=00002a04, load size=00000008 bytes, run addr=20200000, run size=00003293 bytes, compression=zero_init


LINKER GENERATED HANDLER TABLE

__TI_handler_table @ 000029f8 records: 3, size/record: 4, table size: 12
	index: 0, handler: __TI_decompress_lzss
	index: 1, handler: __TI_decompress_none
	index: 2, handler: __TI_zero_init


GLOBAL SYMBOLS: SORTED ALPHABETICALLY BY Name 

address   name                          
-------   ----                          
00002239  ADC0_IRQHandler               
00002239  ADC1_IRQHandler               
00000d31  ADC_In                        
0000076d  ADC_Init                      
00002239  AES_IRQHandler                
00001f29  ActivatePortA_B               
202039fc  BusFreq                       
00002396  C$$EXIT                       
00002239  CANFD0_IRQHandler             
00002305  Clock_Delay                   
00001f99  Clock_Delay1ms                
00002365  Clock_Freq                    
000000c1  Clock_Init80MHz               
00002239  DAC0_IRQHandler               
00001fcd  DAS                           
00002069  DASInit                       
00002239  DMA_IRQHandler                
00002239  Default_Handler               
00002315  Delay                         
0000212d  DisplayInit                   
00001db5  DisplayStartMenu              
000018b1  DisplayTemp                   
00001c08  EndCritical                   
00001c49  Fifo_Get                      
0000209d  Fifo_Init                     
000019e9  Fifo_Put                      
20202968  Fifos                         
00002239  GROUP0_IRQHandler             
00002239  GROUP1_IRQHandler             
00002397  HOSTexit                      
00002255  HardFault_Handler             
00002325  HeartBeat                     
00002239  I2C0_IRQHandler               
00002239  I2C1_IRQHandler               
000017d9  InputPolling                  
20203204  LCD_Mutex                     
0000157d  LaunchPad_Init                
00000ae1  Logic_Init                    
20203244  Message                       
20203254  Messageindex                  
00002239  NMI_Handler                   
20203258  NextThreadPt                  
2020325c  NumPeriodicThreads            
00001bf8  OSDisableInterrupts           
00001bfc  OSEnableInterrupts            
00000c79  OS_AddPeriodicThread          
00001765  OS_AddThread                  
00002271  OS_ClearMsTime                
00000bad  OS_Init                       
00002335  OS_InitSemaphore              
00001845  OS_Kill                       
000012cd  OS_Launch                     
00002371  OS_MsTime                     
00001d71  OS_Sleep                      
000022a5  OS_Suspend                    
000022b9  OS_Time                       
00000fcd  OS_bSignal                    
00001919  OS_bWait                      
20203260  PTaskIdx                      
20203294  PTaskSchedule                 
00001c11  PendSV_Handler                
20202d90  PookieTCB                     
20203264  PrevEnter                     
20203268  PrevMode                      
00002239  RTC_IRQHandler                
0000239f  Reset_Handler                 
2020326c  RunPt                         
20203214  RxFifoEmpty                   
000021f9  RxFifo_Init                   
00001aa5  RxFifo_Put                    
20203270  RxGetI                        
20203274  RxPutI                        
00002239  SPI0_IRQHandler               
00002239  SPI1_IRQHandler               
0000085d  SPI_Init                      
00001d29  SPI_OutCommand                
00001f61  SPI_OutData                   
00001df5  SPI_Reset                     
00000275  ST7735_DrawChar               
00001475  ST7735_DrawString             
00000555  ST7735_FillRect               
00002159  ST7735_FillScreen             
00001109  ST7735_InitR                  
00000a11  ST7735_OutChar                
000021ad  ST7735_OutString              
000014f9  ST7735_OutUDec                
00002001  ST7735_SetCursor              
00001c2d  SVC_Handler                   
20203984  Scheduler                     
20203278  SleepyThreadsHead             
20203a10  StTextColor                   
20203a00  StX                           
20203a04  StY                           
00001c00  StartCritical                 
00001c0e  StartOS                       
000022cd  SysTick_Handler               
20203224  TCBQueueSemaphore             
20200000  THREAD_CONTROL_BLOCKS         
00002239  TIMA0_IRQHandler              
00002239  TIMA1_IRQHandler              
00002239  TIMG0_IRQHandler              
00002239  TIMG12_IRQHandler             
00002239  TIMG6_IRQHandler              
0000106d  TIMG7_IRQHandler              
000011a1  TIMG8_IRQHandler              
000022e1  TI_memcpy_small               
00002355  TI_memset_small               
202039d0  TcbFifo                       
2020327c  TimeMs                        
00001981  TimerG12_IntArm               
00000dd9  TimerG7_IntArm                
00000e81  TimerG8_IntArm                
20203234  TxFifoFull                    
00001afd  TxFifo_Get                    
000021d5  TxFifo_Init                   
0000228d  TxFifo_Size                   
20203280  TxGetI                        
20203284  TxPutI                        
00001a49  UART0_IRQHandler              
00002239  UART1_IRQHandler              
00002239  UART2_IRQHandler              
00002239  UART3_IRQHandler              
0000041d  UART_Init                     
20208000  __STACK_END                   
00000200  __STACK_SIZE                  
00000000  __TI_ATRegion0_region_sz      
00000000  __TI_ATRegion0_src_addr       
00000000  __TI_ATRegion0_trg_addr       
00000000  __TI_ATRegion1_region_sz      
00000000  __TI_ATRegion1_src_addr       
00000000  __TI_ATRegion1_trg_addr       
00000000  __TI_ATRegion2_region_sz      
00000000  __TI_ATRegion2_src_addr       
00000000  __TI_ATRegion2_trg_addr       
00002a0c  __TI_CINIT_Base               
00002a1c  __TI_CINIT_Limit              
00002a1c  __TI_CINIT_Warm               
000029f8  __TI_Handler_Table_Base       
00002a04  __TI_Handler_Table_Limit      
00001eed  __TI_auto_init_nobinit_nopinit
000015f9  __TI_decompress_lzss          
000022f3  __TI_decompress_none          
ffffffff  __TI_pprof_out_hndl           
ffffffff  __TI_prof_data_size           
ffffffff  __TI_prof_data_start          
00000000  __TI_static_base__            
00002345  __TI_zero_init                
00000fcb  __aeabi_idiv0                 
0000237d  __aeabi_memclr                
0000237d  __aeabi_memclr4               
0000237d  __aeabi_memclr8               
00002389  __aeabi_memcpy                
00002389  __aeabi_memcpy4               
00002389  __aeabi_memcpy8               
00001e35  __aeabi_uidiv                 
00001e35  __aeabi_uidivmod              
ffffffff  __binit__                     
UNDEFED   __mpu_init                    
20207e00  __stack                       
20200000  __start___llvm_prf_bits       
20200000  __start___llvm_prf_cnts       
20200000  __stop___llvm_prf_bits        
20200000  __stop___llvm_prf_cnts        
00002185  _c_int00_noargs               
UNDEFED   _system_post_cinit            
000023a3  _system_pre_init              
00002391  abort                         
ffffffff  binit                         
00001b55  fillmessage                   
00000000  interruptVectors              
20203a0c  isLaunched                    
000016ed  main                          
20203288  secretTimeMs                  
2020328c  sr                            


GLOBAL SYMBOLS: SORTED BY Symbol Address 

address   name                          
-------   ----                          
00000000  __TI_ATRegion0_region_sz      
00000000  __TI_ATRegion0_src_addr       
00000000  __TI_ATRegion0_trg_addr       
00000000  __TI_ATRegion1_region_sz      
00000000  __TI_ATRegion1_src_addr       
00000000  __TI_ATRegion1_trg_addr       
00000000  __TI_ATRegion2_region_sz      
00000000  __TI_ATRegion2_src_addr       
00000000  __TI_ATRegion2_trg_addr       
00000000  __TI_static_base__            
00000000  interruptVectors              
000000c1  Clock_Init80MHz               
00000200  __STACK_SIZE                  
00000275  ST7735_DrawChar               
0000041d  UART_Init                     
00000555  ST7735_FillRect               
0000076d  ADC_Init                      
0000085d  SPI_Init                      
00000a11  ST7735_OutChar                
00000ae1  Logic_Init                    
00000bad  OS_Init                       
00000c79  OS_AddPeriodicThread          
00000d31  ADC_In                        
00000dd9  TimerG7_IntArm                
00000e81  TimerG8_IntArm                
00000fcb  __aeabi_idiv0                 
00000fcd  OS_bSignal                    
0000106d  TIMG7_IRQHandler              
00001109  ST7735_InitR                  
000011a1  TIMG8_IRQHandler              
000012cd  OS_Launch                     
00001475  ST7735_DrawString             
000014f9  ST7735_OutUDec                
0000157d  LaunchPad_Init                
000015f9  __TI_decompress_lzss          
000016ed  main                          
00001765  OS_AddThread                  
000017d9  InputPolling                  
00001845  OS_Kill                       
000018b1  DisplayTemp                   
00001919  OS_bWait                      
00001981  TimerG12_IntArm               
000019e9  Fifo_Put                      
00001a49  UART0_IRQHandler              
00001aa5  RxFifo_Put                    
00001afd  TxFifo_Get                    
00001b55  fillmessage                   
00001bf8  OSDisableInterrupts           
00001bfc  OSEnableInterrupts            
00001c00  StartCritical                 
00001c08  EndCritical                   
00001c0e  StartOS                       
00001c11  PendSV_Handler                
00001c2d  SVC_Handler                   
00001c49  Fifo_Get                      
00001d29  SPI_OutCommand                
00001d71  OS_Sleep                      
00001db5  DisplayStartMenu              
00001df5  SPI_Reset                     
00001e35  __aeabi_uidiv                 
00001e35  __aeabi_uidivmod              
00001eed  __TI_auto_init_nobinit_nopinit
00001f29  ActivatePortA_B               
00001f61  SPI_OutData                   
00001f99  Clock_Delay1ms                
00001fcd  DAS                           
00002001  ST7735_SetCursor              
00002069  DASInit                       
0000209d  Fifo_Init                     
0000212d  DisplayInit                   
00002159  ST7735_FillScreen             
00002185  _c_int00_noargs               
000021ad  ST7735_OutString              
000021d5  TxFifo_Init                   
000021f9  RxFifo_Init                   
00002239  ADC0_IRQHandler               
00002239  ADC1_IRQHandler               
00002239  AES_IRQHandler                
00002239  CANFD0_IRQHandler             
00002239  DAC0_IRQHandler               
00002239  DMA_IRQHandler                
00002239  Default_Handler               
00002239  GROUP0_IRQHandler             
00002239  GROUP1_IRQHandler             
00002239  I2C0_IRQHandler               
00002239  I2C1_IRQHandler               
00002239  NMI_Handler                   
00002239  RTC_IRQHandler                
00002239  SPI0_IRQHandler               
00002239  SPI1_IRQHandler               
00002239  TIMA0_IRQHandler              
00002239  TIMA1_IRQHandler              
00002239  TIMG0_IRQHandler              
00002239  TIMG12_IRQHandler             
00002239  TIMG6_IRQHandler              
00002239  UART1_IRQHandler              
00002239  UART2_IRQHandler              
00002239  UART3_IRQHandler              
00002255  HardFault_Handler             
00002271  OS_ClearMsTime                
0000228d  TxFifo_Size                   
000022a5  OS_Suspend                    
000022b9  OS_Time                       
000022cd  SysTick_Handler               
000022e1  TI_memcpy_small               
000022f3  __TI_decompress_none          
00002305  Clock_Delay                   
00002315  Delay                         
00002325  HeartBeat                     
00002335  OS_InitSemaphore              
00002345  __TI_zero_init                
00002355  TI_memset_small               
00002365  Clock_Freq                    
00002371  OS_MsTime                     
0000237d  __aeabi_memclr                
0000237d  __aeabi_memclr4               
0000237d  __aeabi_memclr8               
00002389  __aeabi_memcpy                
00002389  __aeabi_memcpy4               
00002389  __aeabi_memcpy8               
00002391  abort                         
00002396  C$$EXIT                       
00002397  HOSTexit                      
0000239f  Reset_Handler                 
000023a3  _system_pre_init              
000029f8  __TI_Handler_Table_Base       
00002a04  __TI_Handler_Table_Limit      
00002a0c  __TI_CINIT_Base               
00002a1c  __TI_CINIT_Limit              
00002a1c  __TI_CINIT_Warm               
20200000  THREAD_CONTROL_BLOCKS         
20200000  __start___llvm_prf_bits       
20200000  __start___llvm_prf_cnts       
20200000  __stop___llvm_prf_bits        
20200000  __stop___llvm_prf_cnts        
20202968  Fifos                         
20202d90  PookieTCB                     
20203204  LCD_Mutex                     
20203214  RxFifoEmpty                   
20203224  TCBQueueSemaphore             
20203234  TxFifoFull                    
20203244  Message                       
20203254  Messageindex                  
20203258  NextThreadPt                  
2020325c  NumPeriodicThreads            
20203260  PTaskIdx                      
20203264  PrevEnter                     
20203268  PrevMode                      
2020326c  RunPt                         
20203270  RxGetI                        
20203274  RxPutI                        
20203278  SleepyThreadsHead             
2020327c  TimeMs                        
20203280  TxGetI                        
20203284  TxPutI                        
20203288  secretTimeMs                  
2020328c  sr                            
20203294  PTaskSchedule                 
20203984  Scheduler                     
202039d0  TcbFifo                       
202039fc  BusFreq                       
20203a00  StX                           
20203a04  StY                           
20203a0c  isLaunched                    
20203a10  StTextColor                   
20207e00  __stack                       
20208000  __STACK_END                   
ffffffff  __TI_pprof_out_hndl           
ffffffff  __TI_prof_data_size           
ffffffff  __TI_prof_data_start          
ffffffff  __binit__                     
ffffffff  binit                         
UNDEFED   __mpu_init                    
UNDEFED   _system_post_cinit            

[174 symbols]
