******************************************************************************
            TI ARM Clang Linker Unix v4.0.4                    
******************************************************************************
>> Linked Sat Feb 21 18:13:24 2026

OUTPUT FILE NAME:   <SwanGanz.out>
ENTRY POINT SYMBOL: "_c_int00_noargs"  address: 0000070d


MEMORY CONFIGURATION

         name            origin    length      used     unused   attr    fill
----------------------  --------  ---------  --------  --------  ----  --------
  FLASH                 00000000   00020000  00000800  0001f800  R  X
  SRAM                  20200000   00008000  0000026c  00007d94  RW X
  BCR_CONFIG            41c00000   000000ff  00000000  000000ff  R   
  BSL_CONFIG            41c00100   00000080  00000000  00000080  R   


SEGMENT ALLOCATION MAP

run origin  load origin   length   init length attrs members
----------  ----------- ---------- ----------- ----- -------
00000000    00000000    00000800   00000800    r-x
  00000000    00000000    000000c0   000000c0    r-- .intvecs
  000000c0    000000c0    00000710   00000710    r-x .text
  000007d0    000007d0    00000030   00000030    r-- .cinit
20200000    20200000    0000006c   00000000    rw-
  20200000    20200000    00000068   00000000    rw- .bss
  20200068    20200068    00000004   00000000    rw- .data
20207e00    20207e00    00000200   00000000    rw-
  20207e00    20207e00    00000200   00000000    rw- .stack


SECTION ALLOCATION MAP

 output                                  attributes/
section   page    origin      length       input sections
--------  ----  ----------  ----------   ----------------
.intvecs   0    00000000    000000c0     
                  00000000    000000c0     startup_mspm0g350x_ticlang.o (.intvecs)

.text      0    000000c0    00000710     
                  000000c0    00000168     Clock.o (.text.Clock_Init80MHz)
                  00000228    00000100     UARTints.o (.text.UART0_IRQHandler)
                  00000328    0000009a     libc.a : memcpy16.S.obj (.text:memcpy)
                  000003c2    00000002     startup_mspm0g350x_ticlang.o (.text.Default_Handler)
                  000003c4    00000088     ADC.o (.text.ADC_Init)
                  0000044c    0000007c     libc.a : copy_decompress_lzss.c.obj (.text:decompress:lzss)
                  000004c8    00000074     LaunchPad.o (.text.LaunchPad_Init)
                  0000053c    00000074     Timer.o (.text.TimerG0_IntArm)
                  000005b0    00000064     main.o (.text.main)
                  00000614    0000005c     DAS.o (.text.TIMG0_IRQHandler)
                  00000670    0000003c     libc.a : autoinit.c.obj (.text:__TI_auto_init_nobinit_nopinit)
                  000006ac    00000030     FIFO.o (.text.RxFifo_Put)
                  000006dc    00000030     FIFO.o (.text.TxFifo_Get)
                  0000070c    00000028     libc.a : boot_cortex_m.c.obj (.text:_c_int00_noargs)
                  00000734    00000018     DAS.o (.text.DAS_Init)
                  0000074c    00000018     FIFO.o (.text.RxFifo_Size)
                  00000764    00000018     FIFO.o (.text.TxFifo_Size)
                  0000077c    00000016     libc.a : copy_zero_init.c.obj (.text:decompress:ZI:__TI_zero_init_nomemset)
                  00000792    00000012            : copy_decompress_none.c.obj (.text:decompress:none)
                  000007a4    0000000a     Clock.o (.text.Clock_Delay)
                  000007ae    00000002     --HOLE-- [fill = 0]
                  000007b0    00000008     libclang_rt.builtins.a : aeabi_memcpy.S.obj (.text.__aeabi_memcpy)
                  000007b8    00000006     libc.a : exit.c.obj (.text:abort)
                  000007be    00000004     libsysbm.a : hostexit.c.obj (.text.HOSTexit)
                  000007c2    00000004     startup_mspm0g350x_ticlang.o (.text.Reset_Handler)
                  000007c6    00000004     libc.a : pre_init.c.obj (.text._system_pre_init)
                  000007ca    00000006     --HOLE-- [fill = 0]

.cinit     0    000007d0    00000030     
                  000007d0    0000000c     (__TI_handler_table)
                  000007dc    00000008     (.cinit..bss.load) [load image, compression = zero_init]
                  000007e4    00000008     (.cinit..data.load) [load image, compression = lzss]
                  000007ec    00000010     (__TI_cinit_table)
                  000007fc    00000004     --HOLE-- [fill = 0]

.init_array 
*          0    00000000    00000000     UNINITIALIZED

.binit     0    00000000    00000000     

.bss       0    20200000    00000068     UNINITIALIZED
                  20200000    00000040     FIFO.o (.bss.TxFifo)
                  20200040    00000010     FIFO.o (.bss.RxFifo)
                  20200050    00000004     (.common:RxGetI)
                  20200054    00000004     (.common:RxPutI)
                  20200058    00000004     (.common:TxGetI)
                  2020005c    00000004     (.common:TxPutI)
                  20200060    00000004     (.common:watchB0)
                  20200064    00000004     (.common:watchB1)

.data      0    20200068    00000004     UNINITIALIZED
                  20200068    00000004     Clock.o (.data.BusFreq)

.stack     0    20207e00    00000200     UNINITIALIZED
                  20207e00    00000004     libc.a : boot_cortex_m.c.obj (.stack)
                  20207e04    000001fc     --HOLE--

__llvm_prf_cnts 
*          0    20200000    00000000     UNINITIALIZED

__llvm_prf_bits 
*          0    20200000    00000000     UNINITIALIZED

MODULE SUMMARY

       Module                         code   ro data   rw data
       ------                         ----   -------   -------
    ./
       startup_mspm0g350x_ticlang.o   6      192       0      
       DAS.o                          116    0         8      
       main.o                         100    0         0      
    +--+------------------------------+------+---------+---------+
       Total:                         222    192       8      
                                                              
    ./inc/
       Clock.o                        370    0         4      
       UARTints.o                     256    0         0      
       FIFO.o                         144    0         96     
       ADC.o                          136    0         0      
       LaunchPad.o                    116    0         0      
       Timer.o                        116    0         0      
    +--+------------------------------+------+---------+---------+
       Total:                         1138   0         100    
                                                              
    /Applications/ti/ccs2040/ccs/tools/compiler/ti-cgt-armllvm_4.0.4.LTS/lib/armv6m-ti-none-eabi/c/libc.a
       memcpy16.S.obj                 154    0         0      
       copy_decompress_lzss.c.obj     124    0         0      
       autoinit.c.obj                 60     0         0      
       boot_cortex_m.c.obj            40     0         0      
       copy_zero_init.c.obj           22     0         0      
       copy_decompress_none.c.obj     18     0         0      
       exit.c.obj                     6      0         0      
       pre_init.c.obj                 4      0         0      
    +--+------------------------------+------+---------+---------+
       Total:                         428    0         0      
                                                              
    /Applications/ti/ccs2040/ccs/tools/compiler/ti-cgt-armllvm_4.0.4.LTS/lib/armv6m-ti-none-eabi/c/libsysbm.a
       hostexit.c.obj                 4      0         0      
    +--+------------------------------+------+---------+---------+
       Total:                         4      0         0      
                                                              
    /Applications/ti/ccs2040/ccs/tools/compiler/ti-cgt-armllvm_4.0.4.LTS/lib/armv6m-ti-none-eabi/libclang_rt.builtins.a
       aeabi_memcpy.S.obj             8      0         0      
    +--+------------------------------+------+---------+---------+
       Total:                         8      0         0      
                                                              
       Stack:                         0      0         512    
       Linker Generated:              0      44        0      
    +--+------------------------------+------+---------+---------+
       Grand Total:                   1800   236       620    


LINKER GENERATED COPY TABLES

__TI_cinit_table @ 000007ec records: 2, size/record: 8, table size: 16
	.bss: load addr=000007dc, load size=00000008 bytes, run addr=20200000, run size=00000068 bytes, compression=zero_init
	.data: load addr=000007e4, load size=00000008 bytes, run addr=20200068, run size=00000004 bytes, compression=lzss


LINKER GENERATED HANDLER TABLE

__TI_handler_table @ 000007d0 records: 3, size/record: 4, table size: 12
	index: 0, handler: __TI_decompress_lzss
	index: 1, handler: __TI_decompress_none
	index: 2, handler: __TI_zero_init


GLOBAL SYMBOLS: SORTED ALPHABETICALLY BY Name 

address   name                          
-------   ----                          
000003c3  ADC0_IRQHandler               
000003c3  ADC1_IRQHandler               
000003c5  ADC_Init                      
000003c3  AES_IRQHandler                
20200068  BusFreq                       
000007be  C$$EXIT                       
000003c3  CANFD0_IRQHandler             
000007a5  Clock_Delay                   
000000c1  Clock_Init80MHz               
000003c3  DAC0_IRQHandler               
00000735  DAS_Init                      
000003c3  DMA_IRQHandler                
000003c3  Default_Handler               
000003c3  GROUP0_IRQHandler             
000003c3  GROUP1_IRQHandler             
000007bf  HOSTexit                      
000003c3  HardFault_Handler             
000003c3  I2C0_IRQHandler               
000003c3  I2C1_IRQHandler               
000004c9  LaunchPad_Init                
000003c3  NMI_Handler                   
000003c3  PendSV_Handler                
000003c3  RTC_IRQHandler                
000007c3  Reset_Handler                 
000006ad  RxFifo_Put                    
0000074d  RxFifo_Size                   
20200050  RxGetI                        
20200054  RxPutI                        
000003c3  SPI0_IRQHandler               
000003c3  SPI1_IRQHandler               
000003c3  SVC_Handler                   
000003c3  SysTick_Handler               
000003c3  TIMA0_IRQHandler              
000003c3  TIMA1_IRQHandler              
00000615  TIMG0_IRQHandler              
000003c3  TIMG12_IRQHandler             
000003c3  TIMG6_IRQHandler              
000003c3  TIMG7_IRQHandler              
000003c3  TIMG8_IRQHandler              
0000053d  TimerG0_IntArm                
000006dd  TxFifo_Get                    
00000765  TxFifo_Size                   
20200058  TxGetI                        
2020005c  TxPutI                        
00000229  UART0_IRQHandler              
000003c3  UART1_IRQHandler              
000003c3  UART2_IRQHandler              
000003c3  UART3_IRQHandler              
20208000  __STACK_END                   
00000200  __STACK_SIZE                  
00000000  __TI_ATRegion0_region_sz      
00000000  __TI_ATRegion0_src_addr       
00000000  __TI_ATRegion0_trg_addr       
00000000  __TI_ATRegion1_region_sz      
00000000  __TI_ATRegion1_src_addr       
00000000  __TI_ATRegion1_trg_addr       
00000000  __TI_ATRegion2_region_sz      
00000000  __TI_ATRegion2_src_addr       
00000000  __TI_ATRegion2_trg_addr       
000007ec  __TI_CINIT_Base               
000007fc  __TI_CINIT_Limit              
000007fc  __TI_CINIT_Warm               
000007d0  __TI_Handler_Table_Base       
000007dc  __TI_Handler_Table_Limit      
00000671  __TI_auto_init_nobinit_nopinit
0000044d  __TI_decompress_lzss          
00000793  __TI_decompress_none          
ffffffff  __TI_pprof_out_hndl           
ffffffff  __TI_prof_data_size           
ffffffff  __TI_prof_data_start          
00000000  __TI_static_base__            
0000077d  __TI_zero_init_nomemset       
000007b1  __aeabi_memcpy                
000007b1  __aeabi_memcpy4               
000007b1  __aeabi_memcpy8               
ffffffff  __binit__                     
UNDEFED   __mpu_init                    
20207e00  __stack                       
20200000  __start___llvm_prf_bits       
20200000  __start___llvm_prf_cnts       
20200000  __stop___llvm_prf_bits        
20200000  __stop___llvm_prf_cnts        
0000070d  _c_int00_noargs               
UNDEFED   _system_post_cinit            
000007c7  _system_pre_init              
000007b9  abort                         
ffffffff  binit                         
00000000  interruptVectors              
000005b1  main                          
00000329  memcpy                        
20200060  watchB0                       
20200064  watchB1                       


GLOBAL SYMBOLS: SORTED BY Symbol Address 

address   name                          
-------   ----                          
00000000  __TI_ATRegion0_region_sz      
00000000  __TI_ATRegion0_src_addr       
00000000  __TI_ATRegion0_trg_addr       
00000000  __TI_ATRegion1_region_sz      
00000000  __TI_ATRegion1_src_addr       
00000000  __TI_ATRegion1_trg_addr       
00000000  __TI_ATRegion2_region_sz      
00000000  __TI_ATRegion2_src_addr       
00000000  __TI_ATRegion2_trg_addr       
00000000  __TI_static_base__            
00000000  interruptVectors              
000000c1  Clock_Init80MHz               
00000200  __STACK_SIZE                  
00000229  UART0_IRQHandler              
00000329  memcpy                        
000003c3  ADC0_IRQHandler               
000003c3  ADC1_IRQHandler               
000003c3  AES_IRQHandler                
000003c3  CANFD0_IRQHandler             
000003c3  DAC0_IRQHandler               
000003c3  DMA_IRQHandler                
000003c3  Default_Handler               
000003c3  GROUP0_IRQHandler             
000003c3  GROUP1_IRQHandler             
000003c3  HardFault_Handler             
000003c3  I2C0_IRQHandler               
000003c3  I2C1_IRQHandler               
000003c3  NMI_Handler                   
000003c3  PendSV_Handler                
000003c3  RTC_IRQHandler                
000003c3  SPI0_IRQHandler               
000003c3  SPI1_IRQHandler               
000003c3  SVC_Handler                   
000003c3  SysTick_Handler               
000003c3  TIMA0_IRQHandler              
000003c3  TIMA1_IRQHandler              
000003c3  TIMG12_IRQHandler             
000003c3  TIMG6_IRQHandler              
000003c3  TIMG7_IRQHandler              
000003c3  TIMG8_IRQHandler              
000003c3  UART1_IRQHandler              
000003c3  UART2_IRQHandler              
000003c3  UART3_IRQHandler              
000003c5  ADC_Init                      
0000044d  __TI_decompress_lzss          
000004c9  LaunchPad_Init                
0000053d  TimerG0_IntArm                
000005b1  main                          
00000615  TIMG0_IRQHandler              
00000671  __TI_auto_init_nobinit_nopinit
000006ad  RxFifo_Put                    
000006dd  TxFifo_Get                    
0000070d  _c_int00_noargs               
00000735  DAS_Init                      
0000074d  RxFifo_Size                   
00000765  TxFifo_Size                   
0000077d  __TI_zero_init_nomemset       
00000793  __TI_decompress_none          
000007a5  Clock_Delay                   
000007b1  __aeabi_memcpy                
000007b1  __aeabi_memcpy4               
000007b1  __aeabi_memcpy8               
000007b9  abort                         
000007be  C$$EXIT                       
000007bf  HOSTexit                      
000007c3  Reset_Handler                 
000007c7  _system_pre_init              
000007d0  __TI_Handler_Table_Base       
000007dc  __TI_Handler_Table_Limit      
000007ec  __TI_CINIT_Base               
000007fc  __TI_CINIT_Limit              
000007fc  __TI_CINIT_Warm               
20200000  __start___llvm_prf_bits       
20200000  __start___llvm_prf_cnts       
20200000  __stop___llvm_prf_bits        
20200000  __stop___llvm_prf_cnts        
20200050  RxGetI                        
20200054  RxPutI                        
20200058  TxGetI                        
2020005c  TxPutI                        
20200060  watchB0                       
20200064  watchB1                       
20200068  BusFreq                       
20207e00  __stack                       
20208000  __STACK_END                   
ffffffff  __TI_pprof_out_hndl           
ffffffff  __TI_prof_data_size           
ffffffff  __TI_prof_data_start          
ffffffff  __binit__                     
ffffffff  binit                         
UNDEFED   __mpu_init                    
UNDEFED   _system_post_cinit            

[92 symbols]
