<?xml version="1.0" encoding="ISO-8859-1" ?>
<link_info>
   <banner>TI ARM Clang Linker Unix v4.0.4.LTS</banner>
   <copyright>Copyright (c) 1996-2018 Texas Instruments Incorporated</copyright>
   <command_line>/Applications/ti/ccs2040/ccs/tools/compiler/ti-cgt-armllvm_4.0.4.LTS/bin/tiarmlnk -I/Applications/ti/ccs2040/ccs/tools/compiler/ti-cgt-armllvm_4.0.4.LTS/lib -o SwanGanz.out -mSwanGanz.map -i/Applications/ti/mspm0_sdk_2_09_00_01/source -i/Users/nathan/Dev/464H/SeniorDesign_SwanGanz/firmware/SwanGanz -i/Users/nathan/Dev/464H/SeniorDesign_SwanGanz/firmware/SwanGanz/Debug/syscfg -i/Applications/ti/ccs2040/ccs/tools/compiler/ti-cgt-armllvm_4.0.4.LTS/lib --diag_wrap=off --display_error_number --warn_sections --xml_link_info=SwanGanz_linkInfo.xml --rom_model ./DAS.o ./Display.o ./FIFO.o ./OS.o ./ti_msp_dl_config.o ./startup_mspm0g350x_ticlang.o ./main.o ./osasm.o ./inc/ADC.o ./inc/ADCTimer.o ./inc/Arabic.o ./inc/Bump.o ./inc/Clock.o ./inc/DAC.o ./inc/DAC5.o ./inc/Dump.o ./inc/EdgeTriggered.o ./inc/FFT.o ./inc/I2C.o ./inc/IRDistance.o ./inc/InputCapture.o ./inc/Key.o ./inc/LaunchPad.o ./inc/Motor.o ./inc/PWM.o ./inc/PWM1.o ./inc/RTOS_FIFO.o ./inc/RTOS_UART.o ./inc/RTOS_UARTints.o ./inc/SPI.o ./inc/SSD1306.o ./inc/ST7735.o ./inc/SysTick.o ./inc/Timer.o ./inc/msp.o -l./device_linker.cmd -ldevice.cmd.genlibs -llibc.a --start-group -llibc++.a -llibc++abi.a -llibc.a -llibsys.a -llibsysbm.a -llibclang_rt.builtins.a -llibclang_rt.profile.a --end-group --cg_opt_level=0</command_line>
   <link_time>0x69a8c194</link_time>
   <link_errors>0x0</link_errors>
   <output_file>/Users/nathan/Dev/464H/SeniorDesign_SwanGanz/firmware/SwanGanz/Debug/SwanGanz.out</output_file>
   <entry_point>
      <name>_c_int00_noargs</name>
      <address>0x21d1</address>
   </entry_point>
   <input_file_list>
      <input_file id="fl-1">
         <path>/Users/nathan/Dev/464H/SeniorDesign_SwanGanz/firmware/SwanGanz/Debug/./</path>
         <kind>object</kind>
         <file>DAS.o</file>
         <name>DAS.o</name>
      </input_file>
      <input_file id="fl-2">
         <path>/Users/nathan/Dev/464H/SeniorDesign_SwanGanz/firmware/SwanGanz/Debug/./</path>
         <kind>object</kind>
         <file>Display.o</file>
         <name>Display.o</name>
      </input_file>
      <input_file id="fl-3">
         <path>/Users/nathan/Dev/464H/SeniorDesign_SwanGanz/firmware/SwanGanz/Debug/./</path>
         <kind>object</kind>
         <file>FIFO.o</file>
         <name>FIFO.o</name>
      </input_file>
      <input_file id="fl-4">
         <path>/Users/nathan/Dev/464H/SeniorDesign_SwanGanz/firmware/SwanGanz/Debug/./</path>
         <kind>object</kind>
         <file>OS.o</file>
         <name>OS.o</name>
      </input_file>
      <input_file id="fl-5">
         <path>/Users/nathan/Dev/464H/SeniorDesign_SwanGanz/firmware/SwanGanz/Debug/./</path>
         <kind>object</kind>
         <file>ti_msp_dl_config.o</file>
         <name>ti_msp_dl_config.o</name>
      </input_file>
      <input_file id="fl-6">
         <path>/Users/nathan/Dev/464H/SeniorDesign_SwanGanz/firmware/SwanGanz/Debug/./</path>
         <kind>object</kind>
         <file>startup_mspm0g350x_ticlang.o</file>
         <name>startup_mspm0g350x_ticlang.o</name>
      </input_file>
      <input_file id="fl-7">
         <path>/Users/nathan/Dev/464H/SeniorDesign_SwanGanz/firmware/SwanGanz/Debug/./</path>
         <kind>object</kind>
         <file>main.o</file>
         <name>main.o</name>
      </input_file>
      <input_file id="fl-8">
         <path>/Users/nathan/Dev/464H/SeniorDesign_SwanGanz/firmware/SwanGanz/Debug/./</path>
         <kind>object</kind>
         <file>osasm.o</file>
         <name>osasm.o</name>
      </input_file>
      <input_file id="fl-9">
         <path>/Users/nathan/Dev/464H/SeniorDesign_SwanGanz/firmware/SwanGanz/Debug/./inc/</path>
         <kind>object</kind>
         <file>ADC.o</file>
         <name>ADC.o</name>
      </input_file>
      <input_file id="fl-a">
         <path>/Users/nathan/Dev/464H/SeniorDesign_SwanGanz/firmware/SwanGanz/Debug/./inc/</path>
         <kind>object</kind>
         <file>ADCTimer.o</file>
         <name>ADCTimer.o</name>
      </input_file>
      <input_file id="fl-b">
         <path>/Users/nathan/Dev/464H/SeniorDesign_SwanGanz/firmware/SwanGanz/Debug/./inc/</path>
         <kind>object</kind>
         <file>Arabic.o</file>
         <name>Arabic.o</name>
      </input_file>
      <input_file id="fl-c">
         <path>/Users/nathan/Dev/464H/SeniorDesign_SwanGanz/firmware/SwanGanz/Debug/./inc/</path>
         <kind>object</kind>
         <file>Bump.o</file>
         <name>Bump.o</name>
      </input_file>
      <input_file id="fl-d">
         <path>/Users/nathan/Dev/464H/SeniorDesign_SwanGanz/firmware/SwanGanz/Debug/./inc/</path>
         <kind>object</kind>
         <file>Clock.o</file>
         <name>Clock.o</name>
      </input_file>
      <input_file id="fl-e">
         <path>/Users/nathan/Dev/464H/SeniorDesign_SwanGanz/firmware/SwanGanz/Debug/./inc/</path>
         <kind>object</kind>
         <file>DAC.o</file>
         <name>DAC.o</name>
      </input_file>
      <input_file id="fl-f">
         <path>/Users/nathan/Dev/464H/SeniorDesign_SwanGanz/firmware/SwanGanz/Debug/./inc/</path>
         <kind>object</kind>
         <file>DAC5.o</file>
         <name>DAC5.o</name>
      </input_file>
      <input_file id="fl-10">
         <path>/Users/nathan/Dev/464H/SeniorDesign_SwanGanz/firmware/SwanGanz/Debug/./inc/</path>
         <kind>object</kind>
         <file>Dump.o</file>
         <name>Dump.o</name>
      </input_file>
      <input_file id="fl-11">
         <path>/Users/nathan/Dev/464H/SeniorDesign_SwanGanz/firmware/SwanGanz/Debug/./inc/</path>
         <kind>object</kind>
         <file>EdgeTriggered.o</file>
         <name>EdgeTriggered.o</name>
      </input_file>
      <input_file id="fl-12">
         <path>/Users/nathan/Dev/464H/SeniorDesign_SwanGanz/firmware/SwanGanz/Debug/./inc/</path>
         <kind>object</kind>
         <file>FFT.o</file>
         <name>FFT.o</name>
      </input_file>
      <input_file id="fl-13">
         <path>/Users/nathan/Dev/464H/SeniorDesign_SwanGanz/firmware/SwanGanz/Debug/./inc/</path>
         <kind>object</kind>
         <file>I2C.o</file>
         <name>I2C.o</name>
      </input_file>
      <input_file id="fl-14">
         <path>/Users/nathan/Dev/464H/SeniorDesign_SwanGanz/firmware/SwanGanz/Debug/./inc/</path>
         <kind>object</kind>
         <file>IRDistance.o</file>
         <name>IRDistance.o</name>
      </input_file>
      <input_file id="fl-15">
         <path>/Users/nathan/Dev/464H/SeniorDesign_SwanGanz/firmware/SwanGanz/Debug/./inc/</path>
         <kind>object</kind>
         <file>InputCapture.o</file>
         <name>InputCapture.o</name>
      </input_file>
      <input_file id="fl-16">
         <path>/Users/nathan/Dev/464H/SeniorDesign_SwanGanz/firmware/SwanGanz/Debug/./inc/</path>
         <kind>object</kind>
         <file>Key.o</file>
         <name>Key.o</name>
      </input_file>
      <input_file id="fl-17">
         <path>/Users/nathan/Dev/464H/SeniorDesign_SwanGanz/firmware/SwanGanz/Debug/./inc/</path>
         <kind>object</kind>
         <file>LaunchPad.o</file>
         <name>LaunchPad.o</name>
      </input_file>
      <input_file id="fl-18">
         <path>/Users/nathan/Dev/464H/SeniorDesign_SwanGanz/firmware/SwanGanz/Debug/./inc/</path>
         <kind>object</kind>
         <file>Motor.o</file>
         <name>Motor.o</name>
      </input_file>
      <input_file id="fl-19">
         <path>/Users/nathan/Dev/464H/SeniorDesign_SwanGanz/firmware/SwanGanz/Debug/./inc/</path>
         <kind>object</kind>
         <file>PWM.o</file>
         <name>PWM.o</name>
      </input_file>
      <input_file id="fl-1a">
         <path>/Users/nathan/Dev/464H/SeniorDesign_SwanGanz/firmware/SwanGanz/Debug/./inc/</path>
         <kind>object</kind>
         <file>PWM1.o</file>
         <name>PWM1.o</name>
      </input_file>
      <input_file id="fl-1b">
         <path>/Users/nathan/Dev/464H/SeniorDesign_SwanGanz/firmware/SwanGanz/Debug/./inc/</path>
         <kind>object</kind>
         <file>RTOS_FIFO.o</file>
         <name>RTOS_FIFO.o</name>
      </input_file>
      <input_file id="fl-1c">
         <path>/Users/nathan/Dev/464H/SeniorDesign_SwanGanz/firmware/SwanGanz/Debug/./inc/</path>
         <kind>object</kind>
         <file>RTOS_UART.o</file>
         <name>RTOS_UART.o</name>
      </input_file>
      <input_file id="fl-1d">
         <path>/Users/nathan/Dev/464H/SeniorDesign_SwanGanz/firmware/SwanGanz/Debug/./inc/</path>
         <kind>object</kind>
         <file>RTOS_UARTints.o</file>
         <name>RTOS_UARTints.o</name>
      </input_file>
      <input_file id="fl-1e">
         <path>/Users/nathan/Dev/464H/SeniorDesign_SwanGanz/firmware/SwanGanz/Debug/./inc/</path>
         <kind>object</kind>
         <file>SPI.o</file>
         <name>SPI.o</name>
      </input_file>
      <input_file id="fl-1f">
         <path>/Users/nathan/Dev/464H/SeniorDesign_SwanGanz/firmware/SwanGanz/Debug/./inc/</path>
         <kind>object</kind>
         <file>SSD1306.o</file>
         <name>SSD1306.o</name>
      </input_file>
      <input_file id="fl-20">
         <path>/Users/nathan/Dev/464H/SeniorDesign_SwanGanz/firmware/SwanGanz/Debug/./inc/</path>
         <kind>object</kind>
         <file>ST7735.o</file>
         <name>ST7735.o</name>
      </input_file>
      <input_file id="fl-21">
         <path>/Users/nathan/Dev/464H/SeniorDesign_SwanGanz/firmware/SwanGanz/Debug/./inc/</path>
         <kind>object</kind>
         <file>SysTick.o</file>
         <name>SysTick.o</name>
      </input_file>
      <input_file id="fl-22">
         <path>/Users/nathan/Dev/464H/SeniorDesign_SwanGanz/firmware/SwanGanz/Debug/./inc/</path>
         <kind>object</kind>
         <file>Timer.o</file>
         <name>Timer.o</name>
      </input_file>
      <input_file id="fl-23">
         <path>/Users/nathan/Dev/464H/SeniorDesign_SwanGanz/firmware/SwanGanz/Debug/./inc/</path>
         <kind>object</kind>
         <file>msp.o</file>
         <name>msp.o</name>
      </input_file>
      <input_file id="fl-30">
         <path>/Users/nathan/Dev/464H/SeniorDesign_SwanGanz/firmware/SwanGanz/Debug/</path>
         <kind>object</kind>
         <file>&lt;internal&gt;</file>
         <name>&lt;internal&gt;</name>
      </input_file>
      <input_file id="fl-31">
         <path>/Applications/ti/mspm0_sdk_2_09_00_01/source/ti/driverlib/lib/ticlang/m0p/mspm0g1x0x_g3x0x/</path>
         <kind>archive</kind>
         <file>driverlib.a</file>
         <name>dl_common.o</name>
      </input_file>
      <input_file id="fl-48">
         <path>/Applications/ti/ccs2040/ccs/tools/compiler/ti-cgt-armllvm_4.0.4.LTS/lib/armv6m-ti-none-eabi/c/</path>
         <kind>archive</kind>
         <file>libc.a</file>
         <name>fopen.c.obj</name>
      </input_file>
      <input_file id="fl-49">
         <path>/Applications/ti/ccs2040/ccs/tools/compiler/ti-cgt-armllvm_4.0.4.LTS/lib/armv6m-ti-none-eabi/c/</path>
         <kind>archive</kind>
         <file>libc.a</file>
         <name>setvbuf.c.obj</name>
      </input_file>
      <input_file id="fl-4a">
         <path>/Applications/ti/ccs2040/ccs/tools/compiler/ti-cgt-armllvm_4.0.4.LTS/lib/armv6m-ti-none-eabi/c/</path>
         <kind>archive</kind>
         <file>libc.a</file>
         <name>aeabi_portable.c.obj</name>
      </input_file>
      <input_file id="fl-4b">
         <path>/Applications/ti/ccs2040/ccs/tools/compiler/ti-cgt-armllvm_4.0.4.LTS/lib/armv6m-ti-none-eabi/c/</path>
         <kind>archive</kind>
         <file>libc.a</file>
         <name>exit.c.obj</name>
      </input_file>
      <input_file id="fl-4c">
         <path>/Applications/ti/ccs2040/ccs/tools/compiler/ti-cgt-armllvm_4.0.4.LTS/lib/armv6m-ti-none-eabi/c/</path>
         <kind>archive</kind>
         <file>libc.a</file>
         <name>_lock.c.obj</name>
      </input_file>
      <input_file id="fl-4d">
         <path>/Applications/ti/ccs2040/ccs/tools/compiler/ti-cgt-armllvm_4.0.4.LTS/lib/armv6m-ti-none-eabi/c/</path>
         <kind>archive</kind>
         <file>libc.a</file>
         <name>assert.c.obj</name>
      </input_file>
      <input_file id="fl-4e">
         <path>/Applications/ti/ccs2040/ccs/tools/compiler/ti-cgt-armllvm_4.0.4.LTS/lib/armv6m-ti-none-eabi/c/</path>
         <kind>archive</kind>
         <file>libc.a</file>
         <name>defs.c.obj</name>
      </input_file>
      <input_file id="fl-4f">
         <path>/Applications/ti/ccs2040/ccs/tools/compiler/ti-cgt-armllvm_4.0.4.LTS/lib/armv6m-ti-none-eabi/c/</path>
         <kind>archive</kind>
         <file>libc.a</file>
         <name>memory.c.obj</name>
      </input_file>
      <input_file id="fl-50">
         <path>/Applications/ti/ccs2040/ccs/tools/compiler/ti-cgt-armllvm_4.0.4.LTS/lib/armv6m-ti-none-eabi/c/</path>
         <kind>archive</kind>
         <file>libc.a</file>
         <name>strcpy.c.obj</name>
      </input_file>
      <input_file id="fl-51">
         <path>/Applications/ti/ccs2040/ccs/tools/compiler/ti-cgt-armllvm_4.0.4.LTS/lib/armv6m-ti-none-eabi/c/</path>
         <kind>archive</kind>
         <file>libc.a</file>
         <name>boot_cortex_m.c.obj</name>
      </input_file>
      <input_file id="fl-52">
         <path>/Applications/ti/ccs2040/ccs/tools/compiler/ti-cgt-armllvm_4.0.4.LTS/lib/armv6m-ti-none-eabi/c/</path>
         <kind>archive</kind>
         <file>libc.a</file>
         <name>mathacl_init.c.obj</name>
      </input_file>
      <input_file id="fl-53">
         <path>/Applications/ti/ccs2040/ccs/tools/compiler/ti-cgt-armllvm_4.0.4.LTS/lib/armv6m-ti-none-eabi/c/</path>
         <kind>archive</kind>
         <file>libc.a</file>
         <name>autoinit.c.obj</name>
      </input_file>
      <input_file id="fl-54">
         <path>/Applications/ti/ccs2040/ccs/tools/compiler/ti-cgt-armllvm_4.0.4.LTS/lib/armv6m-ti-none-eabi/c/</path>
         <kind>archive</kind>
         <file>libc.a</file>
         <name>pre_init.c.obj</name>
      </input_file>
      <input_file id="fl-55">
         <path>/Applications/ti/ccs2040/ccs/tools/compiler/ti-cgt-armllvm_4.0.4.LTS/lib/armv6m-ti-none-eabi/c/</path>
         <kind>archive</kind>
         <file>libc.a</file>
         <name>cpy_tbl.c.obj</name>
      </input_file>
      <input_file id="fl-56">
         <path>/Applications/ti/ccs2040/ccs/tools/compiler/ti-cgt-armllvm_4.0.4.LTS/lib/armv6m-ti-none-eabi/c/</path>
         <kind>archive</kind>
         <file>libc.a</file>
         <name>copy_zero_init.c.obj</name>
      </input_file>
      <input_file id="fl-57">
         <path>/Applications/ti/ccs2040/ccs/tools/compiler/ti-cgt-armllvm_4.0.4.LTS/lib/armv6m-ti-none-eabi/c/</path>
         <kind>archive</kind>
         <file>libc.a</file>
         <name>copy_decompress_none.c.obj</name>
      </input_file>
      <input_file id="fl-58">
         <path>/Applications/ti/ccs2040/ccs/tools/compiler/ti-cgt-armllvm_4.0.4.LTS/lib/armv6m-ti-none-eabi/c/</path>
         <kind>archive</kind>
         <file>libc.a</file>
         <name>copy_decompress_lzss.c.obj</name>
      </input_file>
      <input_file id="fl-59">
         <path>/Applications/ti/ccs2040/ccs/tools/compiler/ti-cgt-armllvm_4.0.4.LTS/lib/armv6m-ti-none-eabi/c/</path>
         <kind>archive</kind>
         <file>libc.a</file>
         <name>sprintf.c.obj</name>
      </input_file>
      <input_file id="fl-5a">
         <path>/Applications/ti/ccs2040/ccs/tools/compiler/ti-cgt-armllvm_4.0.4.LTS/lib/armv6m-ti-none-eabi/c/</path>
         <kind>archive</kind>
         <file>libc.a</file>
         <name>fclose.c.obj</name>
      </input_file>
      <input_file id="fl-5b">
         <path>/Applications/ti/ccs2040/ccs/tools/compiler/ti-cgt-armllvm_4.0.4.LTS/lib/armv6m-ti-none-eabi/c/</path>
         <kind>archive</kind>
         <file>libc.a</file>
         <name>fflush.c.obj</name>
      </input_file>
      <input_file id="fl-5c">
         <path>/Applications/ti/ccs2040/ccs/tools/compiler/ti-cgt-armllvm_4.0.4.LTS/lib/armv6m-ti-none-eabi/c/</path>
         <kind>archive</kind>
         <file>libc.a</file>
         <name>fputs.c.obj</name>
      </input_file>
      <input_file id="fl-5d">
         <path>/Applications/ti/ccs2040/ccs/tools/compiler/ti-cgt-armllvm_4.0.4.LTS/lib/armv6m-ti-none-eabi/c/</path>
         <kind>archive</kind>
         <file>libc.a</file>
         <name>_io_perm.c.obj</name>
      </input_file>
      <input_file id="fl-5e">
         <path>/Applications/ti/ccs2040/ccs/tools/compiler/ti-cgt-armllvm_4.0.4.LTS/lib/armv6m-ti-none-eabi/c/</path>
         <kind>archive</kind>
         <file>libc.a</file>
         <name>args_main.c.obj</name>
      </input_file>
      <input_file id="fl-5f">
         <path>/Applications/ti/ccs2040/ccs/tools/compiler/ti-cgt-armllvm_4.0.4.LTS/lib/armv6m-ti-none-eabi/c/</path>
         <kind>archive</kind>
         <file>libc.a</file>
         <name>_printfi.c.obj</name>
      </input_file>
      <input_file id="fl-60">
         <path>/Applications/ti/ccs2040/ccs/tools/compiler/ti-cgt-armllvm_4.0.4.LTS/lib/armv6m-ti-none-eabi/c/</path>
         <kind>archive</kind>
         <file>libc.a</file>
         <name>fseek.c.obj</name>
      </input_file>
      <input_file id="fl-61">
         <path>/Applications/ti/ccs2040/ccs/tools/compiler/ti-cgt-armllvm_4.0.4.LTS/lib/armv6m-ti-none-eabi/c/</path>
         <kind>archive</kind>
         <file>libc.a</file>
         <name>_ltoa.c.obj</name>
      </input_file>
      <input_file id="fl-62">
         <path>/Applications/ti/ccs2040/ccs/tools/compiler/ti-cgt-armllvm_4.0.4.LTS/lib/armv6m-ti-none-eabi/c/</path>
         <kind>archive</kind>
         <file>libc.a</file>
         <name>atoi.c.obj</name>
      </input_file>
      <input_file id="fl-63">
         <path>/Applications/ti/ccs2040/ccs/tools/compiler/ti-cgt-armllvm_4.0.4.LTS/lib/armv6m-ti-none-eabi/c/</path>
         <kind>archive</kind>
         <file>libc.a</file>
         <name>memccpy.c.obj</name>
      </input_file>
      <input_file id="fl-64">
         <path>/Applications/ti/ccs2040/ccs/tools/compiler/ti-cgt-armllvm_4.0.4.LTS/lib/armv6m-ti-none-eabi/c/</path>
         <kind>archive</kind>
         <file>libc.a</file>
         <name>s_frexp.c.obj</name>
      </input_file>
      <input_file id="fl-65">
         <path>/Applications/ti/ccs2040/ccs/tools/compiler/ti-cgt-armllvm_4.0.4.LTS/lib/armv6m-ti-none-eabi/c/</path>
         <kind>archive</kind>
         <file>libc.a</file>
         <name>s_scalbn.c.obj</name>
      </input_file>
      <input_file id="fl-66">
         <path>/Applications/ti/ccs2040/ccs/tools/compiler/ti-cgt-armllvm_4.0.4.LTS/lib/armv6m-ti-none-eabi/c/</path>
         <kind>archive</kind>
         <file>libc.a</file>
         <name>wcslen.c.obj</name>
      </input_file>
      <input_file id="fl-67">
         <path>/Applications/ti/ccs2040/ccs/tools/compiler/ti-cgt-armllvm_4.0.4.LTS/lib/armv6m-ti-none-eabi/c/</path>
         <kind>archive</kind>
         <file>libc.a</file>
         <name>aeabi_ctype.S.obj</name>
      </input_file>
      <input_file id="fl-107">
         <path>/Applications/ti/ccs2040/ccs/tools/compiler/ti-cgt-armllvm_4.0.4.LTS/lib/armv6m-ti-none-eabi/c/</path>
         <kind>archive</kind>
         <file>libsysbm.a</file>
         <name>hostexit.c.obj</name>
      </input_file>
      <input_file id="fl-108">
         <path>/Applications/ti/ccs2040/ccs/tools/compiler/ti-cgt-armllvm_4.0.4.LTS/lib/armv6m-ti-none-eabi/c/</path>
         <kind>archive</kind>
         <file>libsysbm.a</file>
         <name>write.c.obj</name>
      </input_file>
      <input_file id="fl-109">
         <path>/Applications/ti/ccs2040/ccs/tools/compiler/ti-cgt-armllvm_4.0.4.LTS/lib/armv6m-ti-none-eabi/c/</path>
         <kind>archive</kind>
         <file>libsysbm.a</file>
         <name>host_device.c.obj</name>
      </input_file>
      <input_file id="fl-10a">
         <path>/Applications/ti/ccs2040/ccs/tools/compiler/ti-cgt-armllvm_4.0.4.LTS/lib/armv6m-ti-none-eabi/c/</path>
         <kind>archive</kind>
         <file>libsysbm.a</file>
         <name>remove.c.obj</name>
      </input_file>
      <input_file id="fl-10b">
         <path>/Applications/ti/ccs2040/ccs/tools/compiler/ti-cgt-armllvm_4.0.4.LTS/lib/armv6m-ti-none-eabi/c/</path>
         <kind>archive</kind>
         <file>libsysbm.a</file>
         <name>open.c.obj</name>
      </input_file>
      <input_file id="fl-10c">
         <path>/Applications/ti/ccs2040/ccs/tools/compiler/ti-cgt-armllvm_4.0.4.LTS/lib/armv6m-ti-none-eabi/c/</path>
         <kind>archive</kind>
         <file>libsysbm.a</file>
         <name>lseek.c.obj</name>
      </input_file>
      <input_file id="fl-10d">
         <path>/Applications/ti/ccs2040/ccs/tools/compiler/ti-cgt-armllvm_4.0.4.LTS/lib/armv6m-ti-none-eabi/c/</path>
         <kind>archive</kind>
         <file>libsysbm.a</file>
         <name>close.c.obj</name>
      </input_file>
      <input_file id="fl-10e">
         <path>/Applications/ti/ccs2040/ccs/tools/compiler/ti-cgt-armllvm_4.0.4.LTS/lib/armv6m-ti-none-eabi/c/</path>
         <kind>archive</kind>
         <file>libsysbm.a</file>
         <name>add_device.c.obj</name>
      </input_file>
      <input_file id="fl-10f">
         <path>/Applications/ti/ccs2040/ccs/tools/compiler/ti-cgt-armllvm_4.0.4.LTS/lib/armv6m-ti-none-eabi/c/</path>
         <kind>archive</kind>
         <file>libsysbm.a</file>
         <name>unlink.c.obj</name>
      </input_file>
      <input_file id="fl-110">
         <path>/Applications/ti/ccs2040/ccs/tools/compiler/ti-cgt-armllvm_4.0.4.LTS/lib/armv6m-ti-none-eabi/c/</path>
         <kind>archive</kind>
         <file>libsysbm.a</file>
         <name>hostclose.c.obj</name>
      </input_file>
      <input_file id="fl-111">
         <path>/Applications/ti/ccs2040/ccs/tools/compiler/ti-cgt-armllvm_4.0.4.LTS/lib/armv6m-ti-none-eabi/c/</path>
         <kind>archive</kind>
         <file>libsysbm.a</file>
         <name>hostlseek.c.obj</name>
      </input_file>
      <input_file id="fl-112">
         <path>/Applications/ti/ccs2040/ccs/tools/compiler/ti-cgt-armllvm_4.0.4.LTS/lib/armv6m-ti-none-eabi/c/</path>
         <kind>archive</kind>
         <file>libsysbm.a</file>
         <name>hostopen.c.obj</name>
      </input_file>
      <input_file id="fl-113">
         <path>/Applications/ti/ccs2040/ccs/tools/compiler/ti-cgt-armllvm_4.0.4.LTS/lib/armv6m-ti-none-eabi/c/</path>
         <kind>archive</kind>
         <file>libsysbm.a</file>
         <name>hostread.c.obj</name>
      </input_file>
      <input_file id="fl-114">
         <path>/Applications/ti/ccs2040/ccs/tools/compiler/ti-cgt-armllvm_4.0.4.LTS/lib/armv6m-ti-none-eabi/c/</path>
         <kind>archive</kind>
         <file>libsysbm.a</file>
         <name>hostrename.c.obj</name>
      </input_file>
      <input_file id="fl-115">
         <path>/Applications/ti/ccs2040/ccs/tools/compiler/ti-cgt-armllvm_4.0.4.LTS/lib/armv6m-ti-none-eabi/c/</path>
         <kind>archive</kind>
         <file>libsysbm.a</file>
         <name>hostunlink.c.obj</name>
      </input_file>
      <input_file id="fl-116">
         <path>/Applications/ti/ccs2040/ccs/tools/compiler/ti-cgt-armllvm_4.0.4.LTS/lib/armv6m-ti-none-eabi/c/</path>
         <kind>archive</kind>
         <file>libsysbm.a</file>
         <name>hostwrite.c.obj</name>
      </input_file>
      <input_file id="fl-117">
         <path>/Applications/ti/ccs2040/ccs/tools/compiler/ti-cgt-armllvm_4.0.4.LTS/lib/armv6m-ti-none-eabi/c/</path>
         <kind>archive</kind>
         <file>libsysbm.a</file>
         <name>trgmsg.c.obj</name>
      </input_file>
      <input_file id="fl-118">
         <path>/Applications/ti/ccs2040/ccs/tools/compiler/ti-cgt-armllvm_4.0.4.LTS/lib/armv6m-ti-none-eabi/</path>
         <kind>archive</kind>
         <file>libclang_rt.builtins.a</file>
         <name>addsf3.S.obj</name>
      </input_file>
      <input_file id="fl-119">
         <path>/Applications/ti/ccs2040/ccs/tools/compiler/ti-cgt-armllvm_4.0.4.LTS/lib/armv6m-ti-none-eabi/</path>
         <kind>archive</kind>
         <file>libclang_rt.builtins.a</file>
         <name>adddf3.S.obj</name>
      </input_file>
      <input_file id="fl-11a">
         <path>/Applications/ti/ccs2040/ccs/tools/compiler/ti-cgt-armllvm_4.0.4.LTS/lib/armv6m-ti-none-eabi/</path>
         <kind>archive</kind>
         <file>libclang_rt.builtins.a</file>
         <name>muldf3.S.obj</name>
      </input_file>
      <input_file id="fl-11b">
         <path>/Applications/ti/ccs2040/ccs/tools/compiler/ti-cgt-armllvm_4.0.4.LTS/lib/armv6m-ti-none-eabi/</path>
         <kind>archive</kind>
         <file>libclang_rt.builtins.a</file>
         <name>muldsi3.S.obj</name>
      </input_file>
      <input_file id="fl-11c">
         <path>/Applications/ti/ccs2040/ccs/tools/compiler/ti-cgt-armllvm_4.0.4.LTS/lib/armv6m-ti-none-eabi/</path>
         <kind>archive</kind>
         <file>libclang_rt.builtins.a</file>
         <name>mulsf3.S.obj</name>
      </input_file>
      <input_file id="fl-11d">
         <path>/Applications/ti/ccs2040/ccs/tools/compiler/ti-cgt-armllvm_4.0.4.LTS/lib/armv6m-ti-none-eabi/</path>
         <kind>archive</kind>
         <file>libclang_rt.builtins.a</file>
         <name>divdf3.S.obj</name>
      </input_file>
      <input_file id="fl-11e">
         <path>/Applications/ti/ccs2040/ccs/tools/compiler/ti-cgt-armllvm_4.0.4.LTS/lib/armv6m-ti-none-eabi/</path>
         <kind>archive</kind>
         <file>libclang_rt.builtins.a</file>
         <name>fixdfsi.S.obj</name>
      </input_file>
      <input_file id="fl-11f">
         <path>/Applications/ti/ccs2040/ccs/tools/compiler/ti-cgt-armllvm_4.0.4.LTS/lib/armv6m-ti-none-eabi/</path>
         <kind>archive</kind>
         <file>libclang_rt.builtins.a</file>
         <name>floatsidf.S.obj</name>
      </input_file>
      <input_file id="fl-120">
         <path>/Applications/ti/ccs2040/ccs/tools/compiler/ti-cgt-armllvm_4.0.4.LTS/lib/armv6m-ti-none-eabi/</path>
         <kind>archive</kind>
         <file>libclang_rt.builtins.a</file>
         <name>muldi3.S.obj</name>
      </input_file>
      <input_file id="fl-121">
         <path>/Applications/ti/ccs2040/ccs/tools/compiler/ti-cgt-armllvm_4.0.4.LTS/lib/armv6m-ti-none-eabi/</path>
         <kind>archive</kind>
         <file>libclang_rt.builtins.a</file>
         <name>aeabi_dcmp.S.obj</name>
      </input_file>
      <input_file id="fl-122">
         <path>/Applications/ti/ccs2040/ccs/tools/compiler/ti-cgt-armllvm_4.0.4.LTS/lib/armv6m-ti-none-eabi/</path>
         <kind>archive</kind>
         <file>libclang_rt.builtins.a</file>
         <name>aeabi_idivmod.S.obj</name>
      </input_file>
      <input_file id="fl-123">
         <path>/Applications/ti/ccs2040/ccs/tools/compiler/ti-cgt-armllvm_4.0.4.LTS/lib/armv6m-ti-none-eabi/</path>
         <kind>archive</kind>
         <file>libclang_rt.builtins.a</file>
         <name>aeabi_memcpy.S.obj</name>
      </input_file>
      <input_file id="fl-124">
         <path>/Applications/ti/ccs2040/ccs/tools/compiler/ti-cgt-armllvm_4.0.4.LTS/lib/armv6m-ti-none-eabi/</path>
         <kind>archive</kind>
         <file>libclang_rt.builtins.a</file>
         <name>aeabi_memset.S.obj</name>
      </input_file>
      <input_file id="fl-125">
         <path>/Applications/ti/ccs2040/ccs/tools/compiler/ti-cgt-armllvm_4.0.4.LTS/lib/armv6m-ti-none-eabi/</path>
         <kind>archive</kind>
         <file>libclang_rt.builtins.a</file>
         <name>aeabi_uidivmod.S.obj</name>
      </input_file>
      <input_file id="fl-126">
         <path>/Applications/ti/ccs2040/ccs/tools/compiler/ti-cgt-armllvm_4.0.4.LTS/lib/armv6m-ti-none-eabi/</path>
         <kind>archive</kind>
         <file>libclang_rt.builtins.a</file>
         <name>aeabi_uldivmod.S.obj</name>
      </input_file>
      <input_file id="fl-127">
         <path>/Applications/ti/ccs2040/ccs/tools/compiler/ti-cgt-armllvm_4.0.4.LTS/lib/armv6m-ti-none-eabi/</path>
         <kind>archive</kind>
         <file>libclang_rt.builtins.a</file>
         <name>udivmoddi4.S.obj</name>
      </input_file>
      <input_file id="fl-128">
         <path>/Applications/ti/ccs2040/ccs/tools/compiler/ti-cgt-armllvm_4.0.4.LTS/lib/armv6m-ti-none-eabi/</path>
         <kind>archive</kind>
         <file>libclang_rt.builtins.a</file>
         <name>ashldi3.S.obj</name>
      </input_file>
      <input_file id="fl-129">
         <path>/Applications/ti/ccs2040/ccs/tools/compiler/ti-cgt-armllvm_4.0.4.LTS/lib/armv6m-ti-none-eabi/</path>
         <kind>archive</kind>
         <file>libclang_rt.builtins.a</file>
         <name>comparedf2.c.obj</name>
      </input_file>
      <input_file id="fl-12a">
         <path>/Applications/ti/ccs2040/ccs/tools/compiler/ti-cgt-armllvm_4.0.4.LTS/lib/armv6m-ti-none-eabi/</path>
         <kind>archive</kind>
         <file>libclang_rt.builtins.a</file>
         <name>aeabi_div0.c.obj</name>
      </input_file>
      <input_file id="fl-12b">
         <path>/Applications/ti/ccs2040/ccs/tools/compiler/ti-cgt-armllvm_4.0.4.LTS/lib/armv6m-ti-none-eabi/c/</path>
         <kind>archive</kind>
         <file>libc.a</file>
         <name>getdevice.c.obj</name>
      </input_file>
      <input_file id="fl-12c">
         <path>/Applications/ti/ccs2040/ccs/tools/compiler/ti-cgt-armllvm_4.0.4.LTS/lib/armv6m-ti-none-eabi/c/</path>
         <kind>archive</kind>
         <file>libc.a</file>
         <name>memcpy16.S.obj</name>
      </input_file>
      <input_file id="fl-12d">
         <path>/Applications/ti/ccs2040/ccs/tools/compiler/ti-cgt-armllvm_4.0.4.LTS/lib/armv6m-ti-none-eabi/c/</path>
         <kind>archive</kind>
         <file>libc.a</file>
         <name>memset16.S.obj</name>
      </input_file>
      <input_file id="fl-12e">
         <path>/Applications/ti/ccs2040/ccs/tools/compiler/ti-cgt-armllvm_4.0.4.LTS/lib/armv6m-ti-none-eabi/c/</path>
         <kind>archive</kind>
         <file>libc.a</file>
         <name>strcmp-armv6m.S.obj</name>
      </input_file>
   </input_file_list>
   <object_component_list>
      <object_component id="oc-18">
         <name>.intvecs</name>
         <load_address>0x0</load_address>
         <readonly>true</readonly>
         <run_address>0x0</run_address>
         <size>0xc0</size>
         <alignment>0x4</alignment>
         <input_file_ref idref="fl-6"/>
      </object_component>
      <object_component id="oc-c0">
         <name>.text.Clock_Init80MHz</name>
         <load_address>0xc0</load_address>
         <readonly>true</readonly>
         <executable>true</executable>
         <run_address>0xc0</run_address>
         <size>0x1b4</size>
         <alignment>0x4</alignment>
         <input_file_ref idref="fl-d"/>
      </object_component>
      <object_component id="oc-169">
         <name>.text.ST7735_DrawChar</name>
         <load_address>0x274</load_address>
         <readonly>true</readonly>
         <executable>true</executable>
         <run_address>0x274</run_address>
         <size>0x1a8</size>
         <alignment>0x4</alignment>
         <input_file_ref idref="fl-20"/>
      </object_component>
      <object_component id="oc-114">
         <name>.text.UART_Init</name>
         <load_address>0x41c</load_address>
         <readonly>true</readonly>
         <executable>true</executable>
         <run_address>0x41c</run_address>
         <size>0x138</size>
         <alignment>0x4</alignment>
         <input_file_ref idref="fl-1d"/>
      </object_component>
      <object_component id="oc-16d">
         <name>.text.ST7735_FillRect</name>
         <load_address>0x554</load_address>
         <readonly>true</readonly>
         <executable>true</executable>
         <run_address>0x554</run_address>
         <size>0x118</size>
         <alignment>0x4</alignment>
         <input_file_ref idref="fl-20"/>
      </object_component>
      <object_component id="oc-a1">
         <name>.text.RemoveRunThreadList</name>
         <load_address>0x66c</load_address>
         <readonly>true</readonly>
         <executable>true</executable>
         <run_address>0x66c</run_address>
         <size>0x100</size>
         <alignment>0x4</alignment>
         <input_file_ref idref="fl-4"/>
      </object_component>
      <object_component id="oc-118">
         <name>.text.ADC_Init</name>
         <load_address>0x76c</load_address>
         <readonly>true</readonly>
         <executable>true</executable>
         <run_address>0x76c</run_address>
         <size>0xf0</size>
         <alignment>0x4</alignment>
         <input_file_ref idref="fl-9"/>
      </object_component>
      <object_component id="oc-195">
         <name>.text.SPI_Init</name>
         <load_address>0x85c</load_address>
         <readonly>true</readonly>
         <executable>true</executable>
         <run_address>0x85c</run_address>
         <size>0xe4</size>
         <alignment>0x4</alignment>
         <input_file_ref idref="fl-1e"/>
      </object_component>
      <object_component id="oc-13c">
         <name>.text.DisplayAll</name>
         <load_address>0x940</load_address>
         <readonly>true</readonly>
         <executable>true</executable>
         <run_address>0x940</run_address>
         <size>0xd0</size>
         <alignment>0x4</alignment>
         <input_file_ref idref="fl-2"/>
      </object_component>
      <object_component id="oc-a5">
         <name>.text.InsertSleepyThread</name>
         <load_address>0xa10</load_address>
         <readonly>true</readonly>
         <executable>true</executable>
         <run_address>0xa10</run_address>
         <size>0xd0</size>
         <alignment>0x4</alignment>
         <input_file_ref idref="fl-4"/>
      </object_component>
      <object_component id="oc-166">
         <name>.text.ST7735_OutChar</name>
         <load_address>0xae0</load_address>
         <readonly>true</readonly>
         <executable>true</executable>
         <run_address>0xae0</run_address>
         <size>0xd0</size>
         <alignment>0x4</alignment>
         <input_file_ref idref="fl-20"/>
      </object_component>
      <object_component id="oc-ca">
         <name>.text.Logic_Init</name>
         <load_address>0xbb0</load_address>
         <readonly>true</readonly>
         <executable>true</executable>
         <run_address>0xbb0</run_address>
         <size>0xcc</size>
         <alignment>0x4</alignment>
         <input_file_ref idref="fl-7"/>
      </object_component>
      <object_component id="oc-cb">
         <name>.text.OS_Init</name>
         <load_address>0xc7c</load_address>
         <readonly>true</readonly>
         <executable>true</executable>
         <run_address>0xc7c</run_address>
         <size>0xcc</size>
         <alignment>0x4</alignment>
         <input_file_ref idref="fl-4"/>
      </object_component>
      <object_component id="oc-d1">
         <name>.text.OS_AddPeriodicThread</name>
         <load_address>0xd48</load_address>
         <readonly>true</readonly>
         <executable>true</executable>
         <run_address>0xd48</run_address>
         <size>0xb8</size>
         <alignment>0x4</alignment>
         <input_file_ref idref="fl-4"/>
      </object_component>
      <object_component id="oc-12c">
         <name>.text.ADC_In</name>
         <load_address>0xe00</load_address>
         <readonly>true</readonly>
         <executable>true</executable>
         <run_address>0xe00</run_address>
         <size>0xa8</size>
         <alignment>0x4</alignment>
         <input_file_ref idref="fl-9"/>
      </object_component>
      <object_component id="oc-153">
         <name>.text.TimerG7_IntArm</name>
         <load_address>0xea8</load_address>
         <readonly>true</readonly>
         <executable>true</executable>
         <run_address>0xea8</run_address>
         <size>0xa8</size>
         <alignment>0x4</alignment>
         <input_file_ref idref="fl-22"/>
      </object_component>
      <object_component id="oc-124">
         <name>.text.TimerG8_IntArm</name>
         <load_address>0xf50</load_address>
         <readonly>true</readonly>
         <executable>true</executable>
         <run_address>0xf50</run_address>
         <size>0xa8</size>
         <alignment>0x4</alignment>
         <input_file_ref idref="fl-22"/>
      </object_component>
      <object_component id="oc-17b">
         <name>.text.commandList</name>
         <load_address>0xff8</load_address>
         <readonly>true</readonly>
         <executable>true</executable>
         <run_address>0xff8</run_address>
         <size>0xa2</size>
         <alignment>0x2</alignment>
         <input_file_ref idref="fl-20"/>
      </object_component>
      <object_component id="oc-a9">
         <name>.text.__aeabi_idiv0</name>
         <load_address>0x109a</load_address>
         <readonly>true</readonly>
         <executable>true</executable>
         <run_address>0x109a</run_address>
         <size>0x2</size>
         <alignment>0x2</alignment>
         <input_file_ref idref="fl-12a"/>
      </object_component>
      <object_component id="oc-fd">
         <name>.text.OS_bSignal</name>
         <load_address>0x109c</load_address>
         <readonly>true</readonly>
         <executable>true</executable>
         <run_address>0x109c</run_address>
         <size>0xa0</size>
         <alignment>0x4</alignment>
         <input_file_ref idref="fl-4"/>
      </object_component>
      <object_component id="oc-44">
         <name>.text.TIMG7_IRQHandler</name>
         <load_address>0x113c</load_address>
         <readonly>true</readonly>
         <executable>true</executable>
         <run_address>0x113c</run_address>
         <size>0x9c</size>
         <alignment>0x4</alignment>
         <input_file_ref idref="fl-4"/>
      </object_component>
      <object_component id="oc-158">
         <name>.text.ST7735_InitR</name>
         <load_address>0x11d8</load_address>
         <readonly>true</readonly>
         <executable>true</executable>
         <run_address>0x11d8</run_address>
         <size>0x98</size>
         <alignment>0x4</alignment>
         <input_file_ref idref="fl-20"/>
      </object_component>
      <object_component id="oc-3e">
         <name>.text.TIMG8_IRQHandler</name>
         <load_address>0x1270</load_address>
         <readonly>true</readonly>
         <executable>true</executable>
         <run_address>0x1270</run_address>
         <size>0x98</size>
         <alignment>0x4</alignment>
         <input_file_ref idref="fl-4"/>
      </object_component>
      <object_component id="oc-d2">
         <name>.text.OS_Launch</name>
         <load_address>0x1308</load_address>
         <readonly>true</readonly>
         <executable>true</executable>
         <run_address>0x1308</run_address>
         <size>0x94</size>
         <alignment>0x4</alignment>
         <input_file_ref idref="fl-4"/>
      </object_component>
      <object_component id="oc-80">
         <name>.text.InsertRunThreadList</name>
         <load_address>0x139c</load_address>
         <readonly>true</readonly>
         <executable>true</executable>
         <run_address>0x139c</run_address>
         <size>0x8c</size>
         <alignment>0x4</alignment>
         <input_file_ref idref="fl-4"/>
      </object_component>
      <object_component id="oc-18c">
         <name>.text.setAddrWindow</name>
         <load_address>0x1428</load_address>
         <readonly>true</readonly>
         <executable>true</executable>
         <run_address>0x1428</run_address>
         <size>0x88</size>
         <alignment>0x4</alignment>
         <input_file_ref idref="fl-20"/>
      </object_component>
      <object_component id="oc-168">
         <name>.text.ST7735_DrawString</name>
         <load_address>0x14b0</load_address>
         <readonly>true</readonly>
         <executable>true</executable>
         <run_address>0x14b0</run_address>
         <size>0x84</size>
         <alignment>0x2</alignment>
         <input_file_ref idref="fl-20"/>
      </object_component>
      <object_component id="oc-138">
         <name>.text.ST7735_OutUDec</name>
         <load_address>0x1534</load_address>
         <readonly>true</readonly>
         <executable>true</executable>
         <run_address>0x1534</run_address>
         <size>0x84</size>
         <alignment>0x4</alignment>
         <input_file_ref idref="fl-20"/>
      </object_component>
      <object_component id="oc-c5">
         <name>.text.LaunchPad_Init</name>
         <load_address>0x15b8</load_address>
         <readonly>true</readonly>
         <executable>true</executable>
         <run_address>0x15b8</run_address>
         <size>0x7c</size>
         <alignment>0x4</alignment>
         <input_file_ref idref="fl-17"/>
      </object_component>
      <object_component id="oc-1c">
         <name>.text:decompress:lzss</name>
         <load_address>0x1634</load_address>
         <readonly>true</readonly>
         <executable>true</executable>
         <run_address>0x1634</run_address>
         <size>0x7c</size>
         <alignment>0x4</alignment>
         <input_file_ref idref="fl-58"/>
      </object_component>
      <object_component id="oc-6e">
         <name>.text.OS_Scheduler</name>
         <load_address>0x16b0</load_address>
         <readonly>true</readonly>
         <executable>true</executable>
         <run_address>0x16b0</run_address>
         <size>0x78</size>
         <alignment>0x4</alignment>
         <input_file_ref idref="fl-4"/>
      </object_component>
      <object_component id="oc-92">
         <name>.text.main</name>
         <load_address>0x1728</load_address>
         <readonly>true</readonly>
         <executable>true</executable>
         <run_address>0x1728</run_address>
         <size>0x78</size>
         <alignment>0x4</alignment>
         <input_file_ref idref="fl-7"/>
      </object_component>
      <object_component id="oc-6a">
         <name>.text.OS_AddThread</name>
         <load_address>0x17a0</load_address>
         <readonly>true</readonly>
         <executable>true</executable>
         <run_address>0x17a0</run_address>
         <size>0x74</size>
         <alignment>0x4</alignment>
         <input_file_ref idref="fl-4"/>
      </object_component>
      <object_component id="oc-d4">
         <name>.text.InputPolling</name>
         <load_address>0x1814</load_address>
         <readonly>true</readonly>
         <executable>true</executable>
         <run_address>0x1814</run_address>
         <size>0x6c</size>
         <alignment>0x4</alignment>
         <input_file_ref idref="fl-1"/>
      </object_component>
      <object_component id="oc-67">
         <name>.text.OS_Kill</name>
         <load_address>0x1880</load_address>
         <readonly>true</readonly>
         <executable>true</executable>
         <run_address>0x1880</run_address>
         <size>0x6c</size>
         <alignment>0x4</alignment>
         <input_file_ref idref="fl-4"/>
      </object_component>
      <object_component id="oc-131">
         <name>.text.OS_bWait</name>
         <load_address>0x18ec</load_address>
         <readonly>true</readonly>
         <executable>true</executable>
         <run_address>0x18ec</run_address>
         <size>0x68</size>
         <alignment>0x4</alignment>
         <input_file_ref idref="fl-4"/>
      </object_component>
      <object_component id="oc-12b">
         <name>.text.TimerG12_IntArm</name>
         <load_address>0x1954</load_address>
         <readonly>true</readonly>
         <executable>true</executable>
         <run_address>0x1954</run_address>
         <size>0x68</size>
         <alignment>0x4</alignment>
         <input_file_ref idref="fl-22"/>
      </object_component>
      <object_component id="oc-d6">
         <name>.text.DisplayTemp</name>
         <load_address>0x19bc</load_address>
         <readonly>true</readonly>
         <executable>true</executable>
         <run_address>0x19bc</run_address>
         <size>0x64</size>
         <alignment>0x4</alignment>
         <input_file_ref idref="fl-2"/>
      </object_component>
      <object_component id="oc-12d">
         <name>.text.Fifo_Put</name>
         <load_address>0x1a20</load_address>
         <readonly>true</readonly>
         <executable>true</executable>
         <run_address>0x1a20</run_address>
         <size>0x60</size>
         <alignment>0x4</alignment>
         <input_file_ref idref="fl-3"/>
      </object_component>
      <object_component id="oc-3f">
         <name>.text.UART0_IRQHandler</name>
         <load_address>0x1a80</load_address>
         <readonly>true</readonly>
         <executable>true</executable>
         <run_address>0x1a80</run_address>
         <size>0x5c</size>
         <alignment>0x4</alignment>
         <input_file_ref idref="fl-1d"/>
      </object_component>
      <object_component id="oc-af">
         <name>.text.RxFifo_Put</name>
         <load_address>0x1adc</load_address>
         <readonly>true</readonly>
         <executable>true</executable>
         <run_address>0x1adc</run_address>
         <size>0x58</size>
         <alignment>0x4</alignment>
         <input_file_ref idref="fl-1b"/>
      </object_component>
      <object_component id="oc-b0">
         <name>.text.TxFifo_Get</name>
         <load_address>0x1b34</load_address>
         <readonly>true</readonly>
         <executable>true</executable>
         <run_address>0x1b34</run_address>
         <size>0x58</size>
         <alignment>0x4</alignment>
         <input_file_ref idref="fl-1b"/>
      </object_component>
      <object_component id="oc-db">
         <name>.text.DisplayStartMenu</name>
         <load_address>0x1b8c</load_address>
         <readonly>true</readonly>
         <executable>true</executable>
         <run_address>0x1b8c</run_address>
         <size>0x54</size>
         <alignment>0x4</alignment>
         <input_file_ref idref="fl-2"/>
      </object_component>
      <object_component id="oc-167">
         <name>.text.fillmessage</name>
         <load_address>0x1be0</load_address>
         <readonly>true</readonly>
         <executable>true</executable>
         <run_address>0x1be0</run_address>
         <size>0x54</size>
         <alignment>0x4</alignment>
         <input_file_ref idref="fl-20"/>
      </object_component>
      <object_component id="oc-a8">
         <name>.text.GetHighestPriority</name>
         <load_address>0x1c34</load_address>
         <readonly>true</readonly>
         <executable>true</executable>
         <run_address>0x1c34</run_address>
         <size>0x50</size>
         <alignment>0x4</alignment>
         <input_file_ref idref="fl-4"/>
      </object_component>
      <object_component id="oc-35">
         <name>.text</name>
         <load_address>0x1c84</load_address>
         <readonly>true</readonly>
         <executable>true</executable>
         <run_address>0x1c84</run_address>
         <size>0x50</size>
         <alignment>0x4</alignment>
         <input_file_ref idref="fl-8"/>
      </object_component>
      <object_component id="oc-130">
         <name>.text.Fifo_Get</name>
         <load_address>0x1cd4</load_address>
         <readonly>true</readonly>
         <executable>true</executable>
         <run_address>0x1cd4</run_address>
         <size>0x4c</size>
         <alignment>0x4</alignment>
         <input_file_ref idref="fl-3"/>
      </object_component>
      <object_component id="oc-78">
         <name>.text.copySoftwareToHardware</name>
         <load_address>0x1d20</load_address>
         <readonly>true</readonly>
         <executable>true</executable>
         <run_address>0x1d20</run_address>
         <size>0x4c</size>
         <alignment>0x4</alignment>
         <input_file_ref idref="fl-1d"/>
      </object_component>
      <object_component id="oc-161">
         <name>.text.InsertBlockedList</name>
         <load_address>0x1d6c</load_address>
         <readonly>true</readonly>
         <executable>true</executable>
         <run_address>0x1d6c</run_address>
         <size>0x48</size>
         <alignment>0x4</alignment>
         <input_file_ref idref="fl-4"/>
      </object_component>
      <object_component id="oc-17c">
         <name>.text.SPI_OutCommand</name>
         <load_address>0x1db4</load_address>
         <readonly>true</readonly>
         <executable>true</executable>
         <run_address>0x1db4</run_address>
         <size>0x48</size>
         <alignment>0x4</alignment>
         <input_file_ref idref="fl-1e"/>
      </object_component>
      <object_component id="oc-68">
         <name>.text.OS_Sleep</name>
         <load_address>0x1dfc</load_address>
         <readonly>true</readonly>
         <executable>true</executable>
         <run_address>0x1dfc</run_address>
         <size>0x44</size>
         <alignment>0x4</alignment>
         <input_file_ref idref="fl-4"/>
      </object_component>
      <object_component id="oc-199">
         <name>.text.SPI_Reset</name>
         <load_address>0x1e40</load_address>
         <readonly>true</readonly>
         <executable>true</executable>
         <run_address>0x1e40</run_address>
         <size>0x40</size>
         <alignment>0x4</alignment>
         <input_file_ref idref="fl-1e"/>
      </object_component>
      <object_component id="oc-71">
         <name>.text.__aeabi_uidivmod</name>
         <load_address>0x1e80</load_address>
         <readonly>true</readonly>
         <executable>true</executable>
         <run_address>0x1e80</run_address>
         <size>0x40</size>
         <alignment>0x4</alignment>
         <input_file_ref idref="fl-125"/>
      </object_component>
      <object_component id="oc-112">
         <name>.text.TcbFifoInit</name>
         <load_address>0x1ec0</load_address>
         <readonly>true</readonly>
         <executable>true</executable>
         <run_address>0x1ec0</run_address>
         <size>0x3c</size>
         <alignment>0x4</alignment>
         <input_file_ref idref="fl-4"/>
      </object_component>
      <object_component id="oc-a2">
         <name>.text.TcbFifoPut</name>
         <load_address>0x1efc</load_address>
         <readonly>true</readonly>
         <executable>true</executable>
         <run_address>0x1efc</run_address>
         <size>0x3c</size>
         <alignment>0x4</alignment>
         <input_file_ref idref="fl-4"/>
      </object_component>
      <object_component id="oc-e6">
         <name>.text:__TI_auto_init_nobinit_nopinit</name>
         <load_address>0x1f38</load_address>
         <readonly>true</readonly>
         <executable>true</executable>
         <run_address>0x1f38</run_address>
         <size>0x3c</size>
         <alignment>0x4</alignment>
         <input_file_ref idref="fl-53"/>
      </object_component>
      <object_component id="oc-10e">
         <name>.text.ActivatePortA_B</name>
         <load_address>0x1f74</load_address>
         <readonly>true</readonly>
         <executable>true</executable>
         <run_address>0x1f74</run_address>
         <size>0x38</size>
         <alignment>0x4</alignment>
         <input_file_ref idref="fl-17"/>
      </object_component>
      <object_component id="oc-181">
         <name>.text.SPI_OutData</name>
         <load_address>0x1fac</load_address>
         <readonly>true</readonly>
         <executable>true</executable>
         <run_address>0x1fac</run_address>
         <size>0x38</size>
         <alignment>0x4</alignment>
         <input_file_ref idref="fl-1e"/>
      </object_component>
      <object_component id="oc-196">
         <name>.text.Clock_Delay1ms</name>
         <load_address>0x1fe4</load_address>
         <readonly>true</readonly>
         <executable>true</executable>
         <run_address>0x1fe4</run_address>
         <size>0x34</size>
         <alignment>0x4</alignment>
         <input_file_ref idref="fl-d"/>
      </object_component>
      <object_component id="oc-d3">
         <name>.text.DAS</name>
         <load_address>0x2018</load_address>
         <readonly>true</readonly>
         <executable>true</executable>
         <run_address>0x2018</run_address>
         <size>0x34</size>
         <alignment>0x2</alignment>
         <input_file_ref idref="fl-1"/>
      </object_component>
      <object_component id="oc-132">
         <name>.text.ST7735_SetCursor</name>
         <load_address>0x204c</load_address>
         <readonly>true</readonly>
         <executable>true</executable>
         <run_address>0x204c</run_address>
         <size>0x34</size>
         <alignment>0x4</alignment>
         <input_file_ref idref="fl-20"/>
      </object_component>
      <object_component id="oc-a6">
         <name>.text.TcbFifoGet</name>
         <load_address>0x2080</load_address>
         <readonly>true</readonly>
         <executable>true</executable>
         <run_address>0x2080</run_address>
         <size>0x34</size>
         <alignment>0x4</alignment>
         <input_file_ref idref="fl-4"/>
      </object_component>
      <object_component id="oc-cc">
         <name>.text.DASInit</name>
         <load_address>0x20b4</load_address>
         <readonly>true</readonly>
         <executable>true</executable>
         <run_address>0x20b4</run_address>
         <size>0x32</size>
         <alignment>0x2</alignment>
         <input_file_ref idref="fl-1"/>
      </object_component>
      <object_component id="oc-11d">
         <name>.text.Fifo_Init</name>
         <load_address>0x20e8</load_address>
         <readonly>true</readonly>
         <executable>true</executable>
         <run_address>0x20e8</run_address>
         <size>0x30</size>
         <alignment>0x4</alignment>
         <input_file_ref idref="fl-3"/>
      </object_component>
      <object_component id="oc-17a">
         <name>.text.commonInit</name>
         <load_address>0x2118</load_address>
         <readonly>true</readonly>
         <executable>true</executable>
         <run_address>0x2118</run_address>
         <size>0x30</size>
         <alignment>0x4</alignment>
         <input_file_ref idref="fl-20"/>
      </object_component>
      <object_component id="oc-77">
         <name>.text.copyHardwareToSoftware</name>
         <load_address>0x2148</load_address>
         <readonly>true</readonly>
         <executable>true</executable>
         <run_address>0x2148</run_address>
         <size>0x30</size>
         <alignment>0x4</alignment>
         <input_file_ref idref="fl-1d"/>
      </object_component>
      <object_component id="oc-115">
         <name>.text.DisplayInit</name>
         <load_address>0x2178</load_address>
         <readonly>true</readonly>
         <executable>true</executable>
         <run_address>0x2178</run_address>
         <size>0x2c</size>
         <alignment>0x4</alignment>
         <input_file_ref idref="fl-2"/>
      </object_component>
      <object_component id="oc-159">
         <name>.text.ST7735_FillScreen</name>
         <load_address>0x21a4</load_address>
         <readonly>true</readonly>
         <executable>true</executable>
         <run_address>0x21a4</run_address>
         <size>0x2c</size>
         <alignment>0x4</alignment>
         <input_file_ref idref="fl-20"/>
      </object_component>
      <object_component id="oc-60">
         <name>.text:_c_int00_noargs</name>
         <load_address>0x21d0</load_address>
         <readonly>true</readonly>
         <executable>true</executable>
         <run_address>0x21d0</run_address>
         <size>0x28</size>
         <alignment>0x4</alignment>
         <input_file_ref idref="fl-51"/>
      </object_component>
      <object_component id="oc-137">
         <name>.text.ST7735_OutString</name>
         <load_address>0x21f8</load_address>
         <readonly>true</readonly>
         <executable>true</executable>
         <run_address>0x21f8</run_address>
         <size>0x26</size>
         <alignment>0x2</alignment>
         <input_file_ref idref="fl-20"/>
      </object_component>
      <object_component id="oc-155">
         <name>.text.TxFifo_Init</name>
         <load_address>0x2220</load_address>
         <readonly>true</readonly>
         <executable>true</executable>
         <run_address>0x2220</run_address>
         <size>0x24</size>
         <alignment>0x4</alignment>
         <input_file_ref idref="fl-1b"/>
      </object_component>
      <object_component id="oc-156">
         <name>.text.RxFifo_Init</name>
         <load_address>0x2244</load_address>
         <readonly>true</readonly>
         <executable>true</executable>
         <run_address>0x2244</run_address>
         <size>0x20</size>
         <alignment>0x4</alignment>
         <input_file_ref idref="fl-1b"/>
      </object_component>
      <object_component id="oc-18d">
         <name>.text.pushColor</name>
         <load_address>0x2264</load_address>
         <readonly>true</readonly>
         <executable>true</executable>
         <run_address>0x2264</run_address>
         <size>0x1e</size>
         <alignment>0x2</alignment>
         <input_file_ref idref="fl-20"/>
      </object_component>
      <object_component id="oc-33">
         <name>.text.Default_Handler</name>
         <load_address>0x2284</load_address>
         <readonly>true</readonly>
         <executable>true</executable>
         <run_address>0x2284</run_address>
         <size>0x1c</size>
         <alignment>0x4</alignment>
         <input_file_ref idref="fl-6"/>
      </object_component>
      <object_component id="oc-34">
         <name>.text.HardFault_Handler</name>
         <load_address>0x22a0</load_address>
         <readonly>true</readonly>
         <executable>true</executable>
         <run_address>0x22a0</run_address>
         <size>0x1c</size>
         <alignment>0x4</alignment>
         <input_file_ref idref="fl-6"/>
      </object_component>
      <object_component id="oc-111">
         <name>.text.OS_ClearMsTime</name>
         <load_address>0x22bc</load_address>
         <readonly>true</readonly>
         <executable>true</executable>
         <run_address>0x22bc</run_address>
         <size>0x1c</size>
         <alignment>0x4</alignment>
         <input_file_ref idref="fl-4"/>
      </object_component>
      <object_component id="oc-79">
         <name>.text.TxFifo_Size</name>
         <load_address>0x22d8</load_address>
         <readonly>true</readonly>
         <executable>true</executable>
         <run_address>0x22d8</run_address>
         <size>0x18</size>
         <alignment>0x4</alignment>
         <input_file_ref idref="fl-1b"/>
      </object_component>
      <object_component id="oc-a3">
         <name>.text.OS_Suspend</name>
         <load_address>0x22f0</load_address>
         <readonly>true</readonly>
         <executable>true</executable>
         <run_address>0x22f0</run_address>
         <size>0x14</size>
         <alignment>0x4</alignment>
         <input_file_ref idref="fl-4"/>
      </object_component>
      <object_component id="oc-69">
         <name>.text.OS_Time</name>
         <load_address>0x2304</load_address>
         <readonly>true</readonly>
         <executable>true</executable>
         <run_address>0x2304</run_address>
         <size>0x14</size>
         <alignment>0x4</alignment>
         <input_file_ref idref="fl-4"/>
      </object_component>
      <object_component id="oc-39">
         <name>.text.SysTick_Handler</name>
         <load_address>0x2318</load_address>
         <readonly>true</readonly>
         <executable>true</executable>
         <run_address>0x2318</run_address>
         <size>0x14</size>
         <alignment>0x4</alignment>
         <input_file_ref idref="fl-4"/>
      </object_component>
      <object_component id="oc-b6">
         <name>.text:TI_memcpy_small</name>
         <load_address>0x232c</load_address>
         <readonly>true</readonly>
         <executable>true</executable>
         <run_address>0x232c</run_address>
         <size>0x12</size>
         <alignment>0x1</alignment>
         <input_file_ref idref="fl-12c"/>
      </object_component>
      <object_component id="oc-20">
         <name>.text:decompress:none</name>
         <load_address>0x233e</load_address>
         <readonly>true</readonly>
         <executable>true</executable>
         <run_address>0x233e</run_address>
         <size>0x12</size>
         <alignment>0x2</alignment>
         <input_file_ref idref="fl-57"/>
      </object_component>
      <object_component id="oc-154">
         <name>.text.Clock_Delay</name>
         <load_address>0x2350</load_address>
         <readonly>true</readonly>
         <executable>true</executable>
         <run_address>0x2350</run_address>
         <size>0x10</size>
         <alignment>0x2</alignment>
         <input_file_ref idref="fl-d"/>
      </object_component>
      <object_component id="oc-152">
         <name>.text.Delay</name>
         <load_address>0x2360</load_address>
         <readonly>true</readonly>
         <executable>true</executable>
         <run_address>0x2360</run_address>
         <size>0x10</size>
         <alignment>0x2</alignment>
         <input_file_ref idref="fl-17"/>
      </object_component>
      <object_component id="oc-d5">
         <name>.text.HeartBeat</name>
         <load_address>0x2370</load_address>
         <readonly>true</readonly>
         <executable>true</executable>
         <run_address>0x2370</run_address>
         <size>0x10</size>
         <alignment>0x4</alignment>
         <input_file_ref idref="fl-1"/>
      </object_component>
      <object_component id="oc-113">
         <name>.text.OS_InitSemaphore</name>
         <load_address>0x2380</load_address>
         <readonly>true</readonly>
         <executable>true</executable>
         <run_address>0x2380</run_address>
         <size>0x10</size>
         <alignment>0x2</alignment>
         <input_file_ref idref="fl-4"/>
      </object_component>
      <object_component id="oc-5d">
         <name>.text:decompress:ZI</name>
         <load_address>0x2390</load_address>
         <readonly>true</readonly>
         <executable>true</executable>
         <run_address>0x2390</run_address>
         <size>0x10</size>
         <alignment>0x2</alignment>
         <input_file_ref idref="fl-56"/>
      </object_component>
      <object_component id="oc-105">
         <name>.text:TI_memset_small</name>
         <load_address>0x23a0</load_address>
         <readonly>true</readonly>
         <executable>true</executable>
         <run_address>0x23a0</run_address>
         <size>0xe</size>
         <alignment>0x1</alignment>
         <input_file_ref idref="fl-12d"/>
      </object_component>
      <object_component id="oc-157">
         <name>.text.Clock_Freq</name>
         <load_address>0x23b0</load_address>
         <readonly>true</readonly>
         <executable>true</executable>
         <run_address>0x23b0</run_address>
         <size>0xc</size>
         <alignment>0x4</alignment>
         <input_file_ref idref="fl-d"/>
      </object_component>
      <object_component id="oc-f9">
         <name>.text.OS_MsTime</name>
         <load_address>0x23bc</load_address>
         <readonly>true</readonly>
         <executable>true</executable>
         <run_address>0x23bc</run_address>
         <size>0xc</size>
         <alignment>0x4</alignment>
         <input_file_ref idref="fl-4"/>
      </object_component>
      <object_component id="oc-89">
         <name>.text.__aeabi_memclr</name>
         <load_address>0x23c8</load_address>
         <readonly>true</readonly>
         <executable>true</executable>
         <run_address>0x23c8</run_address>
         <size>0xc</size>
         <alignment>0x4</alignment>
         <input_file_ref idref="fl-124"/>
      </object_component>
      <object_component id="oc-50">
         <name>.text.__aeabi_memcpy</name>
         <load_address>0x23d4</load_address>
         <readonly>true</readonly>
         <executable>true</executable>
         <run_address>0x23d4</run_address>
         <size>0x8</size>
         <alignment>0x4</alignment>
         <input_file_ref idref="fl-123"/>
      </object_component>
      <object_component id="oc-df">
         <name>.text:abort</name>
         <load_address>0x23dc</load_address>
         <readonly>true</readonly>
         <executable>true</executable>
         <run_address>0x23dc</run_address>
         <size>0x6</size>
         <alignment>0x2</alignment>
         <input_file_ref idref="fl-4b"/>
      </object_component>
      <object_component id="oc-141">
         <name>.text.HOSTexit</name>
         <load_address>0x23e2</load_address>
         <readonly>true</readonly>
         <executable>true</executable>
         <run_address>0x23e2</run_address>
         <size>0x4</size>
         <alignment>0x2</alignment>
         <input_file_ref idref="fl-107"/>
      </object_component>
      <object_component id="oc-dc">
         <name>.text.IdleThread</name>
         <load_address>0x23e6</load_address>
         <readonly>true</readonly>
         <executable>true</executable>
         <run_address>0x23e6</run_address>
         <size>0x4</size>
         <alignment>0x2</alignment>
         <input_file_ref idref="fl-7"/>
      </object_component>
      <object_component id="oc-2f">
         <name>.text.Reset_Handler</name>
         <load_address>0x23ea</load_address>
         <readonly>true</readonly>
         <executable>true</executable>
         <run_address>0x23ea</run_address>
         <size>0x4</size>
         <alignment>0x2</alignment>
         <input_file_ref idref="fl-6"/>
      </object_component>
      <object_component id="oc-8e">
         <name>.text._system_pre_init</name>
         <load_address>0x23ee</load_address>
         <readonly>true</readonly>
         <executable>true</executable>
         <run_address>0x23ee</run_address>
         <size>0x4</size>
         <alignment>0x2</alignment>
         <input_file_ref idref="fl-54"/>
      </object_component>
      <object_component id="oc-1db">
         <name>.cinit..data.load</name>
         <load_address>0x2a18</load_address>
         <readonly>true</readonly>
         <run_address>0x2a18</run_address>
         <size>0x3f</size>
         <alignment>0x1</alignment>
      </object_component>
      <object_component id="oc-1d9">
         <name>__TI_handler_table</name>
         <load_address>0x2a58</load_address>
         <readonly>true</readonly>
         <run_address>0x2a58</run_address>
         <size>0xc</size>
         <alignment>0x4</alignment>
      </object_component>
      <object_component id="oc-1dc">
         <name>.cinit..bss.load</name>
         <load_address>0x2a64</load_address>
         <readonly>true</readonly>
         <run_address>0x2a64</run_address>
         <size>0x8</size>
         <alignment>0x4</alignment>
      </object_component>
      <object_component id="oc-1da">
         <name>__TI_cinit_table</name>
         <load_address>0x2a6c</load_address>
         <readonly>true</readonly>
         <run_address>0x2a6c</run_address>
         <size>0x10</size>
         <alignment>0x4</alignment>
      </object_component>
      <object_component id="oc-18e">
         <name>.rodata.Font</name>
         <load_address>0x23f8</load_address>
         <readonly>true</readonly>
         <run_address>0x23f8</run_address>
         <size>0x4fb</size>
         <alignment>0x1</alignment>
         <input_file_ref idref="fl-20"/>
      </object_component>
      <object_component id="oc-182">
         <name>.rodata.Rcmd1</name>
         <load_address>0x28f3</load_address>
         <readonly>true</readonly>
         <run_address>0x28f3</run_address>
         <size>0x3b</size>
         <alignment>0x1</alignment>
         <input_file_ref idref="fl-20"/>
      </object_component>
      <object_component id="oc-187">
         <name>.rodata.Rcmd3</name>
         <load_address>0x292e</load_address>
         <readonly>true</readonly>
         <run_address>0x292e</run_address>
         <size>0x2b</size>
         <alignment>0x1</alignment>
         <input_file_ref idref="fl-20"/>
      </object_component>
      <object_component id="oc-16e">
         <name>.rodata..L__const.DisplayAll.messages</name>
         <load_address>0x295c</load_address>
         <readonly>true</readonly>
         <run_address>0x295c</run_address>
         <size>0x18</size>
         <alignment>0x4</alignment>
         <input_file_ref idref="fl-2"/>
      </object_component>
      <object_component id="oc-13a">
         <name>.rodata.str1.1805084626193097879.1</name>
         <load_address>0x2974</load_address>
         <readonly>true</readonly>
         <run_address>0x2974</run_address>
         <size>0x16</size>
         <alignment>0x1</alignment>
         <input_file_ref idref="fl-2"/>
      </object_component>
      <object_component id="oc-18b">
         <name>.rodata.str1.2132471336006292093.1</name>
         <load_address>0x298a</load_address>
         <readonly>true</readonly>
         <run_address>0x298a</run_address>
         <size>0x16</size>
         <alignment>0x1</alignment>
         <input_file_ref idref="fl-20"/>
      </object_component>
      <object_component id="oc-13f">
         <name>.rodata.str1.12586329761307692536.1</name>
         <load_address>0x29a0</load_address>
         <readonly>true</readonly>
         <run_address>0x29a0</run_address>
         <size>0x15</size>
         <alignment>0x1</alignment>
         <input_file_ref idref="fl-2"/>
      </object_component>
      <object_component id="oc-140">
         <name>.rodata.str1.3522108666087863248.1</name>
         <load_address>0x29b5</load_address>
         <readonly>true</readonly>
         <run_address>0x29b5</run_address>
         <size>0x12</size>
         <alignment>0x1</alignment>
         <input_file_ref idref="fl-2"/>
      </object_component>
      <object_component id="oc-184">
         <name>.rodata.Rcmd2green</name>
         <load_address>0x29c7</load_address>
         <readonly>true</readonly>
         <run_address>0x29c7</run_address>
         <size>0xd</size>
         <alignment>0x1</alignment>
         <input_file_ref idref="fl-20"/>
      </object_component>
      <object_component id="oc-183">
         <name>.rodata.Rcmd2red</name>
         <load_address>0x29d4</load_address>
         <readonly>true</readonly>
         <run_address>0x29d4</run_address>
         <size>0xd</size>
         <alignment>0x1</alignment>
         <input_file_ref idref="fl-20"/>
      </object_component>
      <object_component id="oc-192">
         <name>.rodata.str1.11117414041277270069.1</name>
         <load_address>0x29e1</load_address>
         <readonly>true</readonly>
         <run_address>0x29e1</run_address>
         <size>0x8</size>
         <alignment>0x1</alignment>
         <input_file_ref idref="fl-2"/>
      </object_component>
      <object_component id="oc-193">
         <name>.rodata.str1.12737445797831605391.1</name>
         <load_address>0x29e9</load_address>
         <readonly>true</readonly>
         <run_address>0x29e9</run_address>
         <size>0x8</size>
         <alignment>0x1</alignment>
         <input_file_ref idref="fl-2"/>
      </object_component>
      <object_component id="oc-190">
         <name>.rodata.str1.15820903164514404521.1</name>
         <load_address>0x29f1</load_address>
         <readonly>true</readonly>
         <run_address>0x29f1</run_address>
         <size>0x8</size>
         <alignment>0x1</alignment>
         <input_file_ref idref="fl-2"/>
      </object_component>
      <object_component id="oc-191">
         <name>.rodata.str1.17077673295598305367.1</name>
         <load_address>0x29f9</load_address>
         <readonly>true</readonly>
         <run_address>0x29f9</run_address>
         <size>0x8</size>
         <alignment>0x1</alignment>
         <input_file_ref idref="fl-2"/>
      </object_component>
      <object_component id="oc-18f">
         <name>.rodata.str1.185770367072186849.1</name>
         <load_address>0x2a01</load_address>
         <readonly>true</readonly>
         <run_address>0x2a01</run_address>
         <size>0x8</size>
         <alignment>0x1</alignment>
         <input_file_ref idref="fl-2"/>
      </object_component>
      <object_component id="oc-194">
         <name>.rodata.str1.6298840124134917460.1</name>
         <load_address>0x2a09</load_address>
         <readonly>true</readonly>
         <run_address>0x2a09</run_address>
         <size>0x8</size>
         <alignment>0x1</alignment>
         <input_file_ref idref="fl-2"/>
      </object_component>
      <object_component id="oc-1a3">
         <name>.binit</name>
         <load_address>0x0</load_address>
         <readonly>true</readonly>
         <run_address>0x0</run_address>
         <size>0x0</size>
         <alignment>0x4</alignment>
      </object_component>
      <object_component id="oc-f8">
         <name>.data.TcbFifo</name>
         <load_address>0x202039d0</load_address>
         <readwrite>true</readwrite>
         <run_address>0x202039d0</run_address>
         <size>0x2c</size>
         <alignment>0x4</alignment>
         <input_file_ref idref="fl-4"/>
      </object_component>
      <object_component id="oc-84">
         <name>.data.Scheduler</name>
         <load_address>0x20203984</load_address>
         <readwrite>true</readwrite>
         <run_address>0x20203984</run_address>
         <size>0x4c</size>
         <alignment>0x4</alignment>
         <input_file_ref idref="fl-4"/>
      </object_component>
      <object_component id="oc-12a">
         <name>.data.isLaunched</name>
         <load_address>0x20203a0c</load_address>
         <readwrite>true</readwrite>
         <run_address>0x20203a0c</run_address>
         <size>0x4</size>
         <alignment>0x4</alignment>
         <input_file_ref idref="fl-4"/>
      </object_component>
      <object_component id="oc-76">
         <name>.data.PTaskSchedule</name>
         <load_address>0x20203294</load_address>
         <readwrite>true</readwrite>
         <run_address>0x20203294</run_address>
         <size>0x6f0</size>
         <alignment>0x4</alignment>
         <input_file_ref idref="fl-4"/>
      </object_component>
      <object_component id="oc-a7">
         <name>.data.ThreadIdCounter</name>
         <load_address>0x20203a08</load_address>
         <readwrite>true</readwrite>
         <run_address>0x20203a08</run_address>
         <size>0x4</size>
         <alignment>0x4</alignment>
         <input_file_ref idref="fl-4"/>
      </object_component>
      <object_component id="oc-10b">
         <name>.data.BusFreq</name>
         <load_address>0x202039fc</load_address>
         <readwrite>true</readwrite>
         <run_address>0x202039fc</run_address>
         <size>0x4</size>
         <alignment>0x4</alignment>
         <input_file_ref idref="fl-d"/>
      </object_component>
      <object_component id="oc-162">
         <name>.data.StX</name>
         <load_address>0x20203a00</load_address>
         <readwrite>true</readwrite>
         <run_address>0x20203a00</run_address>
         <size>0x4</size>
         <alignment>0x4</alignment>
         <input_file_ref idref="fl-20"/>
      </object_component>
      <object_component id="oc-163">
         <name>.data.StY</name>
         <load_address>0x20203a04</load_address>
         <readwrite>true</readwrite>
         <run_address>0x20203a04</run_address>
         <size>0x4</size>
         <alignment>0x4</alignment>
         <input_file_ref idref="fl-20"/>
      </object_component>
      <object_component id="oc-16c">
         <name>.data.StTextColor</name>
         <load_address>0x20203a10</load_address>
         <readwrite>true</readwrite>
         <run_address>0x20203a10</run_address>
         <size>0x2</size>
         <alignment>0x2</alignment>
         <input_file_ref idref="fl-20"/>
      </object_component>
      <object_component id="oc-189">
         <name>.data._width</name>
         <load_address>0x20203a14</load_address>
         <readwrite>true</readwrite>
         <run_address>0x20203a14</run_address>
         <size>0x2</size>
         <alignment>0x2</alignment>
         <input_file_ref idref="fl-20"/>
      </object_component>
      <object_component id="oc-18a">
         <name>.data._height</name>
         <load_address>0x20203a12</load_address>
         <readwrite>true</readwrite>
         <run_address>0x20203a12</run_address>
         <size>0x2</size>
         <alignment>0x2</alignment>
         <input_file_ref idref="fl-20"/>
      </object_component>
      <object_component id="oc-12e">
         <name>.bss.PrevMode</name>
         <uninitialized>true</uninitialized>
         <readwrite>true</readwrite>
         <run_address>0x20203254</run_address>
         <size>0x4</size>
         <alignment>0x4</alignment>
         <input_file_ref idref="fl-1"/>
      </object_component>
      <object_component id="oc-12f">
         <name>.bss.PrevEnter</name>
         <uninitialized>true</uninitialized>
         <readwrite>true</readwrite>
         <run_address>0x20203250</run_address>
         <size>0x4</size>
         <alignment>0x4</alignment>
         <input_file_ref idref="fl-1"/>
      </object_component>
      <object_component id="oc-13b">
         <name>.bss.input</name>
         <uninitialized>true</uninitialized>
         <readwrite>true</readwrite>
         <run_address>0x20203258</run_address>
         <size>0x4</size>
         <alignment>0x4</alignment>
         <input_file_ref idref="fl-2"/>
      </object_component>
      <object_component id="oc-102">
         <name>.bss.TxFifo</name>
         <uninitialized>true</uninitialized>
         <readwrite>true</readwrite>
         <run_address>0x202031b4</run_address>
         <size>0x40</size>
         <alignment>0x1</alignment>
         <input_file_ref idref="fl-1b"/>
      </object_component>
      <object_component id="oc-100">
         <name>.bss.RxFifo</name>
         <uninitialized>true</uninitialized>
         <readwrite>true</readwrite>
         <run_address>0x202031f4</run_address>
         <size>0x10</size>
         <alignment>0x1</alignment>
         <input_file_ref idref="fl-1b"/>
      </object_component>
      <object_component id="oc-185">
         <name>.bss.ColStart</name>
         <uninitialized>true</uninitialized>
         <readwrite>true</readwrite>
         <run_address>0x20203290</run_address>
         <size>0x1</size>
         <alignment>0x1</alignment>
         <input_file_ref idref="fl-20"/>
      </object_component>
      <object_component id="oc-186">
         <name>.bss.RowStart</name>
         <uninitialized>true</uninitialized>
         <readwrite>true</readwrite>
         <run_address>0x20203291</run_address>
         <size>0x1</size>
         <alignment>0x1</alignment>
         <input_file_ref idref="fl-20"/>
      </object_component>
      <object_component id="oc-188">
         <name>.bss.TabColor</name>
         <uninitialized>true</uninitialized>
         <readwrite>true</readwrite>
         <run_address>0x20203292</run_address>
         <size>0x1</size>
         <alignment>0x1</alignment>
         <input_file_ref idref="fl-20"/>
      </object_component>
      <object_component id="oc-139">
         <name>.common:LCD_Mutex</name>
         <uninitialized>true</uninitialized>
         <readwrite>true</readwrite>
         <run_address>0x20203204</run_address>
         <size>0x10</size>
         <alignment>0x4</alignment>
      </object_component>
      <object_component id="oc-15c">
         <name>.common:Fifos</name>
         <uninitialized>true</uninitialized>
         <readwrite>true</readwrite>
         <run_address>0x20202968</run_address>
         <size>0x428</size>
         <alignment>0x4</alignment>
      </object_component>
      <object_component id="oc-81">
         <name>.common:TimeMs</name>
         <uninitialized>true</uninitialized>
         <readwrite>true</readwrite>
         <run_address>0x2020327c</run_address>
         <size>0x4</size>
         <alignment>0x4</alignment>
      </object_component>
      <object_component id="oc-6b">
[...]
      <symbol id="sm-e6">
         <name>OS_bWait</name>
         <value>0x18ed</value>
         <object_component_ref idref="oc-131"/>
      </symbol>
      <symbol id="sm-e7">
         <name>OS_Suspend</name>
         <value>0x22f1</value>
         <object_component_ref idref="oc-a3"/>
      </symbol>
      <symbol id="sm-e8">
         <name>Scheduler</name>
         <value>0x20203984</value>
         <object_component_ref idref="oc-84"/>
      </symbol>
      <symbol id="sm-e9">
         <name>sr</name>
         <value>0x2020328c</value>
      </symbol>
      <symbol id="sm-ea">
         <name>OS_bSignal</name>
         <value>0x109d</value>
         <object_component_ref idref="oc-fd"/>
      </symbol>
      <symbol id="sm-eb">
         <name>OS_AddThread</name>
         <value>0x17a1</value>
         <object_component_ref idref="oc-6a"/>
      </symbol>
      <symbol id="sm-ec">
         <name>OS_AddPeriodicThread</name>
         <value>0xd49</value>
         <object_component_ref idref="oc-d1"/>
      </symbol>
      <symbol id="sm-ed">
         <name>NumPeriodicThreads</name>
         <value>0x20203264</value>
      </symbol>
      <symbol id="sm-ee">
         <name>isLaunched</name>
         <value>0x20203a0c</value>
         <object_component_ref idref="oc-12a"/>
      </symbol>
      <symbol id="sm-ef">
         <name>PTaskIdx</name>
         <value>0x20203268</value>
      </symbol>
      <symbol id="sm-f0">
         <name>PTaskSchedule</name>
         <value>0x20203294</value>
         <object_component_ref idref="oc-76"/>
      </symbol>
      <symbol id="sm-f1">
         <name>TIMG7_IRQHandler</name>
         <value>0x113d</value>
         <object_component_ref idref="oc-44"/>
      </symbol>
      <symbol id="sm-f2">
         <name>secretTimeMs</name>
         <value>0x20203288</value>
      </symbol>
      <symbol id="sm-f3">
         <name>SleepyThreadsHead</name>
         <value>0x20203278</value>
      </symbol>
      <symbol id="sm-f4">
         <name>OS_Sleep</name>
         <value>0x1dfd</value>
         <object_component_ref idref="oc-68"/>
      </symbol>
      <symbol id="sm-f5">
         <name>OS_Kill</name>
         <value>0x1881</value>
         <object_component_ref idref="oc-67"/>
      </symbol>
      <symbol id="sm-f6">
         <name>TcbFifo</name>
         <value>0x202039d0</value>
         <object_component_ref idref="oc-f8"/>
      </symbol>
      <symbol id="sm-f7">
         <name>OS_Time</name>
         <value>0x2305</value>
         <object_component_ref idref="oc-69"/>
      </symbol>
      <symbol id="sm-f8">
         <name>OS_Launch</name>
         <value>0x1309</value>
         <object_component_ref idref="oc-d2"/>
      </symbol>
      <symbol id="sm-f9">
         <name>TIMG8_IRQHandler</name>
         <value>0x1271</value>
         <object_component_ref idref="oc-3e"/>
      </symbol>
      <symbol id="sm-fa">
         <name>NextThreadPt</name>
         <value>0x20203260</value>
      </symbol>
      <symbol id="sm-10c">
         <name>Default_Handler</name>
         <value>0x2285</value>
         <object_component_ref idref="oc-33"/>
      </symbol>
      <symbol id="sm-10d">
         <name>Reset_Handler</name>
         <value>0x23eb</value>
         <object_component_ref idref="oc-2f"/>
      </symbol>
      <symbol id="sm-10e">
         <name>HardFault_Handler</name>
         <value>0x22a1</value>
         <object_component_ref idref="oc-34"/>
      </symbol>
      <symbol id="sm-10f">
         <name>interruptVectors</name>
         <value>0x0</value>
         <object_component_ref idref="oc-18"/>
      </symbol>
      <symbol id="sm-110">
         <name>NMI_Handler</name>
         <value>0x2285</value>
         <object_component_ref idref="oc-33"/>
      </symbol>
      <symbol id="sm-111">
         <name>GROUP0_IRQHandler</name>
         <value>0x2285</value>
         <object_component_ref idref="oc-33"/>
      </symbol>
      <symbol id="sm-112">
         <name>GROUP1_IRQHandler</name>
         <value>0x2285</value>
         <object_component_ref idref="oc-33"/>
      </symbol>
      <symbol id="sm-113">
         <name>UART3_IRQHandler</name>
         <value>0x2285</value>
         <object_component_ref idref="oc-33"/>
      </symbol>
      <symbol id="sm-114">
         <name>ADC0_IRQHandler</name>
         <value>0x2285</value>
         <object_component_ref idref="oc-33"/>
      </symbol>
      <symbol id="sm-115">
         <name>ADC1_IRQHandler</name>
         <value>0x2285</value>
         <object_component_ref idref="oc-33"/>
      </symbol>
      <symbol id="sm-116">
         <name>CANFD0_IRQHandler</name>
         <value>0x2285</value>
         <object_component_ref idref="oc-33"/>
      </symbol>
      <symbol id="sm-117">
         <name>DAC0_IRQHandler</name>
         <value>0x2285</value>
         <object_component_ref idref="oc-33"/>
      </symbol>
      <symbol id="sm-118">
         <name>SPI0_IRQHandler</name>
         <value>0x2285</value>
         <object_component_ref idref="oc-33"/>
      </symbol>
      <symbol id="sm-119">
         <name>SPI1_IRQHandler</name>
         <value>0x2285</value>
         <object_component_ref idref="oc-33"/>
      </symbol>
      <symbol id="sm-11a">
         <name>UART1_IRQHandler</name>
         <value>0x2285</value>
         <object_component_ref idref="oc-33"/>
      </symbol>
      <symbol id="sm-11b">
         <name>UART2_IRQHandler</name>
         <value>0x2285</value>
         <object_component_ref idref="oc-33"/>
      </symbol>
      <symbol id="sm-11c">
         <name>TIMG0_IRQHandler</name>
         <value>0x2285</value>
         <object_component_ref idref="oc-33"/>
      </symbol>
      <symbol id="sm-11d">
         <name>TIMG6_IRQHandler</name>
         <value>0x2285</value>
         <object_component_ref idref="oc-33"/>
      </symbol>
      <symbol id="sm-11e">
         <name>TIMA0_IRQHandler</name>
         <value>0x2285</value>
         <object_component_ref idref="oc-33"/>
      </symbol>
      <symbol id="sm-11f">
         <name>TIMA1_IRQHandler</name>
         <value>0x2285</value>
         <object_component_ref idref="oc-33"/>
      </symbol>
      <symbol id="sm-120">
         <name>TIMG12_IRQHandler</name>
         <value>0x2285</value>
         <object_component_ref idref="oc-33"/>
      </symbol>
      <symbol id="sm-121">
         <name>I2C0_IRQHandler</name>
         <value>0x2285</value>
         <object_component_ref idref="oc-33"/>
      </symbol>
      <symbol id="sm-122">
         <name>I2C1_IRQHandler</name>
         <value>0x2285</value>
         <object_component_ref idref="oc-33"/>
      </symbol>
      <symbol id="sm-123">
         <name>AES_IRQHandler</name>
         <value>0x2285</value>
         <object_component_ref idref="oc-33"/>
      </symbol>
      <symbol id="sm-124">
         <name>RTC_IRQHandler</name>
         <value>0x2285</value>
         <object_component_ref idref="oc-33"/>
      </symbol>
      <symbol id="sm-125">
         <name>DMA_IRQHandler</name>
         <value>0x2285</value>
         <object_component_ref idref="oc-33"/>
      </symbol>
      <symbol id="sm-135">
         <name>Logic_Init</name>
         <value>0xbb1</value>
         <object_component_ref idref="oc-ca"/>
      </symbol>
      <symbol id="sm-136">
         <name>main</name>
         <value>0x1729</value>
         <object_component_ref idref="oc-92"/>
      </symbol>
      <symbol id="sm-13f">
         <name>StartOS</name>
         <value>0x1c9a</value>
         <object_component_ref idref="oc-35"/>
      </symbol>
      <symbol id="sm-140">
         <name>PendSV_Handler</name>
         <value>0x1c9d</value>
         <object_component_ref idref="oc-35"/>
      </symbol>
      <symbol id="sm-141">
         <name>OSDisableInterrupts</name>
         <value>0x1c84</value>
         <object_component_ref idref="oc-35"/>
      </symbol>
      <symbol id="sm-142">
         <name>OSEnableInterrupts</name>
         <value>0x1c88</value>
         <object_component_ref idref="oc-35"/>
      </symbol>
      <symbol id="sm-143">
         <name>SVC_Handler</name>
         <value>0x1cb9</value>
         <object_component_ref idref="oc-35"/>
      </symbol>
      <symbol id="sm-144">
         <name>StartCritical</name>
         <value>0x1c8c</value>
         <object_component_ref idref="oc-35"/>
      </symbol>
      <symbol id="sm-145">
         <name>EndCritical</name>
         <value>0x1c94</value>
         <object_component_ref idref="oc-35"/>
      </symbol>
      <symbol id="sm-19a">
         <name>ADC_Init</name>
         <value>0x76d</value>
         <object_component_ref idref="oc-118"/>
      </symbol>
      <symbol id="sm-19b">
         <name>ADC_In</name>
         <value>0xe01</value>
         <object_component_ref idref="oc-12c"/>
      </symbol>
      <symbol id="sm-1b1">
         <name>Clock_Freq</name>
         <value>0x23b1</value>
         <object_component_ref idref="oc-157"/>
      </symbol>
      <symbol id="sm-1b2">
         <name>BusFreq</name>
         <value>0x202039fc</value>
         <object_component_ref idref="oc-10b"/>
      </symbol>
      <symbol id="sm-1b3">
         <name>Clock_Init80MHz</name>
         <value>0xc1</value>
         <object_component_ref idref="oc-c0"/>
      </symbol>
      <symbol id="sm-1b4">
         <name>Clock_Delay</name>
         <value>0x2351</value>
         <object_component_ref idref="oc-154"/>
      </symbol>
      <symbol id="sm-1b5">
         <name>Clock_Delay1ms</name>
         <value>0x1fe5</value>
         <object_component_ref idref="oc-196"/>
      </symbol>
      <symbol id="sm-1ce">
         <name>Delay</name>
         <value>0x2361</value>
         <object_component_ref idref="oc-152"/>
      </symbol>
      <symbol id="sm-1cf">
         <name>ActivatePortA_B</name>
         <value>0x1f75</value>
         <object_component_ref idref="oc-10e"/>
      </symbol>
      <symbol id="sm-1d0">
         <name>LaunchPad_Init</name>
         <value>0x15b9</value>
         <object_component_ref idref="oc-c5"/>
      </symbol>
      <symbol id="sm-1ed">
         <name>TxFifo_Init</name>
         <value>0x2221</value>
         <object_component_ref idref="oc-155"/>
      </symbol>
      <symbol id="sm-1ee">
         <name>TxGetI</name>
         <value>0x20203280</value>
      </symbol>
      <symbol id="sm-1ef">
         <name>TxPutI</name>
         <value>0x20203284</value>
      </symbol>
      <symbol id="sm-1f0">
         <name>TxFifoFull</name>
         <value>0x20203234</value>
      </symbol>
      <symbol id="sm-1f1">
         <name>TxFifo_Get</name>
         <value>0x1b35</value>
         <object_component_ref idref="oc-b0"/>
      </symbol>
      <symbol id="sm-1f2">
         <name>TxFifo_Size</name>
         <value>0x22d9</value>
         <object_component_ref idref="oc-79"/>
      </symbol>
      <symbol id="sm-1f3">
         <name>RxFifo_Init</name>
         <value>0x2245</value>
         <object_component_ref idref="oc-156"/>
      </symbol>
      <symbol id="sm-1f4">
         <name>RxGetI</name>
         <value>0x20203270</value>
      </symbol>
      <symbol id="sm-1f5">
         <name>RxPutI</name>
         <value>0x20203274</value>
      </symbol>
      <symbol id="sm-1f6">
         <name>RxFifoEmpty</name>
         <value>0x20203214</value>
      </symbol>
      <symbol id="sm-1f7">
         <name>RxFifo_Put</name>
         <value>0x1add</value>
         <object_component_ref idref="oc-af"/>
      </symbol>
      <symbol id="sm-20d">
         <name>UART_Init</name>
         <value>0x41d</value>
         <object_component_ref idref="oc-114"/>
      </symbol>
      <symbol id="sm-20e">
         <name>UART0_IRQHandler</name>
         <value>0x1a81</value>
         <object_component_ref idref="oc-3f"/>
      </symbol>
      <symbol id="sm-221">
         <name>SPI_Init</name>
         <value>0x85d</value>
         <object_component_ref idref="oc-195"/>
      </symbol>
      <symbol id="sm-222">
         <name>SPI_Reset</name>
         <value>0x1e41</value>
         <object_component_ref idref="oc-199"/>
      </symbol>
      <symbol id="sm-223">
         <name>SPI_OutData</name>
         <value>0x1fad</value>
         <object_component_ref idref="oc-181"/>
      </symbol>
      <symbol id="sm-224">
         <name>SPI_OutCommand</name>
         <value>0x1db5</value>
         <object_component_ref idref="oc-17c"/>
      </symbol>
      <symbol id="sm-26b">
         <name>ST7735_SetCursor</name>
         <value>0x204d</value>
         <object_component_ref idref="oc-132"/>
      </symbol>
      <symbol id="sm-26c">
         <name>ST7735_FillScreen</name>
         <value>0x21a5</value>
         <object_component_ref idref="oc-159"/>
      </symbol>
      <symbol id="sm-26d">
         <name>StTextColor</name>
         <value>0x20203a10</value>
         <object_component_ref idref="oc-16c"/>
      </symbol>
      <symbol id="sm-26e">
         <name>StX</name>
         <value>0x20203a00</value>
         <object_component_ref idref="oc-162"/>
      </symbol>
      <symbol id="sm-26f">
         <name>StY</name>
         <value>0x20203a04</value>
         <object_component_ref idref="oc-163"/>
      </symbol>
      <symbol id="sm-270">
         <name>ST7735_FillRect</name>
         <value>0x555</value>
         <object_component_ref idref="oc-16d"/>
      </symbol>
      <symbol id="sm-271">
         <name>ST7735_InitR</name>
         <value>0x11d9</value>
         <object_component_ref idref="oc-158"/>
      </symbol>
      <symbol id="sm-272">
         <name>ST7735_DrawChar</name>
         <value>0x275</value>
         <object_component_ref idref="oc-169"/>
      </symbol>
      <symbol id="sm-273">
         <name>ST7735_DrawString</name>
         <value>0x14b1</value>
         <object_component_ref idref="oc-168"/>
      </symbol>
      <symbol id="sm-274">
         <name>fillmessage</name>
         <value>0x1be1</value>
         <object_component_ref idref="oc-167"/>
      </symbol>
      <symbol id="sm-275">
         <name>Messageindex</name>
         <value>0x2020325c</value>
      </symbol>
      <symbol id="sm-276">
         <name>Message</name>
         <value>0x20203244</value>
      </symbol>
      <symbol id="sm-277">
         <name>ST7735_OutUDec</name>
         <value>0x1535</value>
         <object_component_ref idref="oc-138"/>
      </symbol>
      <symbol id="sm-278">
         <name>ST7735_OutChar</name>
         <value>0xae1</value>
         <object_component_ref idref="oc-166"/>
      </symbol>
      <symbol id="sm-279">
         <name>ST7735_OutString</name>
         <value>0x21f9</value>
         <object_component_ref idref="oc-137"/>
      </symbol>
      <symbol id="sm-289">
         <name>TimerG8_IntArm</name>
         <value>0xf51</value>
         <object_component_ref idref="oc-124"/>
      </symbol>
      <symbol id="sm-28a">
         <name>TimerG7_IntArm</name>
         <value>0xea9</value>
         <object_component_ref idref="oc-153"/>
      </symbol>
      <symbol id="sm-28b">
         <name>TimerG12_IntArm</name>
         <value>0x1955</value>
         <object_component_ref idref="oc-12b"/>
      </symbol>
      <symbol id="sm-28c">
         <name>__TI_ATRegion0_src_addr</name>
         <value>0x0</value>
      </symbol>
      <symbol id="sm-28d">
         <name>__TI_ATRegion0_trg_addr</name>
         <value>0x0</value>
      </symbol>
      <symbol id="sm-28e">
         <name>__TI_ATRegion0_region_sz</name>
         <value>0x0</value>
      </symbol>
      <symbol id="sm-28f">
         <name>__TI_ATRegion1_src_addr</name>
         <value>0x0</value>
      </symbol>
      <symbol id="sm-290">
         <name>__TI_ATRegion1_trg_addr</name>
         <value>0x0</value>
      </symbol>
      <symbol id="sm-291">
         <name>__TI_ATRegion1_region_sz</name>
         <value>0x0</value>
      </symbol>
      <symbol id="sm-292">
         <name>__TI_ATRegion2_src_addr</name>
         <value>0x0</value>
      </symbol>
      <symbol id="sm-293">
         <name>__TI_ATRegion2_trg_addr</name>
         <value>0x0</value>
      </symbol>
      <symbol id="sm-294">
         <name>__TI_ATRegion2_region_sz</name>
         <value>0x0</value>
      </symbol>
      <symbol id="sm-2a2">
         <name>abort</name>
         <value>0x23dd</value>
         <object_component_ref idref="oc-df"/>
      </symbol>
      <symbol id="sm-2b2">
         <name>_c_int00_noargs</name>
         <value>0x21d1</value>
         <object_component_ref idref="oc-60"/>
      </symbol>
      <symbol id="sm-2b3">
         <name>__stack</name>
         <value>0x20207e00</value>
         <object_component_ref idref="oc-1a"/>
      </symbol>
      <symbol id="sm-2bf">
         <name>__TI_auto_init_nobinit_nopinit</name>
         <value>0x1f39</value>
         <object_component_ref idref="oc-e6"/>
      </symbol>
      <symbol id="sm-2c7">
         <name>_system_pre_init</name>
         <value>0x23ef</value>
         <object_component_ref idref="oc-8e"/>
      </symbol>
      <symbol id="sm-2d2">
         <name>__TI_zero_init</name>
         <value>0x2391</value>
         <object_component_ref idref="oc-5d"/>
      </symbol>
      <symbol id="sm-2db">
         <name>__TI_decompress_none</name>
         <value>0x233f</value>
         <object_component_ref idref="oc-20"/>
      </symbol>
      <symbol id="sm-2e6">
         <name>__TI_decompress_lzss</name>
         <value>0x1635</value>
         <object_component_ref idref="oc-1c"/>
      </symbol>
      <symbol id="sm-2fc">
         <name>HOSTexit</name>
         <value>0x23e3</value>
         <object_component_ref idref="oc-141"/>
      </symbol>
      <symbol id="sm-2fd">
         <name>C$$EXIT</name>
         <value>0x23e2</value>
         <object_component_ref idref="oc-141"/>
      </symbol>
      <symbol id="sm-313">
         <name>__aeabi_memcpy</name>
         <value>0x23d5</value>
         <object_component_ref idref="oc-50"/>
      </symbol>
      <symbol id="sm-314">
         <name>__aeabi_memcpy4</name>
         <value>0x23d5</value>
         <object_component_ref idref="oc-50"/>
      </symbol>
      <symbol id="sm-315">
         <name>__aeabi_memcpy8</name>
         <value>0x23d5</value>
         <object_component_ref idref="oc-50"/>
      </symbol>
      <symbol id="sm-31c">
         <name>__aeabi_memclr</name>
         <value>0x23c9</value>
         <object_component_ref idref="oc-89"/>
      </symbol>
      <symbol id="sm-31d">
         <name>__aeabi_memclr4</name>
         <value>0x23c9</value>
         <object_component_ref idref="oc-89"/>
      </symbol>
      <symbol id="sm-31e">
         <name>__aeabi_memclr8</name>
         <value>0x23c9</value>
         <object_component_ref idref="oc-89"/>
      </symbol>
      <symbol id="sm-324">
         <name>__aeabi_uidiv</name>
         <value>0x1e81</value>
         <object_component_ref idref="oc-71"/>
      </symbol>
      <symbol id="sm-325">
         <name>__aeabi_uidivmod</name>
         <value>0x1e81</value>
         <object_component_ref idref="oc-71"/>
      </symbol>
      <symbol id="sm-330">
         <name>__aeabi_idiv0</name>
         <value>0x109b</value>
         <object_component_ref idref="oc-a9"/>
      </symbol>
      <symbol id="sm-33a">
         <name>TI_memcpy_small</name>
         <value>0x232d</value>
         <object_component_ref idref="oc-b6"/>
      </symbol>
      <symbol id="sm-343">
         <name>TI_memset_small</name>
         <value>0x23a1</value>
         <object_component_ref idref="oc-105"/>
      </symbol>
      <symbol id="sm-344">
         <name>__TI_static_base__</name>
         <value>0x0</value>
      </symbol>
      <symbol id="sm-347">
         <name>__mpu_init</name>
         <value>0x0</value>
      </symbol>
      <symbol id="sm-348">
         <name>_system_post_cinit</name>
         <value>0x0</value>
      </symbol>
   </symbol_table>
   <title>Link successful</title>
</link_info>
