******************************************************************************
            TI ARM Clang Linker Unix v4.0.4                    
******************************************************************************
>> Linked Fri Feb 27 18:52:51 2026

OUTPUT FILE NAME:   <SwanGanz.out>
ENTRY POINT SYMBOL: "_c_int00_noargs"  address: 000017d1


MEMORY CONFIGURATION

         name            origin    length      used     unused   attr    fill
----------------------  --------  ---------  --------  --------  ----  --------
  FLASH                 00000000   00020000  00001fc8  0001e038  R  X
  SRAM                  20200000   00008000  00000769  00007897  RW X
  BCR_CONFIG            41c00000   000000ff  00000000  000000ff  R   
  BSL_CONFIG            41c00100   00000080  00000000  00000080  R   


SEGMENT ALLOCATION MAP

run origin  load origin   length   init length attrs members
----------  ----------- ---------- ----------- ----- -------
00000000    00000000    00001fc8   00001fc8    r-x
  00000000    00000000    000000c0   000000c0    r-- .intvecs
  000000c0    000000c0    00001928   00001928    r-x .text
  000019e8    000019e8    00000598   00000598    r-- .rodata
  00001f80    00001f80    00000048   00000048    r-- .cinit
20200000    20200000    0000056a   00000000    rw-
  20200000    20200000    000004cb   00000000    rw- .bss
  202004cc    202004cc    0000009e   00000000    rw- .data
20207e00    20207e00    00000200   00000000    rw-
  20207e00    20207e00    00000200   00000000    rw- .stack


SECTION ALLOCATION MAP

 output                                  attributes/
section   page    origin      length       input sections
--------  ----  ----------  ----------   ----------------
.intvecs   0    00000000    000000c0     
                  00000000    000000c0     startup_mspm0g350x_ticlang.o (.intvecs)

.text      0    000000c0    00001928     
                  000000c0    000001b4     Clock.o (.text.Clock_Init80MHz)
                  00000274    000001a8     ST7735.o (.text.ST7735_DrawChar)
                  0000041c    0000013c     DAS.o (.text.TIMG0_IRQHandler)
                  00000558    00000118     ST7735.o (.text.ST7735_FillRect)
                  00000670    00000100     OS.o (.text.RemoveRunThreadList)
                  00000770    000000f0     ADC.o (.text.ADC_Init)
                  00000860    000000e4     SPI.o (.text.SPI_Init)
                  00000944    000000d0     OS.o (.text.InsertSleepyThread)
                  00000a14    000000d0     ST7735.o (.text.ST7735_OutChar)
                  00000ae4    000000a4     main.o (.text.Logic_Init)
                  00000b88    000000a4     Timer.o (.text.TimerG0_IntArm)
                  00000c2c    000000a2     ST7735.o (.text.commandList)
                  00000cce    00000002     libclang_rt.builtins.a : aeabi_div0.c.obj (.text.__aeabi_idiv0)
                  00000cd0    0000009c     OS.o (.text.TIMG7_IRQHandler)
                  00000d6c    00000098     ST7735.o (.text.ST7735_InitR)
                  00000e04    0000008c     OS.o (.text.InsertRunThreadList)
                  00000e90    00000088     ST7735.o (.text.setAddrWindow)
                  00000f18    00000084     ST7735.o (.text.ST7735_DrawString)
                  00000f9c    00000080     OS.o (.text.TIMG8_IRQHandler)
                  0000101c    0000007c     LaunchPad.o (.text.LaunchPad_Init)
                  00001098    0000007c     OS.o (.text.OS_Scheduler)
                  00001114    0000007c     libc.a : copy_decompress_lzss.c.obj (.text:decompress:lzss)
                  00001190    00000074     OS.o (.text.OS_AddThread)
                  00001204    0000006c     OS.o (.text.OS_Kill)
                  00001270    0000005c     UARTints.o (.text.UART0_IRQHandler)
                  000012cc    00000058     UARTints.o (.text.copyHardwareToSoftware)
                  00001324    00000050     OS.o (.text.GetHighestPriority)
                  00001374    00000050     osasm.o (.text)
                  000013c4    0000004c     FIFO.o (.text.RxFifo_Put)
                  00001410    0000004c     FIFO.o (.text.TxFifo_Get)
                  0000145c    0000004c     UARTints.o (.text.copySoftwareToHardware)
                  000014a8    00000048     SPI.o (.text.SPI_OutCommand)
                  000014f0    00000044     OS.o (.text.OS_Sleep)
                  00001534    00000040     SPI.o (.text.SPI_Reset)
                  00001574    00000040     libclang_rt.builtins.a : aeabi_uidivmod.S.obj (.text.__aeabi_uidivmod)
                  000015b4    0000003c     OS.o (.text.TcbFifoPut)
                  000015f0    0000003c     libc.a : autoinit.c.obj (.text:__TI_auto_init_nobinit_nopinit)
                  0000162c    0000003a     libclang_rt.builtins.a : muldsi3.S.obj (.text.__muldsi3)
                  00001666    00000002     --HOLE-- [fill = 0]
                  00001668    00000038     LaunchPad.o (.text.ActivatePortA_B)
                  000016a0    00000038     SPI.o (.text.SPI_OutData)
                  000016d8    00000034     Clock.o (.text.Clock_Delay1ms)
                  0000170c    00000034     ST7735.o (.text.ST7735_SetCursor)
                  00001740    00000034     OS.o (.text.TcbFifoGet)
                  00001774    00000030     ST7735.o (.text.commonInit)
                  000017a4    0000002c     ST7735.o (.text.ST7735_FillScreen)
                  000017d0    00000028     libc.a : boot_cortex_m.c.obj (.text:_c_int00_noargs)
                  000017f8    00000026     ST7735.o (.text.ST7735_OutString)
                  0000181e    00000026     main.o (.text.main)
                  00001844    00000024     libclang_rt.builtins.a : muldi3.S.obj (.text.__muldi3)
                  00001868    00000022     LCD.o (.text.LCD_Init)
                  0000188a    0000001e     ST7735.o (.text.pushColor)
                  000018a8    00000018     DAS.o (.text.DAS_Init)
                  000018c0    00000018     FIFO.o (.text.RxFifo_Size)
                  000018d8    00000018     FIFO.o (.text.TxFifo_Size)
                  000018f0    00000014     OS.o (.text.OS_Suspend)
                  00001904    00000014     OS.o (.text.OS_Time)
                  00001918    00000014     OS.o (.text.SysTick_Handler)
                  0000192c    00000012     libc.a : memcpy16.S.obj (.text:TI_memcpy_small)
                  0000193e    00000012            : copy_decompress_none.c.obj (.text:decompress:none)
                  00001950    00000010     Clock.o (.text.Clock_Delay)
                  00001960    00000010     LaunchPad.o (.text.Delay)
                  00001970    00000010     LCD.o (.text.LCD_Start)
                  00001980    00000010     libc.a : copy_zero_init.c.obj (.text:decompress:ZI)
                  00001990    0000000e            : memset16.S.obj (.text:TI_memset_small)
                  0000199e    00000002     --HOLE-- [fill = 0]
                  000019a0    0000000c     Clock.o (.text.Clock_Freq)
                  000019ac    0000000c     OS.o (.text.OS_MsTime)
                  000019b8    0000000c     libclang_rt.builtins.a : aeabi_memset.S.obj (.text.__aeabi_memclr)
                  000019c4    00000008                            : aeabi_memcpy.S.obj (.text.__aeabi_memcpy)
                  000019cc    00000006     libc.a : exit.c.obj (.text:abort)
                  000019d2    00000004     startup_mspm0g350x_ticlang.o (.text.Default_Handler)
                  000019d6    00000004     libsysbm.a : hostexit.c.obj (.text.HOSTexit)
                  000019da    00000004     startup_mspm0g350x_ticlang.o (.text.Reset_Handler)
                  000019de    00000004     libc.a : pre_init.c.obj (.text._system_pre_init)
                  000019e2    00000006     --HOLE-- [fill = 0]

.cinit     0    00001f80    00000048     
                  00001f80    00000021     (.cinit..data.load) [load image, compression = lzss]
                  00001fa1    00000003     --HOLE-- [fill = 0]
                  00001fa4    0000000c     (__TI_handler_table)
                  00001fb0    00000008     (.cinit..bss.load) [load image, compression = zero_init]
                  00001fb8    00000010     (__TI_cinit_table)

.rodata    0    000019e8    00000598     
                  000019e8    000004fb     ST7735.o (.rodata.Font)
                  00001ee3    0000003b     ST7735.o (.rodata.Rcmd1)
                  00001f1e    0000002b     ST7735.o (.rodata.Rcmd3)
                  00001f49    00000016     ST7735.o (.rodata.str1.2132471336006292093.1)
                  00001f5f    0000000d     ST7735.o (.rodata.Rcmd2green)
                  00001f6c    0000000d     ST7735.o (.rodata.Rcmd2red)
                  00001f79    00000005     LCD.o (.rodata.str1.9522760866108295983.1)
                  00001f7e    00000002     --HOLE-- [fill = 0]

.init_array 
*          0    00000000    00000000     UNINITIALIZED

.binit     0    00000000    00000000     

.bss       0    20200000    000004cb     UNINITIALIZED
                  20200000    00000424     (.common:PookieTCB)
                  20200424    00000040     FIFO.o (.bss.TxFifo)
                  20200464    00000010     FIFO.o (.bss.RxFifo)
                  20200474    00000004     (.common:HiGainTherm)
                  20200478    00000008     (.common:Therm1Watch)
                  20200480    00000008     (.common:temp)
                  20200488    00000004     (.common:LowGainTherm)
                  2020048c    00000004     (.common:NextThreadPt)
                  20200490    00000004     (.common:PTaskIdx)
                  20200494    00000004     (.common:RunPt)
                  20200498    00000004     (.common:RxGetI)
                  2020049c    00000004     (.common:RxPutI)
                  202004a0    00000004     (.common:SleepyThreadsHead)
                  202004a4    00000004     (.common:TimeMs)
                  202004a8    00000004     (.common:TxGetI)
                  202004ac    00000004     (.common:TxPutI)
                  202004b0    00000004     (.common:secretTimeMs)
                  202004b4    00000004     (.common:sr)
                  202004b8    00000004     (.common:watchPA17)
                  202004bc    00000004     (.common:watchPA18)
                  202004c0    00000004     (.common:watchPA24)
                  202004c4    00000004     (.common:watchPA25)
                  202004c8    00000001     ST7735.o (.bss.ColStart)
                  202004c9    00000001     ST7735.o (.bss.RowStart)
                  202004ca    00000001     ST7735.o (.bss.TabColor)

.data      0    202004cc    0000009e     UNINITIALIZED
                  202004cc    0000004c     OS.o (.data.Scheduler)
                  20200518    0000002c     OS.o (.data.TcbFifo)
                  20200544    00000010     OS.o (.data.PTaskSchedule)
                  20200554    00000004     Clock.o (.data.BusFreq)
                  20200558    00000004     ST7735.o (.data.StX)
                  2020055c    00000004     ST7735.o (.data.StY)
                  20200560    00000004     OS.o (.data.ThreadIdCounter)
                  20200564    00000002     ST7735.o (.data.StTextColor)
                  20200566    00000002     ST7735.o (.data._height)
                  20200568    00000002     ST7735.o (.data._width)

.stack     0    20207e00    00000200     UNINITIALIZED
                  20207e00    00000004     libc.a : boot_cortex_m.c.obj (.stack)
                  20207e04    000001fc     --HOLE--

__llvm_prf_cnts 
*          0    20200000    00000000     UNINITIALIZED

__llvm_prf_bits 
*          0    20200000    00000000     UNINITIALIZED

MODULE SUMMARY

       Module                         code   ro data   rw data
       ------                         ----   -------   -------
    ./
       OS.o                           1568   0         1228   
       DAS.o                          340    0         40     
       main.o                         202    0         0      
       startup_mspm0g350x_ticlang.o   8      192       0      
       osasm.o                        80     0         0      
       LCD.o                          50     5         0      
    +--+------------------------------+------+---------+---------+
       Total:                         2248   197       1268   
                                                              
    ./inc/
       ST7735.o                       1706   1425      17     
       Clock.o                        516    0         4      
       SPI.o                          420    0         0      
       FIFO.o                         200    0         96     
       UARTints.o                     256    0         0      
       ADC.o                          240    0         0      
       LaunchPad.o                    196    0         0      
       Timer.o                        164    0         0      
    +--+------------------------------+------+---------+---------+
       Total:                         3698   1425      117    
                                                              
    /Applications/ti/ccs2040/ccs/tools/compiler/ti-cgt-armllvm_4.0.4.LTS/lib/armv6m-ti-none-eabi/c/libc.a
       copy_decompress_lzss.c.obj     124    0         0      
       autoinit.c.obj                 60     0         0      
       boot_cortex_m.c.obj            40     0         0      
       copy_decompress_none.c.obj     18     0         0      
       memcpy16.S.obj                 18     0         0      
       copy_zero_init.c.obj           16     0         0      
       memset16.S.obj                 14     0         0      
       exit.c.obj                     6      0         0      
       pre_init.c.obj                 4      0         0      
    +--+------------------------------+------+---------+---------+
       Total:                         300    0         0      
                                                              
    /Applications/ti/ccs2040/ccs/tools/compiler/ti-cgt-armllvm_4.0.4.LTS/lib/armv6m-ti-none-eabi/c/libsysbm.a
       hostexit.c.obj                 4      0         0      
    +--+------------------------------+------+---------+---------+
       Total:                         4      0         0      
                                                              
    /Applications/ti/ccs2040/ccs/tools/compiler/ti-cgt-armllvm_4.0.4.LTS/lib/armv6m-ti-none-eabi/libclang_rt.builtins.a
       aeabi_uidivmod.S.obj           64     0         0      
       muldsi3.S.obj                  58     0         0      
       muldi3.S.obj                   36     0         0      
       aeabi_memset.S.obj             12     0         0      
       aeabi_memcpy.S.obj             8      0         0      
       aeabi_div0.c.obj               2      0         0      
    +--+------------------------------+------+---------+---------+
       Total:                         180    0         0      
                                                              
       Stack:                         0      0         512    
       Linker Generated:              0      69        0      
    +--+------------------------------+------+---------+---------+
       Grand Total:                   6430   1691      1897   


LINKER GENERATED COPY TABLES

__TI_cinit_table @ 00001fb8 records: 2, size/record: 8, table size: 16
	.data: load addr=00001f80, load size=00000021 bytes, run addr=202004cc, run size=0000009e bytes, compression=lzss
	.bss: load addr=00001fb0, load size=00000008 bytes, run addr=20200000, run size=000004cb bytes, compression=zero_init


LINKER GENERATED HANDLER TABLE

__TI_handler_table @ 00001fa4 records: 3, size/record: 4, table size: 12
	index: 0, handler: __TI_decompress_lzss
	index: 1, handler: __TI_decompress_none
	index: 2, handler: __TI_zero_init


GLOBAL SYMBOLS: SORTED ALPHABETICALLY BY Name 

address   name                          
-------   ----                          
000019d3  ADC0_IRQHandler               
000019d3  ADC1_IRQHandler               
00000771  ADC_Init                      
000019d3  AES_IRQHandler                
00001669  ActivatePortA_B               
20200554  BusFreq                       
000019d6  C$$EXIT                       
000019d3  CANFD0_IRQHandler             
00001951  Clock_Delay                   
000016d9  Clock_Delay1ms                
000019a1  Clock_Freq                    
000000c1  Clock_Init80MHz               
000019d3  DAC0_IRQHandler               
000018a9  DAS_Init                      
000019d3  DMA_IRQHandler                
000019d3  Default_Handler               
00001961  Delay                         
00001384  EndCritical                   
000019d3  GROUP0_IRQHandler             
000019d3  GROUP1_IRQHandler             
000019d7  HOSTexit                      
000019d3  HardFault_Handler             
20200474  HiGainTherm                   
000019d3  I2C0_IRQHandler               
000019d3  I2C1_IRQHandler               
00001869  LCD_Init                      
0000101d  LaunchPad_Init                
00000ae5  Logic_Init                    
20200488  LowGainTherm                  
000019d3  NMI_Handler                   
2020048c  NextThreadPt                  
00001374  OSDisableInterrupts           
00001378  OSEnableInterrupts            
00001191  OS_AddThread                  
00001205  OS_Kill                       
000019ad  OS_MsTime                     
00001099  OS_Scheduler                  
000014f1  OS_Sleep                      
000018f1  OS_Suspend                    
00001905  OS_Time                       
20200490  PTaskIdx                      
20200544  PTaskSchedule                 
0000138d  PendSV_Handler                
20200000  PookieTCB                     
000019d3  RTC_IRQHandler                
000019db  Reset_Handler                 
20200494  RunPt                         
000013c5  RxFifo_Put                    
000018c1  RxFifo_Size                   
20200498  RxGetI                        
2020049c  RxPutI                        
000019d3  SPI0_IRQHandler               
000019d3  SPI1_IRQHandler               
00000861  SPI_Init                      
000014a9  SPI_OutCommand                
000016a1  SPI_OutData                   
00001535  SPI_Reset                     
00000275  ST7735_DrawChar               
00000f19  ST7735_DrawString             
00000559  ST7735_FillRect               
000017a5  ST7735_FillScreen             
00000d6d  ST7735_InitR                  
00000a15  ST7735_OutChar                
000017f9  ST7735_OutString              
0000170d  ST7735_SetCursor              
000013a9  SVC_Handler                   
202004cc  Scheduler                     
202004a0  SleepyThreadsHead             
20200564  StTextColor                   
20200558  StX                           
2020055c  StY                           
0000137c  StartCritical                 
0000138a  StartOS                       
00001919  SysTick_Handler               
000019d3  TIMA0_IRQHandler              
000019d3  TIMA1_IRQHandler              
0000041d  TIMG0_IRQHandler              
000019d3  TIMG12_IRQHandler             
000019d3  TIMG6_IRQHandler              
00000cd1  TIMG7_IRQHandler              
00000f9d  TIMG8_IRQHandler              
0000192d  TI_memcpy_small               
00001991  TI_memset_small               
20200518  TcbFifo                       
20200478  Therm1Watch                   
202004a4  TimeMs                        
00000b89  TimerG0_IntArm                
00001411  TxFifo_Get                    
000018d9  TxFifo_Size                   
202004a8  TxGetI                        
202004ac  TxPutI                        
00001271  UART0_IRQHandler              
000019d3  UART1_IRQHandler              
000019d3  UART2_IRQHandler              
000019d3  UART3_IRQHandler              
20208000  __STACK_END                   
00000200  __STACK_SIZE                  
00000000  __TI_ATRegion0_region_sz      
00000000  __TI_ATRegion0_src_addr       
00000000  __TI_ATRegion0_trg_addr       
00000000  __TI_ATRegion1_region_sz      
00000000  __TI_ATRegion1_src_addr       
00000000  __TI_ATRegion1_trg_addr       
00000000  __TI_ATRegion2_region_sz      
00000000  __TI_ATRegion2_src_addr       
00000000  __TI_ATRegion2_trg_addr       
00001fb8  __TI_CINIT_Base               
00001fc8  __TI_CINIT_Limit              
00001fc8  __TI_CINIT_Warm               
00001fa4  __TI_Handler_Table_Base       
00001fb0  __TI_Handler_Table_Limit      
000015f1  __TI_auto_init_nobinit_nopinit
00001115  __TI_decompress_lzss          
0000193f  __TI_decompress_none          
ffffffff  __TI_pprof_out_hndl           
ffffffff  __TI_prof_data_size           
ffffffff  __TI_prof_data_start          
00000000  __TI_static_base__            
00001981  __TI_zero_init                
00000ccf  __aeabi_idiv0                 
00001845  __aeabi_lmul                  
000019b9  __aeabi_memclr                
000019b9  __aeabi_memclr4               
000019b9  __aeabi_memclr8               
000019c5  __aeabi_memcpy                
000019c5  __aeabi_memcpy4               
000019c5  __aeabi_memcpy8               
00001575  __aeabi_uidiv                 
00001575  __aeabi_uidivmod              
ffffffff  __binit__                     
UNDEFED   __mpu_init                    
00001845  __muldi3                      
0000162d  __muldsi3                     
20207e00  __stack                       
20200000  __start___llvm_prf_bits       
20200000  __start___llvm_prf_cnts       
20200000  __stop___llvm_prf_bits        
20200000  __stop___llvm_prf_cnts        
000017d1  _c_int00_noargs               
UNDEFED   _system_post_cinit            
000019df  _system_pre_init              
000019cd  abort                         
ffffffff  binit                         
00000000  interruptVectors              
0000181f  main                          
202004b0  secretTimeMs                  
202004b4  sr                            
20200480  temp                          
202004b8  watchPA17                     
202004bc  watchPA18                     
202004c0  watchPA24                     
202004c4  watchPA25                     


GLOBAL SYMBOLS: SORTED BY Symbol Address 

address   name                          
-------   ----                          
00000000  __TI_ATRegion0_region_sz      
00000000  __TI_ATRegion0_src_addr       
00000000  __TI_ATRegion0_trg_addr       
00000000  __TI_ATRegion1_region_sz      
00000000  __TI_ATRegion1_src_addr       
00000000  __TI_ATRegion1_trg_addr       
00000000  __TI_ATRegion2_region_sz      
00000000  __TI_ATRegion2_src_addr       
00000000  __TI_ATRegion2_trg_addr       
00000000  __TI_static_base__            
00000000  interruptVectors              
000000c1  Clock_Init80MHz               
00000200  __STACK_SIZE                  
00000275  ST7735_DrawChar               
0000041d  TIMG0_IRQHandler              
00000559  ST7735_FillRect               
00000771  ADC_Init                      
00000861  SPI_Init                      
00000a15  ST7735_OutChar                
00000ae5  Logic_Init                    
00000b89  TimerG0_IntArm                
00000ccf  __aeabi_idiv0                 
00000cd1  TIMG7_IRQHandler              
00000d6d  ST7735_InitR                  
00000f19  ST7735_DrawString             
00000f9d  TIMG8_IRQHandler              
0000101d  LaunchPad_Init                
00001099  OS_Scheduler                  
00001115  __TI_decompress_lzss          
00001191  OS_AddThread                  
00001205  OS_Kill                       
00001271  UART0_IRQHandler              
00001374  OSDisableInterrupts           
00001378  OSEnableInterrupts            
0000137c  StartCritical                 
00001384  EndCritical                   
0000138a  StartOS                       
0000138d  PendSV_Handler                
000013a9  SVC_Handler                   
000013c5  RxFifo_Put                    
00001411  TxFifo_Get                    
000014a9  SPI_OutCommand                
000014f1  OS_Sleep                      
00001535  SPI_Reset                     
00001575  __aeabi_uidiv                 
00001575  __aeabi_uidivmod              
000015f1  __TI_auto_init_nobinit_nopinit
0000162d  __muldsi3                     
00001669  ActivatePortA_B               
000016a1  SPI_OutData                   
000016d9  Clock_Delay1ms                
0000170d  ST7735_SetCursor              
000017a5  ST7735_FillScreen             
000017d1  _c_int00_noargs               
000017f9  ST7735_OutString              
0000181f  main                          
00001845  __aeabi_lmul                  
00001845  __muldi3                      
00001869  LCD_Init                      
000018a9  DAS_Init                      
000018c1  RxFifo_Size                   
000018d9  TxFifo_Size                   
000018f1  OS_Suspend                    
00001905  OS_Time                       
00001919  SysTick_Handler               
0000192d  TI_memcpy_small               
0000193f  __TI_decompress_none          
00001951  Clock_Delay                   
00001961  Delay                         
00001981  __TI_zero_init                
00001991  TI_memset_small               
000019a1  Clock_Freq                    
000019ad  OS_MsTime                     
000019b9  __aeabi_memclr                
000019b9  __aeabi_memclr4               
000019b9  __aeabi_memclr8               
000019c5  __aeabi_memcpy                
000019c5  __aeabi_memcpy4               
000019c5  __aeabi_memcpy8               
000019cd  abort                         
000019d3  ADC0_IRQHandler               
000019d3  ADC1_IRQHandler               
000019d3  AES_IRQHandler                
000019d3  CANFD0_IRQHandler             
000019d3  DAC0_IRQHandler               
000019d3  DMA_IRQHandler                
000019d3  Default_Handler               
000019d3  GROUP0_IRQHandler             
000019d3  GROUP1_IRQHandler             
000019d3  HardFault_Handler             
000019d3  I2C0_IRQHandler               
000019d3  I2C1_IRQHandler               
000019d3  NMI_Handler                   
000019d3  RTC_IRQHandler                
000019d3  SPI0_IRQHandler               
000019d3  SPI1_IRQHandler               
000019d3  TIMA0_IRQHandler              
000019d3  TIMA1_IRQHandler              
000019d3  TIMG12_IRQHandler             
000019d3  TIMG6_IRQHandler              
000019d3  UART1_IRQHandler              
000019d3  UART2_IRQHandler              
000019d3  UART3_IRQHandler              
000019d6  C$$EXIT                       
000019d7  HOSTexit                      
000019db  Reset_Handler                 
000019df  _system_pre_init              
00001fa4  __TI_Handler_Table_Base       
00001fb0  __TI_Handler_Table_Limit      
00001fb8  __TI_CINIT_Base               
00001fc8  __TI_CINIT_Limit              
00001fc8  __TI_CINIT_Warm               
20200000  PookieTCB                     
20200000  __start___llvm_prf_bits       
20200000  __start___llvm_prf_cnts       
20200000  __stop___llvm_prf_bits        
20200000  __stop___llvm_prf_cnts        
20200474  HiGainTherm                   
20200478  Therm1Watch                   
20200480  temp                          
20200488  LowGainTherm                  
2020048c  NextThreadPt                  
20200490  PTaskIdx                      
20200494  RunPt                         
20200498  RxGetI                        
2020049c  RxPutI                        
202004a0  SleepyThreadsHead             
202004a4  TimeMs                        
202004a8  TxGetI                        
202004ac  TxPutI                        
202004b0  secretTimeMs                  
202004b4  sr                            
202004b8  watchPA17                     
202004bc  watchPA18                     
202004c0  watchPA24                     
202004c4  watchPA25                     
202004cc  Scheduler                     
20200518  TcbFifo                       
20200544  PTaskSchedule                 
20200554  BusFreq                       
20200558  StX                           
2020055c  StY                           
20200564  StTextColor                   
20207e00  __stack                       
20208000  __STACK_END                   
ffffffff  __TI_pprof_out_hndl           
ffffffff  __TI_prof_data_size           
ffffffff  __TI_prof_data_start          
ffffffff  __binit__                     
ffffffff  binit                         
UNDEFED   __mpu_init                    
UNDEFED   _system_post_cinit            

[152 symbols]
