******************************************************************************
            TI ARM Clang Linker Unix v4.0.4                    
******************************************************************************
>> Linked Thu Feb 19 22:19:41 2026

OUTPUT FILE NAME:   <SwanGanz.out>
ENTRY POINT SYMBOL: "_c_int00_noargs"  address: 00000745


MEMORY CONFIGURATION

         name            origin    length      used     unused   attr    fill
----------------------  --------  ---------  --------  --------  ----  --------
  FLASH                 00000000   00020000  00000838  0001f7c8  R  X
  SRAM                  20200000   00008000  00000268  00007d98  RW X
  BCR_CONFIG            41c00000   000000ff  00000000  000000ff  R   
  BSL_CONFIG            41c00100   00000080  00000000  00000080  R   


SEGMENT ALLOCATION MAP

run origin  load origin   length   init length attrs members
----------  ----------- ---------- ----------- ----- -------
00000000    00000000    00000838   00000838    r-x
  00000000    00000000    000000c0   000000c0    r-- .intvecs
  000000c0    000000c0    00000748   00000748    r-x .text
  00000808    00000808    00000030   00000030    r-- .cinit
20200000    20200000    00000068   00000000    rw-
  20200000    20200000    00000064   00000000    rw- .bss
  20200064    20200064    00000004   00000000    rw- .data
20207e00    20207e00    00000200   00000000    rw-
  20207e00    20207e00    00000200   00000000    rw- .stack


SECTION ALLOCATION MAP

 output                                  attributes/
section   page    origin      length       input sections
--------  ----  ----------  ----------   ----------------
.intvecs   0    00000000    000000c0     
                  00000000    000000c0     startup_mspm0g350x_ticlang.o (.intvecs)

.text      0    000000c0    00000748     
                  000000c0    00000168     Clock.o (.text.Clock_Init80MHz)
                  00000228    00000100     UARTints.o (.text.UART0_IRQHandler)
                  00000328    000000a0     DAS.o (.text.TIMG0_IRQHandler)
                  000003c8    0000009a     libc.a : memcpy16.S.obj (.text:memcpy)
                  00000462    00000002     startup_mspm0g350x_ticlang.o (.text.Default_Handler)
                  00000464    0000008c     ADC.o (.text.ADC_Init)
                  000004f0    0000007c     libc.a : copy_decompress_lzss.c.obj (.text:decompress:lzss)
                  0000056c    00000074     LaunchPad.o (.text.LaunchPad_Init)
                  000005e0    00000074     Timer.o (.text.TimerG0_IntArm)
                  00000654    00000054     main.o (.text.main)
                  000006a8    0000003c     libc.a : autoinit.c.obj (.text:__TI_auto_init_nobinit_nopinit)
                  000006e4    00000030     FIFO.o (.text.RxFifo_Put)
                  00000714    00000030     FIFO.o (.text.TxFifo_Get)
                  00000744    00000028     libc.a : boot_cortex_m.c.obj (.text:_c_int00_noargs)
                  0000076c    00000018     DAS.o (.text.DAS_Init)
                  00000784    00000018     FIFO.o (.text.RxFifo_Size)
                  0000079c    00000018     FIFO.o (.text.TxFifo_Size)
                  000007b4    00000016     libc.a : copy_zero_init.c.obj (.text:decompress:ZI:__TI_zero_init_nomemset)
                  000007ca    00000012            : copy_decompress_none.c.obj (.text:decompress:none)
                  000007dc    0000000a     Clock.o (.text.Clock_Delay)
                  000007e6    00000002     --HOLE-- [fill = 0]
                  000007e8    00000008     libclang_rt.builtins.a : aeabi_memcpy.S.obj (.text.__aeabi_memcpy)
                  000007f0    00000006     libc.a : exit.c.obj (.text:abort)
                  000007f6    00000004     libsysbm.a : hostexit.c.obj (.text.HOSTexit)
                  000007fa    00000004     startup_mspm0g350x_ticlang.o (.text.Reset_Handler)
                  000007fe    00000004     libc.a : pre_init.c.obj (.text._system_pre_init)
                  00000802    00000006     --HOLE-- [fill = 0]

.cinit     0    00000808    00000030     
                  00000808    0000000c     (__TI_handler_table)
                  00000814    00000008     (.cinit..bss.load) [load image, compression = zero_init]
                  0000081c    00000008     (.cinit..data.load) [load image, compression = lzss]
                  00000824    00000010     (__TI_cinit_table)
                  00000834    00000004     --HOLE-- [fill = 0]

.init_array 
*          0    00000000    00000000     UNINITIALIZED

.binit     0    00000000    00000000     

.bss       0    20200000    00000064     UNINITIALIZED
                  20200000    00000040     FIFO.o (.bss.TxFifo)
                  20200040    00000010     FIFO.o (.bss.RxFifo)
                  20200050    00000004     DAS.o (.bss.buffIdx)
                  20200054    00000004     (.common:RxGetI)
                  20200058    00000004     (.common:RxPutI)
                  2020005c    00000004     (.common:TxGetI)
                  20200060    00000004     (.common:TxPutI)

.data      0    20200064    00000004     UNINITIALIZED
                  20200064    00000004     Clock.o (.data.BusFreq)

.stack     0    20207e00    00000200     UNINITIALIZED
                  20207e00    00000004     libc.a : boot_cortex_m.c.obj (.stack)
                  20207e04    000001fc     --HOLE--

__llvm_prf_cnts 
*          0    20200000    00000000     UNINITIALIZED

__llvm_prf_bits 
*          0    20200000    00000000     UNINITIALIZED

MODULE SUMMARY

       Module                         code   ro data   rw data
       ------                         ----   -------   -------
    ./
       startup_mspm0g350x_ticlang.o   6      192       0      
       DAS.o                          184    0         4      
       main.o                         84     0         0      
    +--+------------------------------+------+---------+---------+
       Total:                         274    192       4      
                                                              
    ./inc/
       Clock.o                        370    0         4      
       UARTints.o                     256    0         0      
       FIFO.o                         144    0         96     
       ADC.o                          140    0         0      
       LaunchPad.o                    116    0         0      
       Timer.o                        116    0         0      
    +--+------------------------------+------+---------+---------+
       Total:                         1142   0         100    
                                                              
    /Applications/ti/ccs2040/ccs/tools/compiler/ti-cgt-armllvm_4.0.4.LTS/lib/armv6m-ti-none-eabi/c/libc.a
       memcpy16.S.obj                 154    0         0      
       copy_decompress_lzss.c.obj     124    0         0      
       autoinit.c.obj                 60     0         0      
       boot_cortex_m.c.obj            40     0         0      
       copy_zero_init.c.obj           22     0         0      
       copy_decompress_none.c.obj     18     0         0      
       exit.c.obj                     6      0         0      
       pre_init.c.obj                 4      0         0      
    +--+------------------------------+------+---------+---------+
       Total:                         428    0         0      
                                                              
    /Applications/ti/ccs2040/ccs/tools/compiler/ti-cgt-armllvm_4.0.4.LTS/lib/armv6m-ti-none-eabi/c/libsysbm.a
       hostexit.c.obj                 4      0         0      
    +--+------------------------------+------+---------+---------+
       Total:                         4      0         0      
                                                              
    /Applications/ti/ccs2040/ccs/tools/compiler/ti-cgt-armllvm_4.0.4.LTS/lib/armv6m-ti-none-eabi/libclang_rt.builtins.a
       aeabi_memcpy.S.obj             8      0         0      
    +--+------------------------------+------+---------+---------+
       Total:                         8      0         0      
                                                              
       Stack:                         0      0         512    
       Linker Generated:              0      44        0      
    +--+------------------------------+------+---------+---------+
       Grand Total:                   1856   236       616    


LINKER GENERATED COPY TABLES

__TI_cinit_table @ 00000824 records: 2, size/record: 8, table size: 16
	.bss: load addr=00000814, load size=00000008 bytes, run addr=20200000, run size=00000064 bytes, compression=zero_init
	.data: load addr=0000081c, load size=00000008 bytes, run addr=20200064, run size=00000004 bytes, compression=lzss


LINKER GENERATED HANDLER TABLE

__TI_handler_table @ 00000808 records: 3, size/record: 4, table size: 12
	index: 0, handler: __TI_decompress_lzss
	index: 1, handler: __TI_decompress_none
	index: 2, handler: __TI_zero_init


GLOBAL SYMBOLS: SORTED ALPHABETICALLY BY Name 

address   name                          
-------   ----                          
00000463  ADC0_IRQHandler               
00000463  ADC1_IRQHandler               
00000465  ADC_Init                      
00000463  AES_IRQHandler                
20200064  BusFreq                       
000007f6  C$$EXIT                       
00000463  CANFD0_IRQHandler             
000007dd  Clock_Delay                   
000000c1  Clock_Init80MHz               
00000463  DAC0_IRQHandler               
0000076d  DAS_Init                      
00000463  DMA_IRQHandler                
00000463  Default_Handler               
00000463  GROUP0_IRQHandler             
00000463  GROUP1_IRQHandler             
000007f7  HOSTexit                      
00000463  HardFault_Handler             
00000463  I2C0_IRQHandler               
00000463  I2C1_IRQHandler               
0000056d  LaunchPad_Init                
00000463  NMI_Handler                   
00000463  PendSV_Handler                
00000463  RTC_IRQHandler                
000007fb  Reset_Handler                 
000006e5  RxFifo_Put                    
00000785  RxFifo_Size                   
20200054  RxGetI                        
20200058  RxPutI                        
00000463  SPI0_IRQHandler               
00000463  SPI1_IRQHandler               
00000463  SVC_Handler                   
00000463  SysTick_Handler               
00000463  TIMA0_IRQHandler              
00000463  TIMA1_IRQHandler              
00000329  TIMG0_IRQHandler              
00000463  TIMG12_IRQHandler             
00000463  TIMG6_IRQHandler              
00000463  TIMG7_IRQHandler              
00000463  TIMG8_IRQHandler              
000005e1  TimerG0_IntArm                
00000715  TxFifo_Get                    
0000079d  TxFifo_Size                   
2020005c  TxGetI                        
20200060  TxPutI                        
00000229  UART0_IRQHandler              
00000463  UART1_IRQHandler              
00000463  UART2_IRQHandler              
00000463  UART3_IRQHandler              
20208000  __STACK_END                   
00000200  __STACK_SIZE                  
00000000  __TI_ATRegion0_region_sz      
00000000  __TI_ATRegion0_src_addr       
00000000  __TI_ATRegion0_trg_addr       
00000000  __TI_ATRegion1_region_sz      
00000000  __TI_ATRegion1_src_addr       
00000000  __TI_ATRegion1_trg_addr       
00000000  __TI_ATRegion2_region_sz      
00000000  __TI_ATRegion2_src_addr       
00000000  __TI_ATRegion2_trg_addr       
00000824  __TI_CINIT_Base               
00000834  __TI_CINIT_Limit              
00000834  __TI_CINIT_Warm               
00000808  __TI_Handler_Table_Base       
00000814  __TI_Handler_Table_Limit      
000006a9  __TI_auto_init_nobinit_nopinit
000004f1  __TI_decompress_lzss          
000007cb  __TI_decompress_none          
ffffffff  __TI_pprof_out_hndl           
ffffffff  __TI_prof_data_size           
ffffffff  __TI_prof_data_start          
00000000  __TI_static_base__            
000007b5  __TI_zero_init_nomemset       
000007e9  __aeabi_memcpy                
000007e9  __aeabi_memcpy4               
000007e9  __aeabi_memcpy8               
ffffffff  __binit__                     
UNDEFED   __mpu_init                    
20207e00  __stack                       
20200000  __start___llvm_prf_bits       
20200000  __start___llvm_prf_cnts       
20200000  __stop___llvm_prf_bits        
20200000  __stop___llvm_prf_cnts        
00000745  _c_int00_noargs               
UNDEFED   _system_post_cinit            
000007ff  _system_pre_init              
000007f1  abort                         
ffffffff  binit                         
00000000  interruptVectors              
00000655  main                          
000003c9  memcpy                        


GLOBAL SYMBOLS: SORTED BY Symbol Address 

address   name                          
-------   ----                          
00000000  __TI_ATRegion0_region_sz      
00000000  __TI_ATRegion0_src_addr       
00000000  __TI_ATRegion0_trg_addr       
00000000  __TI_ATRegion1_region_sz      
00000000  __TI_ATRegion1_src_addr       
00000000  __TI_ATRegion1_trg_addr       
00000000  __TI_ATRegion2_region_sz      
00000000  __TI_ATRegion2_src_addr       
00000000  __TI_ATRegion2_trg_addr       
00000000  __TI_static_base__            
00000000  interruptVectors              
000000c1  Clock_Init80MHz               
00000200  __STACK_SIZE                  
00000229  UART0_IRQHandler              
00000329  TIMG0_IRQHandler              
000003c9  memcpy                        
00000463  ADC0_IRQHandler               
00000463  ADC1_IRQHandler               
00000463  AES_IRQHandler                
00000463  CANFD0_IRQHandler             
00000463  DAC0_IRQHandler               
00000463  DMA_IRQHandler                
00000463  Default_Handler               
00000463  GROUP0_IRQHandler             
00000463  GROUP1_IRQHandler             
00000463  HardFault_Handler             
00000463  I2C0_IRQHandler               
00000463  I2C1_IRQHandler               
00000463  NMI_Handler                   
00000463  PendSV_Handler                
00000463  RTC_IRQHandler                
00000463  SPI0_IRQHandler               
00000463  SPI1_IRQHandler               
00000463  SVC_Handler                   
00000463  SysTick_Handler               
00000463  TIMA0_IRQHandler              
00000463  TIMA1_IRQHandler              
00000463  TIMG12_IRQHandler             
00000463  TIMG6_IRQHandler              
00000463  TIMG7_IRQHandler              
00000463  TIMG8_IRQHandler              
00000463  UART1_IRQHandler              
00000463  UART2_IRQHandler              
00000463  UART3_IRQHandler              
00000465  ADC_Init                      
000004f1  __TI_decompress_lzss          
0000056d  LaunchPad_Init                
000005e1  TimerG0_IntArm                
00000655  main                          
000006a9  __TI_auto_init_nobinit_nopinit
000006e5  RxFifo_Put                    
00000715  TxFifo_Get                    
00000745  _c_int00_noargs               
0000076d  DAS_Init                      
00000785  RxFifo_Size                   
0000079d  TxFifo_Size                   
000007b5  __TI_zero_init_nomemset       
000007cb  __TI_decompress_none          
000007dd  Clock_Delay                   
000007e9  __aeabi_memcpy                
000007e9  __aeabi_memcpy4               
000007e9  __aeabi_memcpy8               
000007f1  abort                         
000007f6  C$$EXIT                       
000007f7  HOSTexit                      
000007fb  Reset_Handler                 
000007ff  _system_pre_init              
00000808  __TI_Handler_Table_Base       
00000814  __TI_Handler_Table_Limit      
00000824  __TI_CINIT_Base               
00000834  __TI_CINIT_Limit              
00000834  __TI_CINIT_Warm               
20200000  __start___llvm_prf_bits       
20200000  __start___llvm_prf_cnts       
20200000  __stop___llvm_prf_bits        
20200000  __stop___llvm_prf_cnts        
20200054  RxGetI                        
20200058  RxPutI                        
2020005c  TxGetI                        
20200060  TxPutI                        
20200064  BusFreq                       
20207e00  __stack                       
20208000  __STACK_END                   
ffffffff  __TI_pprof_out_hndl           
ffffffff  __TI_prof_data_size           
ffffffff  __TI_prof_data_start          
ffffffff  __binit__                     
ffffffff  binit                         
UNDEFED   __mpu_init                    
UNDEFED   _system_post_cinit            

[90 symbols]
