******************************************************************************
            TI ARM Clang Linker Unix v4.0.4                    
******************************************************************************
>> Linked Wed Mar  4 00:35:16 2026

OUTPUT FILE NAME:   <SwanGanz.out>
ENTRY POINT SYMBOL: "_c_int00_noargs"  address: 00002121


MEMORY CONFIGURATION

         name            origin    length      used     unused   attr    fill
----------------------  --------  ---------  --------  --------  ----  --------
  FLASH                 00000000   00020000  00002a10  0001d5f0  R  X
  SRAM                  20200000   00008000  00003b21  000044df  RW X
  BCR_CONFIG            41c00000   000000ff  00000000  000000ff  R   
  BSL_CONFIG            41c00100   00000080  00000000  00000080  R   


SEGMENT ALLOCATION MAP

run origin  load origin   length   init length attrs members
----------  ----------- ---------- ----------- ----- -------
00000000    00000000    00002a10   00002a10    r-x
  00000000    00000000    000000c0   000000c0    r-- .intvecs
  000000c0    000000c0    00002270   00002270    r-x .text
  00002330    00002330    00000678   00000678    r-- .rodata
  000029a8    000029a8    00000068   00000068    r-- .cinit
20200000    20200000    00003922   00000000    rw-
  20200000    20200000    0000319f   00000000    rw- .bss
  202031a0    202031a0    00000782   00000000    rw- .data
20207e00    20207e00    00000200   00000000    rw-
  20207e00    20207e00    00000200   00000000    rw- .stack


SECTION ALLOCATION MAP

 output                                  attributes/
section   page    origin      length       input sections
--------  ----  ----------  ----------   ----------------
.intvecs   0    00000000    000000c0     
                  00000000    000000c0     startup_mspm0g350x_ticlang.o (.intvecs)

.text      0    000000c0    00002270     
                  000000c0    000001b4     Clock.o (.text.Clock_Init80MHz)
                  00000274    000001a8     ST7735.o (.text.ST7735_DrawChar)
                  0000041c    00000138     RTOS_UARTints.o (.text.UART_Init)
                  00000554    00000118     ST7735.o (.text.ST7735_FillRect)
                  0000066c    00000100     OS.o (.text.RemoveRunThreadList)
                  0000076c    000000f0     ADC.o (.text.ADC_Init)
                  0000085c    000000e4     SPI.o (.text.SPI_Init)
                  00000940    000000d0     OS.o (.text.InsertSleepyThread)
                  00000a10    000000d0     ST7735.o (.text.ST7735_OutChar)
                  00000ae0    000000cc     main.o (.text.Logic_Init)
                  00000bac    000000cc     OS.o (.text.OS_Init)
                  00000c78    000000b8     OS.o (.text.OS_AddPeriodicThread)
                  00000d30    000000a8     ADC.o (.text.ADC_In)
                  00000dd8    000000a8     Timer.o (.text.TimerG7_IntArm)
                  00000e80    000000a8     Timer.o (.text.TimerG8_IntArm)
                  00000f28    000000a2     ST7735.o (.text.commandList)
                  00000fca    00000002     libclang_rt.builtins.a : aeabi_div0.c.obj (.text.__aeabi_idiv0)
                  00000fcc    000000a0     OS.o (.text.OS_bSignal)
                  0000106c    0000009c     OS.o (.text.TIMG7_IRQHandler)
                  00001108    00000098     ST7735.o (.text.ST7735_InitR)
                  000011a0    00000098     OS.o (.text.TIMG8_IRQHandler)
                  00001238    00000094     OS.o (.text.OS_Launch)
                  000012cc    00000090     Display.o (.text.DisplayAll)
                  0000135c    0000008c     OS.o (.text.InsertRunThreadList)
                  000013e8    00000088     ST7735.o (.text.setAddrWindow)
                  00001470    00000084     ST7735.o (.text.ST7735_DrawString)
                  000014f4    00000084     ST7735.o (.text.ST7735_OutUDec)
                  00001578    0000007c     LaunchPad.o (.text.LaunchPad_Init)
                  000015f4    0000007c     OS.o (.text.OS_Scheduler)
                  00001670    0000007c     main.o (.text.main)
                  000016ec    0000007c     libc.a : copy_decompress_lzss.c.obj (.text:decompress:lzss)
                  00001768    00000074     OS.o (.text.OS_AddThread)
                  000017dc    0000006c     OS.o (.text.OS_Kill)
                  00001848    00000068     OS.o (.text.OS_bWait)
                  000018b0    00000068     Timer.o (.text.TimerG12_IntArm)
                  00001918    00000064     FIFO.o (.text.Fifo_Put)
                  0000197c    00000060     Display.o (.text.DisplayTemp)
                  000019dc    0000005c     RTOS_UARTints.o (.text.UART0_IRQHandler)
                  00001a38    00000058     RTOS_FIFO.o (.text.RxFifo_Put)
                  00001a90    00000058     RTOS_FIFO.o (.text.TxFifo_Get)
                  00001ae8    00000054     ST7735.o (.text.fillmessage)
                  00001b3c    00000050     FIFO.o (.text.Fifo_Get)
                  00001b8c    00000050     OS.o (.text.GetHighestPriority)
                  00001bdc    00000050     osasm.o (.text)
                  00001c2c    0000004c     RTOS_UARTints.o (.text.copySoftwareToHardware)
                  00001c78    00000048     OS.o (.text.InsertBlockedList)
                  00001cc0    00000048     SPI.o (.text.SPI_OutCommand)
                  00001d08    00000044     OS.o (.text.OS_Sleep)
                  00001d4c    00000040     SPI.o (.text.SPI_Reset)
                  00001d8c    00000040     libclang_rt.builtins.a : aeabi_uidivmod.S.obj (.text.__aeabi_uidivmod)
                  00001dcc    0000003c     DAS.o (.text.InputPolling)
                  00001e08    0000003c     OS.o (.text.TcbFifoInit)
                  00001e44    0000003c     OS.o (.text.TcbFifoPut)
                  00001e80    0000003c     libc.a : autoinit.c.obj (.text:__TI_auto_init_nobinit_nopinit)
                  00001ebc    00000038     LaunchPad.o (.text.ActivatePortA_B)
                  00001ef4    00000038     Display.o (.text.DisplayInit)
                  00001f2c    00000038     SPI.o (.text.SPI_OutData)
                  00001f64    00000034     Clock.o (.text.Clock_Delay1ms)
                  00001f98    00000034     FIFO.o (.text.Fifo_Init)
                  00001fcc    00000034     ST7735.o (.text.ST7735_SetCursor)
                  00002000    00000034     OS.o (.text.TcbFifoGet)
                  00002034    00000032     DAS.o (.text.DASInit)
                  00002066    00000002     --HOLE-- [fill = 0]
                  00002068    00000030     ST7735.o (.text.commonInit)
                  00002098    00000030     RTOS_UARTints.o (.text.copyHardwareToSoftware)
                  000020c8    0000002c     Display.o (.text.DisplayStartMenu)
                  000020f4    0000002c     ST7735.o (.text.ST7735_FillScreen)
                  00002120    00000028     libc.a : boot_cortex_m.c.obj (.text:_c_int00_noargs)
                  00002148    00000026     ST7735.o (.text.ST7735_OutString)
                  0000216e    00000002     --HOLE-- [fill = 0]
                  00002170    00000024     RTOS_FIFO.o (.text.TxFifo_Init)
                  00002194    00000020     RTOS_FIFO.o (.text.RxFifo_Init)
                  000021b4    0000001e     ST7735.o (.text.pushColor)
                  000021d2    00000002     --HOLE-- [fill = 0]
                  000021d4    0000001c     OS.o (.text.OS_ClearMsTime)
                  000021f0    00000018     RTOS_FIFO.o (.text.TxFifo_Size)
                  00002208    00000016     DAS.o (.text.DAS)
                  0000221e    00000002     --HOLE-- [fill = 0]
                  00002220    00000014     OS.o (.text.OS_Suspend)
                  00002234    00000014     OS.o (.text.OS_Time)
                  00002248    00000014     OS.o (.text.SysTick_Handler)
                  0000225c    00000012     libc.a : memcpy16.S.obj (.text:TI_memcpy_small)
                  0000226e    00000012            : copy_decompress_none.c.obj (.text:decompress:none)
                  00002280    00000010     Clock.o (.text.Clock_Delay)
                  00002290    00000010     LaunchPad.o (.text.Delay)
                  000022a0    00000010     DAS.o (.text.HeartBeat)
                  000022b0    00000010     OS.o (.text.OS_InitSemaphore)
                  000022c0    00000010     libc.a : copy_zero_init.c.obj (.text:decompress:ZI)
                  000022d0    0000000e            : memset16.S.obj (.text:TI_memset_small)
                  000022de    00000002     --HOLE-- [fill = 0]
                  000022e0    0000000c     Clock.o (.text.Clock_Freq)
                  000022ec    0000000c     OS.o (.text.OS_MsTime)
                  000022f8    0000000c     libclang_rt.builtins.a : aeabi_memset.S.obj (.text.__aeabi_memclr)
                  00002304    0000000a     main.o (.text.IdleThread)
                  0000230e    00000002     --HOLE-- [fill = 0]
                  00002310    00000008     libclang_rt.builtins.a : aeabi_memcpy.S.obj (.text.__aeabi_memcpy)
                  00002318    00000006     libc.a : exit.c.obj (.text:abort)
                  0000231e    00000004     startup_mspm0g350x_ticlang.o (.text.Default_Handler)
                  00002322    00000004     libsysbm.a : hostexit.c.obj (.text.HOSTexit)
                  00002326    00000004     startup_mspm0g350x_ticlang.o (.text.Reset_Handler)
                  0000232a    00000004     libc.a : pre_init.c.obj (.text._system_pre_init)
                  0000232e    00000002     --HOLE-- [fill = 0]

.cinit     0    000029a8    00000068     
                  000029a8    0000003f     (.cinit..data.load) [load image, compression = lzss]
                  000029e7    00000001     --HOLE-- [fill = 0]
                  000029e8    0000000c     (__TI_handler_table)
                  000029f4    00000008     (.cinit..bss.load) [load image, compression = zero_init]
                  000029fc    00000010     (__TI_cinit_table)
                  00002a0c    00000004     --HOLE-- [fill = 0]

.rodata    0    00002330    00000678     
                  00002330    000004fb     ST7735.o (.rodata.Font)
                  0000282b    0000003b     ST7735.o (.rodata.Rcmd1)
                  00002866    0000002b     ST7735.o (.rodata.Rcmd3)
                  00002891    00000026     Display.o (.rodata.str1.1805084626193097879.1)
                  000028b7    00000026     Display.o (.rodata.str1.3522108666087863248.1)
                  000028dd    00000003     --HOLE-- [fill = 0]
                  000028e0    00000018     Display.o (.rodata..L__const.DisplayAll.messages)
                  000028f8    00000017     Display.o (.rodata.str1.11117414041277270069.1)
                  0000290f    00000016     Display.o (.rodata.str1.12586329761307692536.1)
                  00002925    00000016     Display.o (.rodata.str1.17077673295598305367.1)
                  0000293b    00000016     ST7735.o (.rodata.str1.2132471336006292093.1)
                  00002951    0000000e     Display.o (.rodata.str1.12737445797831605391.1)
                  0000295f    0000000e     Display.o (.rodata.str1.15820903164514404521.1)
                  0000296d    0000000e     Display.o (.rodata.str1.185770367072186849.1)
                  0000297b    0000000e     Display.o (.rodata.str1.6298840124134917460.1)
                  00002989    0000000d     ST7735.o (.rodata.Rcmd2green)
                  00002996    0000000d     ST7735.o (.rodata.Rcmd2red)
                  000029a3    00000005     --HOLE-- [fill = 0]

.init_array 
*          0    00000000    00000000     UNINITIALIZED

.binit     0    00000000    00000000     

.bss       0    20200000    0000319f     UNINITIALIZED
                  20200000    00002968     (.common:THREAD_CONTROL_BLOCKS)
                  20202968    00000424     (.common:PookieTCB)
                  20202d8c    00000348     FIFO.o (.bss.Fifos)
                  202030d4    00000040     RTOS_FIFO.o (.bss.TxFifo)
                  20203114    00000010     RTOS_FIFO.o (.bss.RxFifo)
                  20203124    00000010     (.common:RxFifoEmpty)
                  20203134    00000010     (.common:TCBQueueSemaphore)
                  20203144    00000010     (.common:TxFifoFull)
                  20203154    0000000c     (.common:Message)
                  20203160    00000004     Display.o (.bss.input)
                  20203164    00000004     (.common:LCD_Mutex)
                  20203168    00000004     (.common:Messageindex)
                  2020316c    00000004     (.common:NextThreadPt)
                  20203170    00000004     (.common:NumPeriodicThreads)
                  20203174    00000004     (.common:PTaskIdx)
                  20203178    00000004     (.common:RunPt)
                  2020317c    00000004     (.common:RxGetI)
                  20203180    00000004     (.common:RxPutI)
                  20203184    00000004     (.common:SleepyThreadsHead)
                  20203188    00000004     (.common:TimeMs)
                  2020318c    00000004     (.common:TxGetI)
                  20203190    00000004     (.common:TxPutI)
                  20203194    00000004     (.common:secretTimeMs)
                  20203198    00000004     (.common:sr)
                  2020319c    00000001     ST7735.o (.bss.ColStart)
                  2020319d    00000001     ST7735.o (.bss.RowStart)
                  2020319e    00000001     ST7735.o (.bss.TabColor)

.data      0    202031a0    00000782     UNINITIALIZED
                  202031a0    000006f0     OS.o (.data.PTaskSchedule)
                  20203890    0000004c     OS.o (.data.Scheduler)
                  202038dc    0000002c     OS.o (.data.TcbFifo)
                  20203908    00000004     Clock.o (.data.BusFreq)
                  2020390c    00000004     ST7735.o (.data.StX)
                  20203910    00000004     ST7735.o (.data.StY)
                  20203914    00000004     OS.o (.data.ThreadIdCounter)
                  20203918    00000004     OS.o (.data.isLaunched)
                  2020391c    00000002     ST7735.o (.data.StTextColor)
                  2020391e    00000002     ST7735.o (.data._height)
                  20203920    00000002     ST7735.o (.data._width)

.stack     0    20207e00    00000200     UNINITIALIZED
                  20207e00    00000004     libc.a : boot_cortex_m.c.obj (.stack)
                  20207e04    000001fc     --HOLE--

__llvm_prf_cnts 
*          0    20200000    00000000     UNINITIALIZED

__llvm_prf_bits 
*          0    20200000    00000000     UNINITIALIZED

MODULE SUMMARY

       Module                         code   ro data   rw data
       ------                         ----   -------   -------
    ./
       OS.o                           2568   0         13612  
       FIFO.o                         232    0         840    
       Display.o                      340    223       8      
       main.o                         338    0         0      
       startup_mspm0g350x_ticlang.o   8      192       0      
       DAS.o                          148    0         0      
       osasm.o                        80     0         0      
    +--+------------------------------+------+---------+---------+
       Total:                         3714   415       14460  
                                                              
    ./inc/
       ST7735.o                       1922   1425      33     
       RTOS_UARTints.o                528    0         0      
       Clock.o                        516    0         4      
       Timer.o                        440    0         0      
       SPI.o                          420    0         0      
       ADC.o                          408    0         0      
       RTOS_FIFO.o                    268    0         128    
       LaunchPad.o                    196    0         0      
    +--+------------------------------+------+---------+---------+
       Total:                         4698   1425      165    
                                                              
    /Applications/ti/ccs2040/ccs/tools/compiler/ti-cgt-armllvm_4.0.4.LTS/lib/armv6m-ti-none-eabi/c/libc.a
       copy_decompress_lzss.c.obj     124    0         0      
       autoinit.c.obj                 60     0         0      
       boot_cortex_m.c.obj            40     0         0      
       copy_decompress_none.c.obj     18     0         0      
       memcpy16.S.obj                 18     0         0      
       copy_zero_init.c.obj           16     0         0      
       memset16.S.obj                 14     0         0      
       exit.c.obj                     6      0         0      
       pre_init.c.obj                 4      0         0      
    +--+------------------------------+------+---------+---------+
       Total:                         300    0         0      
                                                              
    /Applications/ti/ccs2040/ccs/tools/compiler/ti-cgt-armllvm_4.0.4.LTS/lib/armv6m-ti-none-eabi/c/libsysbm.a
       hostexit.c.obj                 4      0         0      
    +--+------------------------------+------+---------+---------+
       Total:                         4      0         0      
                                                              
    /Applications/ti/ccs2040/ccs/tools/compiler/ti-cgt-armllvm_4.0.4.LTS/lib/armv6m-ti-none-eabi/libclang_rt.builtins.a
       aeabi_uidivmod.S.obj           64     0         0      
       aeabi_memset.S.obj             12     0         0      
       aeabi_memcpy.S.obj             8      0         0      
       aeabi_div0.c.obj               2      0         0      
    +--+------------------------------+------+---------+---------+
       Total:                         86     0         0      
                                                              
       Stack:                         0      0         512    
       Linker Generated:              0      99        0      
    +--+------------------------------+------+---------+---------+
       Grand Total:                   8802   1939      15137  


LINKER GENERATED COPY TABLES

__TI_cinit_table @ 000029fc records: 2, size/record: 8, table size: 16
	.data: load addr=000029a8, load size=0000003f bytes, run addr=202031a0, run size=00000782 bytes, compression=lzss
	.bss: load addr=000029f4, load size=00000008 bytes, run addr=20200000, run size=0000319f bytes, compression=zero_init


LINKER GENERATED HANDLER TABLE

__TI_handler_table @ 000029e8 records: 3, size/record: 4, table size: 12
	index: 0, handler: __TI_decompress_lzss
	index: 1, handler: __TI_decompress_none
	index: 2, handler: __TI_zero_init


GLOBAL SYMBOLS: SORTED ALPHABETICALLY BY Name 

address   name                          
-------   ----                          
0000231f  ADC0_IRQHandler               
0000231f  ADC1_IRQHandler               
00000d31  ADC_In                        
0000076d  ADC_Init                      
0000231f  AES_IRQHandler                
00001ebd  ActivatePortA_B               
20203908  BusFreq                       
00002322  C$$EXIT                       
0000231f  CANFD0_IRQHandler             
00002281  Clock_Delay                   
00001f65  Clock_Delay1ms                
000022e1  Clock_Freq                    
000000c1  Clock_Init80MHz               
0000231f  DAC0_IRQHandler               
00002209  DAS                           
00002035  DASInit                       
0000231f  DMA_IRQHandler                
0000231f  Default_Handler               
00002291  Delay                         
00001ef5  DisplayInit                   
000020c9  DisplayStartMenu              
0000197d  DisplayTemp                   
00001bec  EndCritical                   
00001b3d  Fifo_Get                      
00001f99  Fifo_Init                     
00001919  Fifo_Put                      
0000231f  GROUP0_IRQHandler             
0000231f  GROUP1_IRQHandler             
00002323  HOSTexit                      
0000231f  HardFault_Handler             
000022a1  HeartBeat                     
0000231f  I2C0_IRQHandler               
0000231f  I2C1_IRQHandler               
00001dcd  InputPolling                  
20203164  LCD_Mutex                     
00001579  LaunchPad_Init                
00000ae1  Logic_Init                    
20203154  Message                       
20203168  Messageindex                  
0000231f  NMI_Handler                   
2020316c  NextThreadPt                  
20203170  NumPeriodicThreads            
00001bdc  OSDisableInterrupts           
00001be0  OSEnableInterrupts            
00000c79  OS_AddPeriodicThread          
00001769  OS_AddThread                  
000021d5  OS_ClearMsTime                
00000bad  OS_Init                       
000022b1  OS_InitSemaphore              
000017dd  OS_Kill                       
00001239  OS_Launch                     
000022ed  OS_MsTime                     
000015f5  OS_Scheduler                  
00001d09  OS_Sleep                      
00002221  OS_Suspend                    
00002235  OS_Time                       
00000fcd  OS_bSignal                    
00001849  OS_bWait                      
20203174  PTaskIdx                      
202031a0  PTaskSchedule                 
00001bf5  PendSV_Handler                
20202968  PookieTCB                     
0000231f  RTC_IRQHandler                
00002327  Reset_Handler                 
20203178  RunPt                         
20203124  RxFifoEmpty                   
00002195  RxFifo_Init                   
00001a39  RxFifo_Put                    
2020317c  RxGetI                        
20203180  RxPutI                        
0000231f  SPI0_IRQHandler               
0000231f  SPI1_IRQHandler               
0000085d  SPI_Init                      
00001cc1  SPI_OutCommand                
00001f2d  SPI_OutData                   
00001d4d  SPI_Reset                     
00000275  ST7735_DrawChar               
00001471  ST7735_DrawString             
00000555  ST7735_FillRect               
000020f5  ST7735_FillScreen             
00001109  ST7735_InitR                  
00000a11  ST7735_OutChar                
00002149  ST7735_OutString              
000014f5  ST7735_OutUDec                
00001fcd  ST7735_SetCursor              
00001c11  SVC_Handler                   
20203890  Scheduler                     
20203184  SleepyThreadsHead             
2020391c  StTextColor                   
2020390c  StX                           
20203910  StY                           
00001be4  StartCritical                 
00001bf2  StartOS                       
00002249  SysTick_Handler               
20203134  TCBQueueSemaphore             
20200000  THREAD_CONTROL_BLOCKS         
0000231f  TIMA0_IRQHandler              
0000231f  TIMA1_IRQHandler              
0000231f  TIMG0_IRQHandler              
0000231f  TIMG12_IRQHandler             
0000231f  TIMG6_IRQHandler              
0000106d  TIMG7_IRQHandler              
000011a1  TIMG8_IRQHandler              
0000225d  TI_memcpy_small               
000022d1  TI_memset_small               
202038dc  TcbFifo                       
20203188  TimeMs                        
000018b1  TimerG12_IntArm               
00000dd9  TimerG7_IntArm                
00000e81  TimerG8_IntArm                
20203144  TxFifoFull                    
00001a91  TxFifo_Get                    
00002171  TxFifo_Init                   
000021f1  TxFifo_Size                   
2020318c  TxGetI                        
20203190  TxPutI                        
000019dd  UART0_IRQHandler              
0000231f  UART1_IRQHandler              
0000231f  UART2_IRQHandler              
0000231f  UART3_IRQHandler              
0000041d  UART_Init                     
20208000  __STACK_END                   
00000200  __STACK_SIZE                  
00000000  __TI_ATRegion0_region_sz      
00000000  __TI_ATRegion0_src_addr       
00000000  __TI_ATRegion0_trg_addr       
00000000  __TI_ATRegion1_region_sz      
00000000  __TI_ATRegion1_src_addr       
00000000  __TI_ATRegion1_trg_addr       
00000000  __TI_ATRegion2_region_sz      
00000000  __TI_ATRegion2_src_addr       
00000000  __TI_ATRegion2_trg_addr       
000029fc  __TI_CINIT_Base               
00002a0c  __TI_CINIT_Limit              
00002a0c  __TI_CINIT_Warm               
000029e8  __TI_Handler_Table_Base       
000029f4  __TI_Handler_Table_Limit      
00001e81  __TI_auto_init_nobinit_nopinit
000016ed  __TI_decompress_lzss          
0000226f  __TI_decompress_none          
ffffffff  __TI_pprof_out_hndl           
ffffffff  __TI_prof_data_size           
ffffffff  __TI_prof_data_start          
00000000  __TI_static_base__            
000022c1  __TI_zero_init                
00000fcb  __aeabi_idiv0                 
000022f9  __aeabi_memclr                
000022f9  __aeabi_memclr4               
000022f9  __aeabi_memclr8               
00002311  __aeabi_memcpy                
00002311  __aeabi_memcpy4               
00002311  __aeabi_memcpy8               
00001d8d  __aeabi_uidiv                 
00001d8d  __aeabi_uidivmod              
ffffffff  __binit__                     
UNDEFED   __mpu_init                    
20207e00  __stack                       
20200000  __start___llvm_prf_bits       
20200000  __start___llvm_prf_cnts       
20200000  __stop___llvm_prf_bits        
20200000  __stop___llvm_prf_cnts        
00002121  _c_int00_noargs               
UNDEFED   _system_post_cinit            
0000232b  _system_pre_init              
00002319  abort                         
ffffffff  binit                         
00001ae9  fillmessage                   
00000000  interruptVectors              
20203918  isLaunched                    
00001671  main                          
20203194  secretTimeMs                  
20203198  sr                            


GLOBAL SYMBOLS: SORTED BY Symbol Address 

address   name                          
-------   ----                          
00000000  __TI_ATRegion0_region_sz      
00000000  __TI_ATRegion0_src_addr       
00000000  __TI_ATRegion0_trg_addr       
00000000  __TI_ATRegion1_region_sz      
00000000  __TI_ATRegion1_src_addr       
00000000  __TI_ATRegion1_trg_addr       
00000000  __TI_ATRegion2_region_sz      
00000000  __TI_ATRegion2_src_addr       
00000000  __TI_ATRegion2_trg_addr       
00000000  __TI_static_base__            
00000000  interruptVectors              
000000c1  Clock_Init80MHz               
00000200  __STACK_SIZE                  
00000275  ST7735_DrawChar               
0000041d  UART_Init                     
00000555  ST7735_FillRect               
0000076d  ADC_Init                      
0000085d  SPI_Init                      
00000a11  ST7735_OutChar                
00000ae1  Logic_Init                    
00000bad  OS_Init                       
00000c79  OS_AddPeriodicThread          
00000d31  ADC_In                        
00000dd9  TimerG7_IntArm                
00000e81  TimerG8_IntArm                
00000fcb  __aeabi_idiv0                 
00000fcd  OS_bSignal                    
0000106d  TIMG7_IRQHandler              
00001109  ST7735_InitR                  
000011a1  TIMG8_IRQHandler              
00001239  OS_Launch                     
00001471  ST7735_DrawString             
000014f5  ST7735_OutUDec                
00001579  LaunchPad_Init                
000015f5  OS_Scheduler                  
00001671  main                          
000016ed  __TI_decompress_lzss          
00001769  OS_AddThread                  
000017dd  OS_Kill                       
00001849  OS_bWait                      
000018b1  TimerG12_IntArm               
00001919  Fifo_Put                      
0000197d  DisplayTemp                   
000019dd  UART0_IRQHandler              
00001a39  RxFifo_Put                    
00001a91  TxFifo_Get                    
00001ae9  fillmessage                   
00001b3d  Fifo_Get                      
00001bdc  OSDisableInterrupts           
00001be0  OSEnableInterrupts            
00001be4  StartCritical                 
00001bec  EndCritical                   
00001bf2  StartOS                       
00001bf5  PendSV_Handler                
00001c11  SVC_Handler                   
00001cc1  SPI_OutCommand                
00001d09  OS_Sleep                      
00001d4d  SPI_Reset                     
00001d8d  __aeabi_uidiv                 
00001d8d  __aeabi_uidivmod              
00001dcd  InputPolling                  
00001e81  __TI_auto_init_nobinit_nopinit
00001ebd  ActivatePortA_B               
00001ef5  DisplayInit                   
00001f2d  SPI_OutData                   
00001f65  Clock_Delay1ms                
00001f99  Fifo_Init                     
00001fcd  ST7735_SetCursor              
00002035  DASInit                       
000020c9  DisplayStartMenu              
000020f5  ST7735_FillScreen             
00002121  _c_int00_noargs               
00002149  ST7735_OutString              
00002171  TxFifo_Init                   
00002195  RxFifo_Init                   
000021d5  OS_ClearMsTime                
000021f1  TxFifo_Size                   
00002209  DAS                           
00002221  OS_Suspend                    
00002235  OS_Time                       
00002249  SysTick_Handler               
0000225d  TI_memcpy_small               
0000226f  __TI_decompress_none          
00002281  Clock_Delay                   
00002291  Delay                         
000022a1  HeartBeat                     
000022b1  OS_InitSemaphore              
000022c1  __TI_zero_init                
000022d1  TI_memset_small               
000022e1  Clock_Freq                    
000022ed  OS_MsTime                     
000022f9  __aeabi_memclr                
000022f9  __aeabi_memclr4               
000022f9  __aeabi_memclr8               
00002311  __aeabi_memcpy                
00002311  __aeabi_memcpy4               
00002311  __aeabi_memcpy8               
00002319  abort                         
0000231f  ADC0_IRQHandler               
0000231f  ADC1_IRQHandler               
0000231f  AES_IRQHandler                
0000231f  CANFD0_IRQHandler             
0000231f  DAC0_IRQHandler               
0000231f  DMA_IRQHandler                
0000231f  Default_Handler               
0000231f  GROUP0_IRQHandler             
0000231f  GROUP1_IRQHandler             
0000231f  HardFault_Handler             
0000231f  I2C0_IRQHandler               
0000231f  I2C1_IRQHandler               
0000231f  NMI_Handler                   
0000231f  RTC_IRQHandler                
0000231f  SPI0_IRQHandler               
0000231f  SPI1_IRQHandler               
0000231f  TIMA0_IRQHandler              
0000231f  TIMA1_IRQHandler              
0000231f  TIMG0_IRQHandler              
0000231f  TIMG12_IRQHandler             
0000231f  TIMG6_IRQHandler              
0000231f  UART1_IRQHandler              
0000231f  UART2_IRQHandler              
0000231f  UART3_IRQHandler              
00002322  C$$EXIT                       
00002323  HOSTexit                      
00002327  Reset_Handler                 
0000232b  _system_pre_init              
000029e8  __TI_Handler_Table_Base       
000029f4  __TI_Handler_Table_Limit      
000029fc  __TI_CINIT_Base               
00002a0c  __TI_CINIT_Limit              
00002a0c  __TI_CINIT_Warm               
20200000  THREAD_CONTROL_BLOCKS         
20200000  __start___llvm_prf_bits       
20200000  __start___llvm_prf_cnts       
20200000  __stop___llvm_prf_bits        
20200000  __stop___llvm_prf_cnts        
20202968  PookieTCB                     
20203124  RxFifoEmpty                   
20203134  TCBQueueSemaphore             
20203144  TxFifoFull                    
20203154  Message                       
20203164  LCD_Mutex                     
20203168  Messageindex                  
2020316c  NextThreadPt                  
20203170  NumPeriodicThreads            
20203174  PTaskIdx                      
20203178  RunPt                         
2020317c  RxGetI                        
20203180  RxPutI                        
20203184  SleepyThreadsHead             
20203188  TimeMs                        
2020318c  TxGetI                        
20203190  TxPutI                        
20203194  secretTimeMs                  
20203198  sr                            
202031a0  PTaskSchedule                 
20203890  Scheduler                     
202038dc  TcbFifo                       
20203908  BusFreq                       
2020390c  StX                           
20203910  StY                           
20203918  isLaunched                    
2020391c  StTextColor                   
20207e00  __stack                       
20208000  __STACK_END                   
ffffffff  __TI_pprof_out_hndl           
ffffffff  __TI_prof_data_size           
ffffffff  __TI_prof_data_start          
ffffffff  __binit__                     
ffffffff  binit                         
UNDEFED   __mpu_init                    
UNDEFED   _system_post_cinit            

[172 symbols]
