******************************************************************************
            TI ARM Clang Linker Unix v4.0.4                    
******************************************************************************
>> Linked Fri Feb 27 15:03:44 2026

OUTPUT FILE NAME:   <SwanGanz.out>
ENTRY POINT SYMBOL: "_c_int00_noargs"  address: 000011a9


MEMORY CONFIGURATION

         name            origin    length      used     unused   attr    fill
----------------------  --------  ---------  --------  --------  ----  --------
  FLASH                 00000000   00020000  00001930  0001e6d0  R  X
  SRAM                  20200000   00008000  0000029d  00007d63  RW X
  BCR_CONFIG            41c00000   000000ff  00000000  000000ff  R   
  BSL_CONFIG            41c00100   00000080  00000000  00000080  R   


SEGMENT ALLOCATION MAP

run origin  load origin   length   init length attrs members
----------  ----------- ---------- ----------- ----- -------
00000000    00000000    00001930   00001930    r-x
  00000000    00000000    000000c0   000000c0    r-- .intvecs
  000000c0    000000c0    000012a0   000012a0    r-x .text
  00001360    00001360    00000598   00000598    r-- .rodata
  000018f8    000018f8    00000038   00000038    r-- .cinit
20200000    20200000    0000009e   00000000    rw-
  20200000    20200000    0000008b   00000000    rw- .bss
  2020008c    2020008c    00000012   00000000    rw- .data
20207e00    20207e00    00000200   00000000    rw-
  20207e00    20207e00    00000200   00000000    rw- .stack


SECTION ALLOCATION MAP

 output                                  attributes/
section   page    origin      length       input sections
--------  ----  ----------  ----------   ----------------
.intvecs   0    00000000    000000c0     
                  00000000    000000c0     startup_mspm0g350x_ticlang.o (.intvecs)

.text      0    000000c0    000012a0     
                  000000c0    000001b4     Clock.o (.text.Clock_Init80MHz)
                  00000274    000001a8     ST7735.o (.text.ST7735_DrawChar)
                  0000041c    0000013c     DAS.o (.text.TIMG0_IRQHandler)
                  00000558    00000118     ST7735.o (.text.ST7735_FillRect)
                  00000670    000000f0     ADC.o (.text.ADC_Init)
                  00000760    000000e4     SPI.o (.text.SPI_Init)
                  00000844    000000d0     ST7735.o (.text.ST7735_OutChar)
                  00000914    000000a4     main.o (.text.Logic_Init)
                  000009b8    000000a4     Timer.o (.text.TimerG0_IntArm)
                  00000a5c    000000a2     ST7735.o (.text.commandList)
                  00000afe    00000002     libclang_rt.builtins.a : aeabi_div0.c.obj (.text.__aeabi_idiv0)
                  00000b00    00000098     ST7735.o (.text.ST7735_InitR)
                  00000b98    00000088     ST7735.o (.text.setAddrWindow)
                  00000c20    00000084     ST7735.o (.text.ST7735_DrawString)
                  00000ca4    0000007c     LaunchPad.o (.text.LaunchPad_Init)
                  00000d20    0000007c     libc.a : copy_decompress_lzss.c.obj (.text:decompress:lzss)
                  00000d9c    0000005c     UARTints.o (.text.UART0_IRQHandler)
                  00000df8    00000058     UARTints.o (.text.copyHardwareToSoftware)
                  00000e50    0000004c     FIFO.o (.text.RxFifo_Put)
                  00000e9c    0000004c     FIFO.o (.text.TxFifo_Get)
                  00000ee8    0000004c     UARTints.o (.text.copySoftwareToHardware)
                  00000f34    00000048     SPI.o (.text.SPI_OutCommand)
                  00000f7c    00000040     SPI.o (.text.SPI_Reset)
                  00000fbc    00000040     libclang_rt.builtins.a : aeabi_uidivmod.S.obj (.text.__aeabi_uidivmod)
                  00000ffc    0000003c     libc.a : autoinit.c.obj (.text:__TI_auto_init_nobinit_nopinit)
                  00001038    0000003a     libclang_rt.builtins.a : muldsi3.S.obj (.text.__muldsi3)
                  00001072    00000002     --HOLE-- [fill = 0]
                  00001074    00000038     LaunchPad.o (.text.ActivatePortA_B)
                  000010ac    00000038     SPI.o (.text.SPI_OutData)
                  000010e4    00000034     Clock.o (.text.Clock_Delay1ms)
                  00001118    00000034     ST7735.o (.text.ST7735_SetCursor)
                  0000114c    00000030     ST7735.o (.text.commonInit)
                  0000117c    0000002c     ST7735.o (.text.ST7735_FillScreen)
                  000011a8    00000028     libc.a : boot_cortex_m.c.obj (.text:_c_int00_noargs)
                  000011d0    00000026     ST7735.o (.text.ST7735_OutString)
                  000011f6    00000026     main.o (.text.main)
                  0000121c    00000024     libclang_rt.builtins.a : muldi3.S.obj (.text.__muldi3)
                  00001240    00000022     LCD.o (.text.LCD_Init)
                  00001262    0000001e     ST7735.o (.text.pushColor)
                  00001280    00000018     DAS.o (.text.DAS_Init)
                  00001298    00000018     FIFO.o (.text.RxFifo_Size)
                  000012b0    00000018     FIFO.o (.text.TxFifo_Size)
                  000012c8    00000016     libc.a : copy_zero_init.c.obj (.text:decompress:ZI:__TI_zero_init_nomemset)
                  000012de    00000012            : memcpy16.S.obj (.text:TI_memcpy_small)
                  000012f0    00000012            : copy_decompress_none.c.obj (.text:decompress:none)
                  00001302    00000010     Clock.o (.text.Clock_Delay)
                  00001312    00000010     LaunchPad.o (.text.Delay)
                  00001322    00000002     --HOLE-- [fill = 0]
                  00001324    00000010     LCD.o (.text.LCD_Start)
                  00001334    0000000c     Clock.o (.text.Clock_Freq)
                  00001340    00000008     libclang_rt.builtins.a : aeabi_memcpy.S.obj (.text.__aeabi_memcpy)
                  00001348    00000006     libc.a : exit.c.obj (.text:abort)
                  0000134e    00000004     startup_mspm0g350x_ticlang.o (.text.Default_Handler)
                  00001352    00000004     libsysbm.a : hostexit.c.obj (.text.HOSTexit)
                  00001356    00000004     startup_mspm0g350x_ticlang.o (.text.Reset_Handler)
                  0000135a    00000004     libc.a : pre_init.c.obj (.text._system_pre_init)
                  0000135e    00000002     --HOLE-- [fill = 0]

.cinit     0    000018f8    00000038     
                  000018f8    00000012     (.cinit..data.load) [load image, compression = lzss]
                  0000190a    00000002     --HOLE-- [fill = 0]
                  0000190c    0000000c     (__TI_handler_table)
                  00001918    00000008     (.cinit..bss.load) [load image, compression = zero_init]
                  00001920    00000010     (__TI_cinit_table)

.rodata    0    00001360    00000598     
                  00001360    000004fb     ST7735.o (.rodata.Font)
                  0000185b    0000003b     ST7735.o (.rodata.Rcmd1)
                  00001896    0000002b     ST7735.o (.rodata.Rcmd3)
                  000018c1    00000016     ST7735.o (.rodata.str1.2132471336006292093.1)
                  000018d7    0000000d     ST7735.o (.rodata.Rcmd2green)
                  000018e4    0000000d     ST7735.o (.rodata.Rcmd2red)
                  000018f1    00000005     LCD.o (.rodata.str1.9522760866108295983.1)
                  000018f6    00000002     --HOLE-- [fill = 0]

.init_array 
*          0    00000000    00000000     UNINITIALIZED

.binit     0    00000000    00000000     

.bss       0    20200000    0000008b     UNINITIALIZED
                  20200000    00000040     FIFO.o (.bss.TxFifo)
                  20200040    00000010     FIFO.o (.bss.RxFifo)
                  20200050    00000008     (.common:Therm1Watch)
                  20200058    00000008     (.common:temp)
                  20200060    00000004     (.common:HiGainTherm)
                  20200064    00000004     (.common:LowGainTherm)
                  20200068    00000004     (.common:RxGetI)
                  2020006c    00000004     (.common:RxPutI)
                  20200070    00000004     (.common:TxGetI)
                  20200074    00000004     (.common:TxPutI)
                  20200078    00000004     (.common:watchPA17)
                  2020007c    00000004     (.common:watchPA18)
                  20200080    00000004     (.common:watchPA24)
                  20200084    00000004     (.common:watchPA25)
                  20200088    00000001     ST7735.o (.bss.ColStart)
                  20200089    00000001     ST7735.o (.bss.RowStart)
                  2020008a    00000001     ST7735.o (.bss.TabColor)

.data      0    2020008c    00000012     UNINITIALIZED
                  2020008c    00000004     Clock.o (.data.BusFreq)
                  20200090    00000004     ST7735.o (.data.StX)
                  20200094    00000004     ST7735.o (.data.StY)
                  20200098    00000002     ST7735.o (.data.StTextColor)
                  2020009a    00000002     ST7735.o (.data._height)
                  2020009c    00000002     ST7735.o (.data._width)

.stack     0    20207e00    00000200     UNINITIALIZED
                  20207e00    00000004     libc.a : boot_cortex_m.c.obj (.stack)
                  20207e04    000001fc     --HOLE--

__llvm_prf_cnts 
*          0    20200000    00000000     UNINITIALIZED

__llvm_prf_bits 
*          0    20200000    00000000     UNINITIALIZED

MODULE SUMMARY

       Module                         code   ro data   rw data
       ------                         ----   -------   -------
    ./
       DAS.o                          340    0         40     
       main.o                         202    0         0      
       startup_mspm0g350x_ticlang.o   8      192       0      
       LCD.o                          50     5         0      
    +--+------------------------------+------+---------+---------+
       Total:                         600    197       40     
                                                              
    ./inc/
       ST7735.o                       1706   1425      17     
       Clock.o                        516    0         4      
       SPI.o                          420    0         0      
       FIFO.o                         200    0         96     
       UARTints.o                     256    0         0      
       ADC.o                          240    0         0      
       LaunchPad.o                    196    0         0      
       Timer.o                        164    0         0      
    +--+------------------------------+------+---------+---------+
       Total:                         3698   1425      117    
                                                              
    /Applications/ti/ccs2040/ccs/tools/compiler/ti-cgt-armllvm_4.0.4.LTS/lib/armv6m-ti-none-eabi/c/libc.a
       copy_decompress_lzss.c.obj     124    0         0      
       autoinit.c.obj                 60     0         0      
       boot_cortex_m.c.obj            40     0         0      
       copy_zero_init.c.obj           22     0         0      
       copy_decompress_none.c.obj     18     0         0      
       memcpy16.S.obj                 18     0         0      
       exit.c.obj                     6      0         0      
       pre_init.c.obj                 4      0         0      
    +--+------------------------------+------+---------+---------+
       Total:                         292    0         0      
                                                              
    /Applications/ti/ccs2040/ccs/tools/compiler/ti-cgt-armllvm_4.0.4.LTS/lib/armv6m-ti-none-eabi/c/libsysbm.a
       hostexit.c.obj                 4      0         0      
    +--+------------------------------+------+---------+---------+
       Total:                         4      0         0      
                                                              
    /Applications/ti/ccs2040/ccs/tools/compiler/ti-cgt-armllvm_4.0.4.LTS/lib/armv6m-ti-none-eabi/libclang_rt.builtins.a
       aeabi_uidivmod.S.obj           64     0         0      
       muldsi3.S.obj                  58     0         0      
       muldi3.S.obj                   36     0         0      
       aeabi_memcpy.S.obj             8      0         0      
       aeabi_div0.c.obj               2      0         0      
    +--+------------------------------+------+---------+---------+
       Total:                         168    0         0      
                                                              
       Stack:                         0      0         512    
       Linker Generated:              0      54        0      
    +--+------------------------------+------+---------+---------+
       Grand Total:                   4762   1676      669    


LINKER GENERATED COPY TABLES

__TI_cinit_table @ 00001920 records: 2, size/record: 8, table size: 16
	.data: load addr=000018f8, load size=00000012 bytes, run addr=2020008c, run size=00000012 bytes, compression=lzss
	.bss: load addr=00001918, load size=00000008 bytes, run addr=20200000, run size=0000008b bytes, compression=zero_init


LINKER GENERATED HANDLER TABLE

__TI_handler_table @ 0000190c records: 3, size/record: 4, table size: 12
	index: 0, handler: __TI_decompress_lzss
	index: 1, handler: __TI_decompress_none
	index: 2, handler: __TI_zero_init


GLOBAL SYMBOLS: SORTED ALPHABETICALLY BY Name 

address   name                          
-------   ----                          
0000134f  ADC0_IRQHandler               
0000134f  ADC1_IRQHandler               
00000671  ADC_Init                      
0000134f  AES_IRQHandler                
00001075  ActivatePortA_B               
2020008c  BusFreq                       
00001352  C$$EXIT                       
0000134f  CANFD0_IRQHandler             
00001303  Clock_Delay                   
000010e5  Clock_Delay1ms                
00001335  Clock_Freq                    
000000c1  Clock_Init80MHz               
0000134f  DAC0_IRQHandler               
00001281  DAS_Init                      
0000134f  DMA_IRQHandler                
0000134f  Default_Handler               
00001313  Delay                         
0000134f  GROUP0_IRQHandler             
0000134f  GROUP1_IRQHandler             
00001353  HOSTexit                      
0000134f  HardFault_Handler             
20200060  HiGainTherm                   
0000134f  I2C0_IRQHandler               
0000134f  I2C1_IRQHandler               
00001241  LCD_Init                      
00000ca5  LaunchPad_Init                
00000915  Logic_Init                    
20200064  LowGainTherm                  
0000134f  NMI_Handler                   
0000134f  PendSV_Handler                
0000134f  RTC_IRQHandler                
00001357  Reset_Handler                 
00000e51  RxFifo_Put                    
00001299  RxFifo_Size                   
20200068  RxGetI                        
2020006c  RxPutI                        
0000134f  SPI0_IRQHandler               
0000134f  SPI1_IRQHandler               
00000761  SPI_Init                      
00000f35  SPI_OutCommand                
000010ad  SPI_OutData                   
00000f7d  SPI_Reset                     
00000275  ST7735_DrawChar               
00000c21  ST7735_DrawString             
00000559  ST7735_FillRect               
0000117d  ST7735_FillScreen             
00000b01  ST7735_InitR                  
00000845  ST7735_OutChar                
000011d1  ST7735_OutString              
00001119  ST7735_SetCursor              
0000134f  SVC_Handler                   
20200098  StTextColor                   
20200090  StX                           
20200094  StY                           
0000134f  SysTick_Handler               
0000134f  TIMA0_IRQHandler              
0000134f  TIMA1_IRQHandler              
0000041d  TIMG0_IRQHandler              
0000134f  TIMG12_IRQHandler             
0000134f  TIMG6_IRQHandler              
0000134f  TIMG7_IRQHandler              
0000134f  TIMG8_IRQHandler              
000012df  TI_memcpy_small               
20200050  Therm1Watch                   
000009b9  TimerG0_IntArm                
00000e9d  TxFifo_Get                    
000012b1  TxFifo_Size                   
20200070  TxGetI                        
20200074  TxPutI                        
00000d9d  UART0_IRQHandler              
0000134f  UART1_IRQHandler              
0000134f  UART2_IRQHandler              
0000134f  UART3_IRQHandler              
20208000  __STACK_END                   
00000200  __STACK_SIZE                  
00000000  __TI_ATRegion0_region_sz      
00000000  __TI_ATRegion0_src_addr       
00000000  __TI_ATRegion0_trg_addr       
00000000  __TI_ATRegion1_region_sz      
00000000  __TI_ATRegion1_src_addr       
00000000  __TI_ATRegion1_trg_addr       
00000000  __TI_ATRegion2_region_sz      
00000000  __TI_ATRegion2_src_addr       
00000000  __TI_ATRegion2_trg_addr       
00001920  __TI_CINIT_Base               
00001930  __TI_CINIT_Limit              
00001930  __TI_CINIT_Warm               
0000190c  __TI_Handler_Table_Base       
00001918  __TI_Handler_Table_Limit      
00000ffd  __TI_auto_init_nobinit_nopinit
00000d21  __TI_decompress_lzss          
000012f1  __TI_decompress_none          
ffffffff  __TI_pprof_out_hndl           
ffffffff  __TI_prof_data_size           
ffffffff  __TI_prof_data_start          
00000000  __TI_static_base__            
000012c9  __TI_zero_init_nomemset       
00000aff  __aeabi_idiv0                 
0000121d  __aeabi_lmul                  
00001341  __aeabi_memcpy                
00001341  __aeabi_memcpy4               
00001341  __aeabi_memcpy8               
00000fbd  __aeabi_uidiv                 
00000fbd  __aeabi_uidivmod              
ffffffff  __binit__                     
UNDEFED   __mpu_init                    
0000121d  __muldi3                      
00001039  __muldsi3                     
20207e00  __stack                       
20200000  __start___llvm_prf_bits       
20200000  __start___llvm_prf_cnts       
20200000  __stop___llvm_prf_bits        
20200000  __stop___llvm_prf_cnts        
000011a9  _c_int00_noargs               
UNDEFED   _system_post_cinit            
0000135b  _system_pre_init              
00001349  abort                         
ffffffff  binit                         
00000000  interruptVectors              
000011f7  main                          
20200058  temp                          
20200078  watchPA17                     
2020007c  watchPA18                     
20200080  watchPA24                     
20200084  watchPA25                     


GLOBAL SYMBOLS: SORTED BY Symbol Address 

address   name                          
-------   ----                          
00000000  __TI_ATRegion0_region_sz      
00000000  __TI_ATRegion0_src_addr       
00000000  __TI_ATRegion0_trg_addr       
00000000  __TI_ATRegion1_region_sz      
00000000  __TI_ATRegion1_src_addr       
00000000  __TI_ATRegion1_trg_addr       
00000000  __TI_ATRegion2_region_sz      
00000000  __TI_ATRegion2_src_addr       
00000000  __TI_ATRegion2_trg_addr       
00000000  __TI_static_base__            
00000000  interruptVectors              
000000c1  Clock_Init80MHz               
00000200  __STACK_SIZE                  
00000275  ST7735_DrawChar               
0000041d  TIMG0_IRQHandler              
00000559  ST7735_FillRect               
00000671  ADC_Init                      
00000761  SPI_Init                      
00000845  ST7735_OutChar                
00000915  Logic_Init                    
000009b9  TimerG0_IntArm                
00000aff  __aeabi_idiv0                 
00000b01  ST7735_InitR                  
00000c21  ST7735_DrawString             
00000ca5  LaunchPad_Init                
00000d21  __TI_decompress_lzss          
00000d9d  UART0_IRQHandler              
00000e51  RxFifo_Put                    
00000e9d  TxFifo_Get                    
00000f35  SPI_OutCommand                
00000f7d  SPI_Reset                     
00000fbd  __aeabi_uidiv                 
00000fbd  __aeabi_uidivmod              
00000ffd  __TI_auto_init_nobinit_nopinit
00001039  __muldsi3                     
00001075  ActivatePortA_B               
000010ad  SPI_OutData                   
000010e5  Clock_Delay1ms                
00001119  ST7735_SetCursor              
0000117d  ST7735_FillScreen             
000011a9  _c_int00_noargs               
000011d1  ST7735_OutString              
000011f7  main                          
0000121d  __aeabi_lmul                  
0000121d  __muldi3                      
00001241  LCD_Init                      
00001281  DAS_Init                      
00001299  RxFifo_Size                   
000012b1  TxFifo_Size                   
000012c9  __TI_zero_init_nomemset       
000012df  TI_memcpy_small               
000012f1  __TI_decompress_none          
00001303  Clock_Delay                   
00001313  Delay                         
00001335  Clock_Freq                    
00001341  __aeabi_memcpy                
00001341  __aeabi_memcpy4               
00001341  __aeabi_memcpy8               
00001349  abort                         
0000134f  ADC0_IRQHandler               
0000134f  ADC1_IRQHandler               
0000134f  AES_IRQHandler                
0000134f  CANFD0_IRQHandler             
0000134f  DAC0_IRQHandler               
0000134f  DMA_IRQHandler                
0000134f  Default_Handler               
0000134f  GROUP0_IRQHandler             
0000134f  GROUP1_IRQHandler             
0000134f  HardFault_Handler             
0000134f  I2C0_IRQHandler               
0000134f  I2C1_IRQHandler               
0000134f  NMI_Handler                   
0000134f  PendSV_Handler                
0000134f  RTC_IRQHandler                
0000134f  SPI0_IRQHandler               
0000134f  SPI1_IRQHandler               
0000134f  SVC_Handler                   
0000134f  SysTick_Handler               
0000134f  TIMA0_IRQHandler              
0000134f  TIMA1_IRQHandler              
0000134f  TIMG12_IRQHandler             
0000134f  TIMG6_IRQHandler              
0000134f  TIMG7_IRQHandler              
0000134f  TIMG8_IRQHandler              
0000134f  UART1_IRQHandler              
0000134f  UART2_IRQHandler              
0000134f  UART3_IRQHandler              
00001352  C$$EXIT                       
00001353  HOSTexit                      
00001357  Reset_Handler                 
0000135b  _system_pre_init              
0000190c  __TI_Handler_Table_Base       
00001918  __TI_Handler_Table_Limit      
00001920  __TI_CINIT_Base               
00001930  __TI_CINIT_Limit              
00001930  __TI_CINIT_Warm               
20200000  __start___llvm_prf_bits       
20200000  __start___llvm_prf_cnts       
20200000  __stop___llvm_prf_bits        
20200000  __stop___llvm_prf_cnts        
20200050  Therm1Watch                   
20200058  temp                          
20200060  HiGainTherm                   
20200064  LowGainTherm                  
20200068  RxGetI                        
2020006c  RxPutI                        
20200070  TxGetI                        
20200074  TxPutI                        
20200078  watchPA17                     
2020007c  watchPA18                     
20200080  watchPA24                     
20200084  watchPA25                     
2020008c  BusFreq                       
20200090  StX                           
20200094  StY                           
20200098  StTextColor                   
20207e00  __stack                       
20208000  __STACK_END                   
ffffffff  __TI_pprof_out_hndl           
ffffffff  __TI_prof_data_size           
ffffffff  __TI_prof_data_start          
ffffffff  __binit__                     
ffffffff  binit                         
UNDEFED   __mpu_init                    
UNDEFED   _system_post_cinit            

[125 symbols]
