<?xml version="1.0" encoding="ISO-8859-1" ?>
<link_info>
   <banner>TI ARM Clang Linker Unix v4.0.4.LTS</banner>
   <copyright>Copyright (c) 1996-2018 Texas Instruments Incorporated</copyright>
   <command_line>/Applications/ti/ccs2040/ccs/tools/compiler/ti-cgt-armllvm_4.0.4.LTS/bin/tiarmlnk -I/Applications/ti/ccs2040/ccs/tools/compiler/ti-cgt-armllvm_4.0.4.LTS/lib -o SwanGanz.out -mSwanGanz.map -i/Applications/ti/mspm0_sdk_2_09_00_01/source -i/Users/nathan/Dev/464H/SeniorDesign_SwanGanz/firmware/SwanGanz -i/Users/nathan/Dev/464H/SeniorDesign_SwanGanz/firmware/SwanGanz/Debug/syscfg -i/Applications/ti/ccs2040/ccs/tools/compiler/ti-cgt-armllvm_4.0.4.LTS/lib --diag_wrap=off --display_error_number --warn_sections --xml_link_info=SwanGanz_linkInfo.xml --rom_model ./DAS.o ./Display.o ./FIFO.o ./OS.o ./ti_msp_dl_config.o ./startup_mspm0g350x_ticlang.o ./main.o ./osasm.o ./inc/ADC.o ./inc/ADCTimer.o ./inc/Arabic.o ./inc/Bump.o ./inc/Clock.o ./inc/DAC.o ./inc/DAC5.o ./inc/Dump.o ./inc/EdgeTriggered.o ./inc/FFT.o ./inc/I2C.o ./inc/IRDistance.o ./inc/InputCapture.o ./inc/Key.o ./inc/LaunchPad.o ./inc/Motor.o ./inc/PWM.o ./inc/PWM1.o ./inc/RTOS_FIFO.o ./inc/RTOS_UART.o ./inc/RTOS_UARTints.o ./inc/SPI.o ./inc/SSD1306.o ./inc/ST7735.o ./inc/SysTick.o ./inc/Timer.o ./inc/msp.o -l./device_linker.cmd -ldevice.cmd.genlibs -llibc.a --start-group -llibc++.a -llibc++abi.a -llibc.a -llibsys.a -llibsysbm.a -llibclang_rt.builtins.a -llibclang_rt.profile.a --end-group --cg_opt_level=0</command_line>
   <link_time>0x69a7d2a4</link_time>
   <link_errors>0x0</link_errors>
   <output_file>/Users/nathan/Dev/464H/SeniorDesign_SwanGanz/firmware/SwanGanz/Debug/SwanGanz.out</output_file>
   <entry_point>
      <name>_c_int00_noargs</name>
      <address>0x2121</address>
   </entry_point>
   <input_file_list>
      <input_file id="fl-1">
         <path>/Users/nathan/Dev/464H/SeniorDesign_SwanGanz/firmware/SwanGanz/Debug/./</path>
         <kind>object</kind>
         <file>DAS.o</file>
         <name>DAS.o</name>
      </input_file>
      <input_file id="fl-2">
         <path>/Users/nathan/Dev/464H/SeniorDesign_SwanGanz/firmware/SwanGanz/Debug/./</path>
         <kind>object</kind>
         <file>Display.o</file>
         <name>Display.o</name>
      </input_file>
      <input_file id="fl-3">
         <path>/Users/nathan/Dev/464H/SeniorDesign_SwanGanz/firmware/SwanGanz/Debug/./</path>
         <kind>object</kind>
         <file>FIFO.o</file>
         <name>FIFO.o</name>
      </input_file>
      <input_file id="fl-4">
         <path>/Users/nathan/Dev/464H/SeniorDesign_SwanGanz/firmware/SwanGanz/Debug/./</path>
         <kind>object</kind>
         <file>OS.o</file>
         <name>OS.o</name>
      </input_file>
      <input_file id="fl-5">
         <path>/Users/nathan/Dev/464H/SeniorDesign_SwanGanz/firmware/SwanGanz/Debug/./</path>
         <kind>object</kind>
         <file>ti_msp_dl_config.o</file>
         <name>ti_msp_dl_config.o</name>
      </input_file>
      <input_file id="fl-6">
         <path>/Users/nathan/Dev/464H/SeniorDesign_SwanGanz/firmware/SwanGanz/Debug/./</path>
         <kind>object</kind>
         <file>startup_mspm0g350x_ticlang.o</file>
         <name>startup_mspm0g350x_ticlang.o</name>
      </input_file>
      <input_file id="fl-7">
         <path>/Users/nathan/Dev/464H/SeniorDesign_SwanGanz/firmware/SwanGanz/Debug/./</path>
         <kind>object</kind>
         <file>main.o</file>
         <name>main.o</name>
      </input_file>
      <input_file id="fl-8">
         <path>/Users/nathan/Dev/464H/SeniorDesign_SwanGanz/firmware/SwanGanz/Debug/./</path>
         <kind>object</kind>
         <file>osasm.o</file>
         <name>osasm.o</name>
      </input_file>
      <input_file id="fl-9">
         <path>/Users/nathan/Dev/464H/SeniorDesign_SwanGanz/firmware/SwanGanz/Debug/./inc/</path>
         <kind>object</kind>
         <file>ADC.o</file>
         <name>ADC.o</name>
      </input_file>
      <input_file id="fl-a">
         <path>/Users/nathan/Dev/464H/SeniorDesign_SwanGanz/firmware/SwanGanz/Debug/./inc/</path>
         <kind>object</kind>
         <file>ADCTimer.o</file>
         <name>ADCTimer.o</name>
      </input_file>
      <input_file id="fl-b">
         <path>/Users/nathan/Dev/464H/SeniorDesign_SwanGanz/firmware/SwanGanz/Debug/./inc/</path>
         <kind>object</kind>
         <file>Arabic.o</file>
         <name>Arabic.o</name>
      </input_file>
      <input_file id="fl-c">
         <path>/Users/nathan/Dev/464H/SeniorDesign_SwanGanz/firmware/SwanGanz/Debug/./inc/</path>
         <kind>object</kind>
         <file>Bump.o</file>
         <name>Bump.o</name>
      </input_file>
      <input_file id="fl-d">
         <path>/Users/nathan/Dev/464H/SeniorDesign_SwanGanz/firmware/SwanGanz/Debug/./inc/</path>
         <kind>object</kind>
         <file>Clock.o</file>
         <name>Clock.o</name>
      </input_file>
      <input_file id="fl-e">
         <path>/Users/nathan/Dev/464H/SeniorDesign_SwanGanz/firmware/SwanGanz/Debug/./inc/</path>
         <kind>object</kind>
         <file>DAC.o</file>
         <name>DAC.o</name>
      </input_file>
      <input_file id="fl-f">
         <path>/Users/nathan/Dev/464H/SeniorDesign_SwanGanz/firmware/SwanGanz/Debug/./inc/</path>
         <kind>object</kind>
         <file>DAC5.o</file>
         <name>DAC5.o</name>
      </input_file>
      <input_file id="fl-10">
         <path>/Users/nathan/Dev/464H/SeniorDesign_SwanGanz/firmware/SwanGanz/Debug/./inc/</path>
         <kind>object</kind>
         <file>Dump.o</file>
         <name>Dump.o</name>
      </input_file>
      <input_file id="fl-11">
         <path>/Users/nathan/Dev/464H/SeniorDesign_SwanGanz/firmware/SwanGanz/Debug/./inc/</path>
         <kind>object</kind>
         <file>EdgeTriggered.o</file>
         <name>EdgeTriggered.o</name>
      </input_file>
      <input_file id="fl-12">
         <path>/Users/nathan/Dev/464H/SeniorDesign_SwanGanz/firmware/SwanGanz/Debug/./inc/</path>
         <kind>object</kind>
         <file>FFT.o</file>
         <name>FFT.o</name>
      </input_file>
      <input_file id="fl-13">
         <path>/Users/nathan/Dev/464H/SeniorDesign_SwanGanz/firmware/SwanGanz/Debug/./inc/</path>
         <kind>object</kind>
         <file>I2C.o</file>
         <name>I2C.o</name>
      </input_file>
      <input_file id="fl-14">
         <path>/Users/nathan/Dev/464H/SeniorDesign_SwanGanz/firmware/SwanGanz/Debug/./inc/</path>
         <kind>object</kind>
         <file>IRDistance.o</file>
         <name>IRDistance.o</name>
      </input_file>
      <input_file id="fl-15">
         <path>/Users/nathan/Dev/464H/SeniorDesign_SwanGanz/firmware/SwanGanz/Debug/./inc/</path>
         <kind>object</kind>
         <file>InputCapture.o</file>
         <name>InputCapture.o</name>
      </input_file>
      <input_file id="fl-16">
         <path>/Users/nathan/Dev/464H/SeniorDesign_SwanGanz/firmware/SwanGanz/Debug/./inc/</path>
         <kind>object</kind>
         <file>Key.o</file>
         <name>Key.o</name>
      </input_file>
      <input_file id="fl-17">
         <path>/Users/nathan/Dev/464H/SeniorDesign_SwanGanz/firmware/SwanGanz/Debug/./inc/</path>
         <kind>object</kind>
         <file>LaunchPad.o</file>
         <name>LaunchPad.o</name>
      </input_file>
      <input_file id="fl-18">
         <path>/Users/nathan/Dev/464H/SeniorDesign_SwanGanz/firmware/SwanGanz/Debug/./inc/</path>
         <kind>object</kind>
         <file>Motor.o</file>
         <name>Motor.o</name>
      </input_file>
      <input_file id="fl-19">
         <path>/Users/nathan/Dev/464H/SeniorDesign_SwanGanz/firmware/SwanGanz/Debug/./inc/</path>
         <kind>object</kind>
         <file>PWM.o</file>
         <name>PWM.o</name>
      </input_file>
      <input_file id="fl-1a">
         <path>/Users/nathan/Dev/464H/SeniorDesign_SwanGanz/firmware/SwanGanz/Debug/./inc/</path>
         <kind>object</kind>
         <file>PWM1.o</file>
         <name>PWM1.o</name>
      </input_file>
      <input_file id="fl-1b">
         <path>/Users/nathan/Dev/464H/SeniorDesign_SwanGanz/firmware/SwanGanz/Debug/./inc/</path>
         <kind>object</kind>
         <file>RTOS_FIFO.o</file>
         <name>RTOS_FIFO.o</name>
      </input_file>
      <input_file id="fl-1c">
         <path>/Users/nathan/Dev/464H/SeniorDesign_SwanGanz/firmware/SwanGanz/Debug/./inc/</path>
         <kind>object</kind>
         <file>RTOS_UART.o</file>
         <name>RTOS_UART.o</name>
      </input_file>
      <input_file id="fl-1d">
         <path>/Users/nathan/Dev/464H/SeniorDesign_SwanGanz/firmware/SwanGanz/Debug/./inc/</path>
         <kind>object</kind>
         <file>RTOS_UARTints.o</file>
         <name>RTOS_UARTints.o</name>
      </input_file>
      <input_file id="fl-1e">
         <path>/Users/nathan/Dev/464H/SeniorDesign_SwanGanz/firmware/SwanGanz/Debug/./inc/</path>
         <kind>object</kind>
         <file>SPI.o</file>
         <name>SPI.o</name>
      </input_file>
      <input_file id="fl-1f">
         <path>/Users/nathan/Dev/464H/SeniorDesign_SwanGanz/firmware/SwanGanz/Debug/./inc/</path>
         <kind>object</kind>
         <file>SSD1306.o</file>
         <name>SSD1306.o</name>
      </input_file>
      <input_file id="fl-20">
         <path>/Users/nathan/Dev/464H/SeniorDesign_SwanGanz/firmware/SwanGanz/Debug/./inc/</path>
         <kind>object</kind>
         <file>ST7735.o</file>
         <name>ST7735.o</name>
      </input_file>
      <input_file id="fl-21">
         <path>/Users/nathan/Dev/464H/SeniorDesign_SwanGanz/firmware/SwanGanz/Debug/./inc/</path>
         <kind>object</kind>
         <file>SysTick.o</file>
         <name>SysTick.o</name>
      </input_file>
      <input_file id="fl-22">
         <path>/Users/nathan/Dev/464H/SeniorDesign_SwanGanz/firmware/SwanGanz/Debug/./inc/</path>
         <kind>object</kind>
         <file>Timer.o</file>
         <name>Timer.o</name>
      </input_file>
      <input_file id="fl-23">
         <path>/Users/nathan/Dev/464H/SeniorDesign_SwanGanz/firmware/SwanGanz/Debug/./inc/</path>
         <kind>object</kind>
         <file>msp.o</file>
         <name>msp.o</name>
      </input_file>
      <input_file id="fl-30">
         <path>/Users/nathan/Dev/464H/SeniorDesign_SwanGanz/firmware/SwanGanz/Debug/</path>
         <kind>object</kind>
         <file>&lt;internal&gt;</file>
         <name>&lt;internal&gt;</name>
      </input_file>
      <input_file id="fl-31">
         <path>/Applications/ti/mspm0_sdk_2_09_00_01/source/ti/driverlib/lib/ticlang/m0p/mspm0g1x0x_g3x0x/</path>
         <kind>archive</kind>
         <file>driverlib.a</file>
         <name>dl_common.o</name>
      </input_file>
      <input_file id="fl-48">
         <path>/Applications/ti/ccs2040/ccs/tools/compiler/ti-cgt-armllvm_4.0.4.LTS/lib/armv6m-ti-none-eabi/c/</path>
         <kind>archive</kind>
         <file>libc.a</file>
         <name>fopen.c.obj</name>
      </input_file>
      <input_file id="fl-49">
         <path>/Applications/ti/ccs2040/ccs/tools/compiler/ti-cgt-armllvm_4.0.4.LTS/lib/armv6m-ti-none-eabi/c/</path>
         <kind>archive</kind>
         <file>libc.a</file>
         <name>setvbuf.c.obj</name>
      </input_file>
      <input_file id="fl-4a">
         <path>/Applications/ti/ccs2040/ccs/tools/compiler/ti-cgt-armllvm_4.0.4.LTS/lib/armv6m-ti-none-eabi/c/</path>
         <kind>archive</kind>
         <file>libc.a</file>
         <name>aeabi_portable.c.obj</name>
      </input_file>
      <input_file id="fl-4b">
         <path>/Applications/ti/ccs2040/ccs/tools/compiler/ti-cgt-armllvm_4.0.4.LTS/lib/armv6m-ti-none-eabi/c/</path>
         <kind>archive</kind>
         <file>libc.a</file>
         <name>exit.c.obj</name>
      </input_file>
      <input_file id="fl-4c">
         <path>/Applications/ti/ccs2040/ccs/tools/compiler/ti-cgt-armllvm_4.0.4.LTS/lib/armv6m-ti-none-eabi/c/</path>
         <kind>archive</kind>
         <file>libc.a</file>
         <name>_lock.c.obj</name>
      </input_file>
      <input_file id="fl-4d">
         <path>/Applications/ti/ccs2040/ccs/tools/compiler/ti-cgt-armllvm_4.0.4.LTS/lib/armv6m-ti-none-eabi/c/</path>
         <kind>archive</kind>
         <file>libc.a</file>
         <name>assert.c.obj</name>
      </input_file>
      <input_file id="fl-4e">
         <path>/Applications/ti/ccs2040/ccs/tools/compiler/ti-cgt-armllvm_4.0.4.LTS/lib/armv6m-ti-none-eabi/c/</path>
         <kind>archive</kind>
         <file>libc.a</file>
         <name>defs.c.obj</name>
      </input_file>
      <input_file id="fl-4f">
         <path>/Applications/ti/ccs2040/ccs/tools/compiler/ti-cgt-armllvm_4.0.4.LTS/lib/armv6m-ti-none-eabi/c/</path>
         <kind>archive</kind>
         <file>libc.a</file>
         <name>memory.c.obj</name>
      </input_file>
      <input_file id="fl-50">
         <path>/Applications/ti/ccs2040/ccs/tools/compiler/ti-cgt-armllvm_4.0.4.LTS/lib/armv6m-ti-none-eabi/c/</path>
         <kind>archive</kind>
         <file>libc.a</file>
         <name>strcpy.c.obj</name>
      </input_file>
      <input_file id="fl-51">
         <path>/Applications/ti/ccs2040/ccs/tools/compiler/ti-cgt-armllvm_4.0.4.LTS/lib/armv6m-ti-none-eabi/c/</path>
         <kind>archive</kind>
         <file>libc.a</file>
         <name>boot_cortex_m.c.obj</name>
      </input_file>
      <input_file id="fl-52">
         <path>/Applications/ti/ccs2040/ccs/tools/compiler/ti-cgt-armllvm_4.0.4.LTS/lib/armv6m-ti-none-eabi/c/</path>
         <kind>archive</kind>
         <file>libc.a</file>
         <name>mathacl_init.c.obj</name>
      </input_file>
      <input_file id="fl-53">
         <path>/Applications/ti/ccs2040/ccs/tools/compiler/ti-cgt-armllvm_4.0.4.LTS/lib/armv6m-ti-none-eabi/c/</path>
         <kind>archive</kind>
         <file>libc.a</file>
         <name>autoinit.c.obj</name>
      </input_file>
      <input_file id="fl-54">
         <path>/Applications/ti/ccs2040/ccs/tools/compiler/ti-cgt-armllvm_4.0.4.LTS/lib/armv6m-ti-none-eabi/c/</path>
         <kind>archive</kind>
         <file>libc.a</file>
         <name>pre_init.c.obj</name>
      </input_file>
      <input_file id="fl-55">
         <path>/Applications/ti/ccs2040/ccs/tools/compiler/ti-cgt-armllvm_4.0.4.LTS/lib/armv6m-ti-none-eabi/c/</path>
         <kind>archive</kind>
         <file>libc.a</file>
         <name>cpy_tbl.c.obj</name>
      </input_file>
      <input_file id="fl-56">
         <path>/Applications/ti/ccs2040/ccs/tools/compiler/ti-cgt-armllvm_4.0.4.LTS/lib/armv6m-ti-none-eabi/c/</path>
         <kind>archive</kind>
         <file>libc.a</file>
         <name>copy_zero_init.c.obj</name>
      </input_file>
      <input_file id="fl-57">
         <path>/Applications/ti/ccs2040/ccs/tools/compiler/ti-cgt-armllvm_4.0.4.LTS/lib/armv6m-ti-none-eabi/c/</path>
         <kind>archive</kind>
         <file>libc.a</file>
         <name>copy_decompress_none.c.obj</name>
      </input_file>
      <input_file id="fl-58">
         <path>/Applications/ti/ccs2040/ccs/tools/compiler/ti-cgt-armllvm_4.0.4.LTS/lib/armv6m-ti-none-eabi/c/</path>
         <kind>archive</kind>
         <file>libc.a</file>
         <name>copy_decompress_lzss.c.obj</name>
      </input_file>
      <input_file id="fl-59">
         <path>/Applications/ti/ccs2040/ccs/tools/compiler/ti-cgt-armllvm_4.0.4.LTS/lib/armv6m-ti-none-eabi/c/</path>
         <kind>archive</kind>
         <file>libc.a</file>
         <name>sprintf.c.obj</name>
      </input_file>
      <input_file id="fl-5a">
         <path>/Applications/ti/ccs2040/ccs/tools/compiler/ti-cgt-armllvm_4.0.4.LTS/lib/armv6m-ti-none-eabi/c/</path>
         <kind>archive</kind>
         <file>libc.a</file>
         <name>fclose.c.obj</name>
      </input_file>
      <input_file id="fl-5b">
         <path>/Applications/ti/ccs2040/ccs/tools/compiler/ti-cgt-armllvm_4.0.4.LTS/lib/armv6m-ti-none-eabi/c/</path>
         <kind>archive</kind>
         <file>libc.a</file>
         <name>fflush.c.obj</name>
      </input_file>
      <input_file id="fl-5c">
         <path>/Applications/ti/ccs2040/ccs/tools/compiler/ti-cgt-armllvm_4.0.4.LTS/lib/armv6m-ti-none-eabi/c/</path>
         <kind>archive</kind>
         <file>libc.a</file>
         <name>fputs.c.obj</name>
      </input_file>
      <input_file id="fl-5d">
         <path>/Applications/ti/ccs2040/ccs/tools/compiler/ti-cgt-armllvm_4.0.4.LTS/lib/armv6m-ti-none-eabi/c/</path>
         <kind>archive</kind>
         <file>libc.a</file>
         <name>_io_perm.c.obj</name>
      </input_file>
      <input_file id="fl-5e">
         <path>/Applications/ti/ccs2040/ccs/tools/compiler/ti-cgt-armllvm_4.0.4.LTS/lib/armv6m-ti-none-eabi/c/</path>
         <kind>archive</kind>
         <file>libc.a</file>
         <name>args_main.c.obj</name>
      </input_file>
      <input_file id="fl-5f">
         <path>/Applications/ti/ccs2040/ccs/tools/compiler/ti-cgt-armllvm_4.0.4.LTS/lib/armv6m-ti-none-eabi/c/</path>
         <kind>archive</kind>
         <file>libc.a</file>
         <name>_printfi.c.obj</name>
      </input_file>
      <input_file id="fl-60">
         <path>/Applications/ti/ccs2040/ccs/tools/compiler/ti-cgt-armllvm_4.0.4.LTS/lib/armv6m-ti-none-eabi/c/</path>
         <kind>archive</kind>
         <file>libc.a</file>
         <name>fseek.c.obj</name>
      </input_file>
      <input_file id="fl-61">
         <path>/Applications/ti/ccs2040/ccs/tools/compiler/ti-cgt-armllvm_4.0.4.LTS/lib/armv6m-ti-none-eabi/c/</path>
         <kind>archive</kind>
         <file>libc.a</file>
         <name>_ltoa.c.obj</name>
      </input_file>
      <input_file id="fl-62">
         <path>/Applications/ti/ccs2040/ccs/tools/compiler/ti-cgt-armllvm_4.0.4.LTS/lib/armv6m-ti-none-eabi/c/</path>
         <kind>archive</kind>
         <file>libc.a</file>
         <name>atoi.c.obj</name>
      </input_file>
      <input_file id="fl-63">
         <path>/Applications/ti/ccs2040/ccs/tools/compiler/ti-cgt-armllvm_4.0.4.LTS/lib/armv6m-ti-none-eabi/c/</path>
         <kind>archive</kind>
         <file>libc.a</file>
         <name>memccpy.c.obj</name>
      </input_file>
      <input_file id="fl-64">
         <path>/Applications/ti/ccs2040/ccs/tools/compiler/ti-cgt-armllvm_4.0.4.LTS/lib/armv6m-ti-none-eabi/c/</path>
         <kind>archive</kind>
         <file>libc.a</file>
         <name>s_frexp.c.obj</name>
      </input_file>
      <input_file id="fl-65">
         <path>/Applications/ti/ccs2040/ccs/tools/compiler/ti-cgt-armllvm_4.0.4.LTS/lib/armv6m-ti-none-eabi/c/</path>
         <kind>archive</kind>
         <file>libc.a</file>
         <name>s_scalbn.c.obj</name>
      </input_file>
      <input_file id="fl-66">
         <path>/Applications/ti/ccs2040/ccs/tools/compiler/ti-cgt-armllvm_4.0.4.LTS/lib/armv6m-ti-none-eabi/c/</path>
         <kind>archive</kind>
         <file>libc.a</file>
         <name>wcslen.c.obj</name>
      </input_file>
      <input_file id="fl-67">
         <path>/Applications/ti/ccs2040/ccs/tools/compiler/ti-cgt-armllvm_4.0.4.LTS/lib/armv6m-ti-none-eabi/c/</path>
         <kind>archive</kind>
         <file>libc.a</file>
         <name>aeabi_ctype.S.obj</name>
      </input_file>
      <input_file id="fl-107">
         <path>/Applications/ti/ccs2040/ccs/tools/compiler/ti-cgt-armllvm_4.0.4.LTS/lib/armv6m-ti-none-eabi/c/</path>
         <kind>archive</kind>
         <file>libsysbm.a</file>
         <name>hostexit.c.obj</name>
      </input_file>
      <input_file id="fl-108">
         <path>/Applications/ti/ccs2040/ccs/tools/compiler/ti-cgt-armllvm_4.0.4.LTS/lib/armv6m-ti-none-eabi/c/</path>
         <kind>archive</kind>
         <file>libsysbm.a</file>
         <name>write.c.obj</name>
      </input_file>
      <input_file id="fl-109">
         <path>/Applications/ti/ccs2040/ccs/tools/compiler/ti-cgt-armllvm_4.0.4.LTS/lib/armv6m-ti-none-eabi/c/</path>
         <kind>archive</kind>
         <file>libsysbm.a</file>
         <name>host_device.c.obj</name>
      </input_file>
      <input_file id="fl-10a">
         <path>/Applications/ti/ccs2040/ccs/tools/compiler/ti-cgt-armllvm_4.0.4.LTS/lib/armv6m-ti-none-eabi/c/</path>
         <kind>archive</kind>
         <file>libsysbm.a</file>
         <name>remove.c.obj</name>
      </input_file>
      <input_file id="fl-10b">
         <path>/Applications/ti/ccs2040/ccs/tools/compiler/ti-cgt-armllvm_4.0.4.LTS/lib/armv6m-ti-none-eabi/c/</path>
         <kind>archive</kind>
         <file>libsysbm.a</file>
         <name>open.c.obj</name>
      </input_file>
      <input_file id="fl-10c">
         <path>/Applications/ti/ccs2040/ccs/tools/compiler/ti-cgt-armllvm_4.0.4.LTS/lib/armv6m-ti-none-eabi/c/</path>
         <kind>archive</kind>
         <file>libsysbm.a</file>
         <name>lseek.c.obj</name>
      </input_file>
      <input_file id="fl-10d">
         <path>/Applications/ti/ccs2040/ccs/tools/compiler/ti-cgt-armllvm_4.0.4.LTS/lib/armv6m-ti-none-eabi/c/</path>
         <kind>archive</kind>
         <file>libsysbm.a</file>
         <name>close.c.obj</name>
      </input_file>
      <input_file id="fl-10e">
         <path>/Applications/ti/ccs2040/ccs/tools/compiler/ti-cgt-armllvm_4.0.4.LTS/lib/armv6m-ti-none-eabi/c/</path>
         <kind>archive</kind>
         <file>libsysbm.a</file>
         <name>add_device.c.obj</name>
      </input_file>
      <input_file id="fl-10f">
         <path>/Applications/ti/ccs2040/ccs/tools/compiler/ti-cgt-armllvm_4.0.4.LTS/lib/armv6m-ti-none-eabi/c/</path>
         <kind>archive</kind>
         <file>libsysbm.a</file>
         <name>unlink.c.obj</name>
      </input_file>
      <input_file id="fl-110">
         <path>/Applications/ti/ccs2040/ccs/tools/compiler/ti-cgt-armllvm_4.0.4.LTS/lib/armv6m-ti-none-eabi/c/</path>
         <kind>archive</kind>
         <file>libsysbm.a</file>
         <name>hostclose.c.obj</name>
      </input_file>
      <input_file id="fl-111">
         <path>/Applications/ti/ccs2040/ccs/tools/compiler/ti-cgt-armllvm_4.0.4.LTS/lib/armv6m-ti-none-eabi/c/</path>
         <kind>archive</kind>
         <file>libsysbm.a</file>
         <name>hostlseek.c.obj</name>
      </input_file>
      <input_file id="fl-112">
         <path>/Applications/ti/ccs2040/ccs/tools/compiler/ti-cgt-armllvm_4.0.4.LTS/lib/armv6m-ti-none-eabi/c/</path>
         <kind>archive</kind>
         <file>libsysbm.a</file>
         <name>hostopen.c.obj</name>
      </input_file>
      <input_file id="fl-113">
         <path>/Applications/ti/ccs2040/ccs/tools/compiler/ti-cgt-armllvm_4.0.4.LTS/lib/armv6m-ti-none-eabi/c/</path>
         <kind>archive</kind>
         <file>libsysbm.a</file>
         <name>hostread.c.obj</name>
      </input_file>
      <input_file id="fl-114">
         <path>/Applications/ti/ccs2040/ccs/tools/compiler/ti-cgt-armllvm_4.0.4.LTS/lib/armv6m-ti-none-eabi/c/</path>
         <kind>archive</kind>
         <file>libsysbm.a</file>
         <name>hostrename.c.obj</name>
      </input_file>
      <input_file id="fl-115">
         <path>/Applications/ti/ccs2040/ccs/tools/compiler/ti-cgt-armllvm_4.0.4.LTS/lib/armv6m-ti-none-eabi/c/</path>
         <kind>archive</kind>
         <file>libsysbm.a</file>
         <name>hostunlink.c.obj</name>
      </input_file>
      <input_file id="fl-116">
         <path>/Applications/ti/ccs2040/ccs/tools/compiler/ti-cgt-armllvm_4.0.4.LTS/lib/armv6m-ti-none-eabi/c/</path>
         <kind>archive</kind>
         <file>libsysbm.a</file>
         <name>hostwrite.c.obj</name>
      </input_file>
      <input_file id="fl-117">
         <path>/Applications/ti/ccs2040/ccs/tools/compiler/ti-cgt-armllvm_4.0.4.LTS/lib/armv6m-ti-none-eabi/c/</path>
         <kind>archive</kind>
         <file>libsysbm.a</file>
         <name>trgmsg.c.obj</name>
      </input_file>
      <input_file id="fl-118">
         <path>/Applications/ti/ccs2040/ccs/tools/compiler/ti-cgt-armllvm_4.0.4.LTS/lib/armv6m-ti-none-eabi/</path>
         <kind>archive</kind>
         <file>libclang_rt.builtins.a</file>
         <name>addsf3.S.obj</name>
      </input_file>
      <input_file id="fl-119">
         <path>/Applications/ti/ccs2040/ccs/tools/compiler/ti-cgt-armllvm_4.0.4.LTS/lib/armv6m-ti-none-eabi/</path>
         <kind>archive</kind>
         <file>libclang_rt.builtins.a</file>
         <name>adddf3.S.obj</name>
      </input_file>
      <input_file id="fl-11a">
         <path>/Applications/ti/ccs2040/ccs/tools/compiler/ti-cgt-armllvm_4.0.4.LTS/lib/armv6m-ti-none-eabi/</path>
         <kind>archive</kind>
         <file>libclang_rt.builtins.a</file>
         <name>muldf3.S.obj</name>
      </input_file>
      <input_file id="fl-11b">
         <path>/Applications/ti/ccs2040/ccs/tools/compiler/ti-cgt-armllvm_4.0.4.LTS/lib/armv6m-ti-none-eabi/</path>
         <kind>archive</kind>
         <file>libclang_rt.builtins.a</file>
         <name>muldsi3.S.obj</name>
      </input_file>
      <input_file id="fl-11c">
         <path>/Applications/ti/ccs2040/ccs/tools/compiler/ti-cgt-armllvm_4.0.4.LTS/lib/armv6m-ti-none-eabi/</path>
         <kind>archive</kind>
         <file>libclang_rt.builtins.a</file>
         <name>mulsf3.S.obj</name>
      </input_file>
      <input_file id="fl-11d">
         <path>/Applications/ti/ccs2040/ccs/tools/compiler/ti-cgt-armllvm_4.0.4.LTS/lib/armv6m-ti-none-eabi/</path>
         <kind>archive</kind>
         <file>libclang_rt.builtins.a</file>
         <name>divdf3.S.obj</name>
      </input_file>
      <input_file id="fl-11e">
         <path>/Applications/ti/ccs2040/ccs/tools/compiler/ti-cgt-armllvm_4.0.4.LTS/lib/armv6m-ti-none-eabi/</path>
         <kind>archive</kind>
         <file>libclang_rt.builtins.a</file>
         <name>fixdfsi.S.obj</name>
      </input_file>
      <input_file id="fl-11f">
         <path>/Applications/ti/ccs2040/ccs/tools/compiler/ti-cgt-armllvm_4.0.4.LTS/lib/armv6m-ti-none-eabi/</path>
         <kind>archive</kind>
         <file>libclang_rt.builtins.a</file>
         <name>floatsidf.S.obj</name>
      </input_file>
      <input_file id="fl-120">
         <path>/Applications/ti/ccs2040/ccs/tools/compiler/ti-cgt-armllvm_4.0.4.LTS/lib/armv6m-ti-none-eabi/</path>
         <kind>archive</kind>
         <file>libclang_rt.builtins.a</file>
         <name>muldi3.S.obj</name>
      </input_file>
      <input_file id="fl-121">
         <path>/Applications/ti/ccs2040/ccs/tools/compiler/ti-cgt-armllvm_4.0.4.LTS/lib/armv6m-ti-none-eabi/</path>
         <kind>archive</kind>
         <file>libclang_rt.builtins.a</file>
         <name>aeabi_dcmp.S.obj</name>
      </input_file>
      <input_file id="fl-122">
         <path>/Applications/ti/ccs2040/ccs/tools/compiler/ti-cgt-armllvm_4.0.4.LTS/lib/armv6m-ti-none-eabi/</path>
         <kind>archive</kind>
         <file>libclang_rt.builtins.a</file>
         <name>aeabi_idivmod.S.obj</name>
      </input_file>
      <input_file id="fl-123">
         <path>/Applications/ti/ccs2040/ccs/tools/compiler/ti-cgt-armllvm_4.0.4.LTS/lib/armv6m-ti-none-eabi/</path>
         <kind>archive</kind>
         <file>libclang_rt.builtins.a</file>
         <name>aeabi_memcpy.S.obj</name>
      </input_file>
      <input_file id="fl-124">
         <path>/Applications/ti/ccs2040/ccs/tools/compiler/ti-cgt-armllvm_4.0.4.LTS/lib/armv6m-ti-none-eabi/</path>
         <kind>archive</kind>
         <file>libclang_rt.builtins.a</file>
         <name>aeabi_memset.S.obj</name>
      </input_file>
      <input_file id="fl-125">
         <path>/Applications/ti/ccs2040/ccs/tools/compiler/ti-cgt-armllvm_4.0.4.LTS/lib/armv6m-ti-none-eabi/</path>
         <kind>archive</kind>
         <file>libclang_rt.builtins.a</file>
         <name>aeabi_uidivmod.S.obj</name>
      </input_file>
      <input_file id="fl-126">
         <path>/Applications/ti/ccs2040/ccs/tools/compiler/ti-cgt-armllvm_4.0.4.LTS/lib/armv6m-ti-none-eabi/</path>
         <kind>archive</kind>
         <file>libclang_rt.builtins.a</file>
         <name>aeabi_uldivmod.S.obj</name>
      </input_file>
      <input_file id="fl-127">
         <path>/Applications/ti/ccs2040/ccs/tools/compiler/ti-cgt-armllvm_4.0.4.LTS/lib/armv6m-ti-none-eabi/</path>
         <kind>archive</kind>
         <file>libclang_rt.builtins.a</file>
         <name>udivmoddi4.S.obj</name>
      </input_file>
      <input_file id="fl-128">
         <path>/Applications/ti/ccs2040/ccs/tools/compiler/ti-cgt-armllvm_4.0.4.LTS/lib/armv6m-ti-none-eabi/</path>
         <kind>archive</kind>
         <file>libclang_rt.builtins.a</file>
         <name>ashldi3.S.obj</name>
      </input_file>
      <input_file id="fl-129">
         <path>/Applications/ti/ccs2040/ccs/tools/compiler/ti-cgt-armllvm_4.0.4.LTS/lib/armv6m-ti-none-eabi/</path>
         <kind>archive</kind>
         <file>libclang_rt.builtins.a</file>
         <name>comparedf2.c.obj</name>
      </input_file>
      <input_file id="fl-12a">
         <path>/Applications/ti/ccs2040/ccs/tools/compiler/ti-cgt-armllvm_4.0.4.LTS/lib/armv6m-ti-none-eabi/</path>
         <kind>archive</kind>
         <file>libclang_rt.builtins.a</file>
         <name>aeabi_div0.c.obj</name>
      </input_file>
      <input_file id="fl-12b">
         <path>/Applications/ti/ccs2040/ccs/tools/compiler/ti-cgt-armllvm_4.0.4.LTS/lib/armv6m-ti-none-eabi/c/</path>
         <kind>archive</kind>
         <file>libc.a</file>
         <name>getdevice.c.obj</name>
      </input_file>
      <input_file id="fl-12c">
         <path>/Applications/ti/ccs2040/ccs/tools/compiler/ti-cgt-armllvm_4.0.4.LTS/lib/armv6m-ti-none-eabi/c/</path>
         <kind>archive</kind>
         <file>libc.a</file>
         <name>memcpy16.S.obj</name>
      </input_file>
      <input_file id="fl-12d">
         <path>/Applications/ti/ccs2040/ccs/tools/compiler/ti-cgt-armllvm_4.0.4.LTS/lib/armv6m-ti-none-eabi/c/</path>
         <kind>archive</kind>
         <file>libc.a</file>
         <name>memset16.S.obj</name>
      </input_file>
      <input_file id="fl-12e">
         <path>/Applications/ti/ccs2040/ccs/tools/compiler/ti-cgt-armllvm_4.0.4.LTS/lib/armv6m-ti-none-eabi/c/</path>
         <kind>archive</kind>
         <file>libc.a</file>
         <name>strcmp-armv6m.S.obj</name>
      </input_file>
   </input_file_list>
   <object_component_list>
      <object_component id="oc-18">
         <name>.intvecs</name>
         <load_address>0x0</load_address>
         <readonly>true</readonly>
         <run_address>0x0</run_address>
         <size>0xc0</size>
         <alignment>0x4</alignment>
         <input_file_ref idref="fl-6"/>
      </object_component>
      <object_component id="oc-bf">
         <name>.text.Clock_Init80MHz</name>
         <load_address>0xc0</load_address>
         <readonly>true</readonly>
         <executable>true</executable>
         <run_address>0xc0</run_address>
         <size>0x1b4</size>
         <alignment>0x4</alignment>
         <input_file_ref idref="fl-d"/>
      </object_component>
      <object_component id="oc-166">
         <name>.text.ST7735_DrawChar</name>
         <load_address>0x274</load_address>
         <readonly>true</readonly>
         <executable>true</executable>
         <run_address>0x274</run_address>
         <size>0x1a8</size>
         <alignment>0x4</alignment>
         <input_file_ref idref="fl-20"/>
      </object_component>
      <object_component id="oc-113">
         <name>.text.UART_Init</name>
         <load_address>0x41c</load_address>
         <readonly>true</readonly>
         <executable>true</executable>
         <run_address>0x41c</run_address>
         <size>0x138</size>
         <alignment>0x4</alignment>
         <input_file_ref idref="fl-1d"/>
      </object_component>
      <object_component id="oc-185">
         <name>.text.ST7735_FillRect</name>
         <load_address>0x554</load_address>
         <readonly>true</readonly>
         <executable>true</executable>
         <run_address>0x554</run_address>
         <size>0x118</size>
         <alignment>0x4</alignment>
         <input_file_ref idref="fl-20"/>
      </object_component>
      <object_component id="oc-a0">
         <name>.text.RemoveRunThreadList</name>
         <load_address>0x66c</load_address>
         <readonly>true</readonly>
         <executable>true</executable>
         <run_address>0x66c</run_address>
         <size>0x100</size>
         <alignment>0x4</alignment>
         <input_file_ref idref="fl-4"/>
      </object_component>
      <object_component id="oc-117">
         <name>.text.ADC_Init</name>
         <load_address>0x76c</load_address>
         <readonly>true</readonly>
         <executable>true</executable>
         <run_address>0x76c</run_address>
         <size>0xf0</size>
         <alignment>0x4</alignment>
         <input_file_ref idref="fl-9"/>
      </object_component>
      <object_component id="oc-192">
         <name>.text.SPI_Init</name>
         <load_address>0x85c</load_address>
         <readonly>true</readonly>
         <executable>true</executable>
         <run_address>0x85c</run_address>
         <size>0xe4</size>
         <alignment>0x4</alignment>
         <input_file_ref idref="fl-1e"/>
      </object_component>
      <object_component id="oc-a4">
         <name>.text.InsertSleepyThread</name>
         <load_address>0x940</load_address>
         <readonly>true</readonly>
         <executable>true</executable>
         <run_address>0x940</run_address>
         <size>0xd0</size>
         <alignment>0x4</alignment>
         <input_file_ref idref="fl-4"/>
      </object_component>
      <object_component id="oc-163">
         <name>.text.ST7735_OutChar</name>
         <load_address>0xa10</load_address>
         <readonly>true</readonly>
         <executable>true</executable>
         <run_address>0xa10</run_address>
         <size>0xd0</size>
         <alignment>0x4</alignment>
         <input_file_ref idref="fl-20"/>
      </object_component>
      <object_component id="oc-c9">
         <name>.text.Logic_Init</name>
         <load_address>0xae0</load_address>
         <readonly>true</readonly>
         <executable>true</executable>
         <run_address>0xae0</run_address>
         <size>0xcc</size>
         <alignment>0x4</alignment>
         <input_file_ref idref="fl-7"/>
      </object_component>
      <object_component id="oc-ca">
         <name>.text.OS_Init</name>
         <load_address>0xbac</load_address>
         <readonly>true</readonly>
         <executable>true</executable>
         <run_address>0xbac</run_address>
         <size>0xcc</size>
         <alignment>0x4</alignment>
         <input_file_ref idref="fl-4"/>
      </object_component>
      <object_component id="oc-d0">
         <name>.text.OS_AddPeriodicThread</name>
         <load_address>0xc78</load_address>
         <readonly>true</readonly>
         <executable>true</executable>
         <run_address>0xc78</run_address>
         <size>0xb8</size>
         <alignment>0x4</alignment>
         <input_file_ref idref="fl-4"/>
      </object_component>
      <object_component id="oc-12b">
         <name>.text.ADC_In</name>
         <load_address>0xd30</load_address>
         <readonly>true</readonly>
         <executable>true</executable>
         <run_address>0xd30</run_address>
         <size>0xa8</size>
         <alignment>0x4</alignment>
         <input_file_ref idref="fl-9"/>
      </object_component>
      <object_component id="oc-14f">
         <name>.text.TimerG7_IntArm</name>
         <load_address>0xdd8</load_address>
         <readonly>true</readonly>
         <executable>true</executable>
         <run_address>0xdd8</run_address>
         <size>0xa8</size>
         <alignment>0x4</alignment>
         <input_file_ref idref="fl-22"/>
      </object_component>
      <object_component id="oc-123">
         <name>.text.TimerG8_IntArm</name>
         <load_address>0xe80</load_address>
         <readonly>true</readonly>
         <executable>true</executable>
         <run_address>0xe80</run_address>
         <size>0xa8</size>
         <alignment>0x4</alignment>
         <input_file_ref idref="fl-22"/>
      </object_component>
      <object_component id="oc-177">
         <name>.text.commandList</name>
         <load_address>0xf28</load_address>
         <readonly>true</readonly>
         <executable>true</executable>
         <run_address>0xf28</run_address>
         <size>0xa2</size>
         <alignment>0x2</alignment>
         <input_file_ref idref="fl-20"/>
      </object_component>
      <object_component id="oc-a9">
         <name>.text.__aeabi_idiv0</name>
         <load_address>0xfca</load_address>
         <readonly>true</readonly>
         <executable>true</executable>
         <run_address>0xfca</run_address>
         <size>0x2</size>
         <alignment>0x2</alignment>
         <input_file_ref idref="fl-12a"/>
      </object_component>
      <object_component id="oc-fc">
         <name>.text.OS_bSignal</name>
         <load_address>0xfcc</load_address>
         <readonly>true</readonly>
         <executable>true</executable>
         <run_address>0xfcc</run_address>
         <size>0xa0</size>
         <alignment>0x4</alignment>
         <input_file_ref idref="fl-4"/>
      </object_component>
      <object_component id="oc-43">
         <name>.text.TIMG7_IRQHandler</name>
         <load_address>0x106c</load_address>
         <readonly>true</readonly>
         <executable>true</executable>
         <run_address>0x106c</run_address>
         <size>0x9c</size>
         <alignment>0x4</alignment>
         <input_file_ref idref="fl-4"/>
      </object_component>
      <object_component id="oc-154">
         <name>.text.ST7735_InitR</name>
         <load_address>0x1108</load_address>
         <readonly>true</readonly>
         <executable>true</executable>
         <run_address>0x1108</run_address>
         <size>0x98</size>
         <alignment>0x4</alignment>
         <input_file_ref idref="fl-20"/>
      </object_component>
      <object_component id="oc-3d">
         <name>.text.TIMG8_IRQHandler</name>
         <load_address>0x11a0</load_address>
         <readonly>true</readonly>
         <executable>true</executable>
         <run_address>0x11a0</run_address>
         <size>0x98</size>
         <alignment>0x4</alignment>
         <input_file_ref idref="fl-4"/>
      </object_component>
      <object_component id="oc-d1">
         <name>.text.OS_Launch</name>
         <load_address>0x1238</load_address>
         <readonly>true</readonly>
         <executable>true</executable>
         <run_address>0x1238</run_address>
         <size>0x94</size>
         <alignment>0x4</alignment>
         <input_file_ref idref="fl-4"/>
      </object_component>
      <object_component id="oc-139">
         <name>.text.DisplayAll</name>
         <load_address>0x12cc</load_address>
         <readonly>true</readonly>
         <executable>true</executable>
         <run_address>0x12cc</run_address>
         <size>0x90</size>
         <alignment>0x4</alignment>
         <input_file_ref idref="fl-2"/>
      </object_component>
      <object_component id="oc-7f">
         <name>.text.InsertRunThreadList</name>
         <load_address>0x135c</load_address>
         <readonly>true</readonly>
         <executable>true</executable>
         <run_address>0x135c</run_address>
         <size>0x8c</size>
         <alignment>0x4</alignment>
         <input_file_ref idref="fl-4"/>
      </object_component>
      <object_component id="oc-189">
         <name>.text.setAddrWindow</name>
         <load_address>0x13e8</load_address>
         <readonly>true</readonly>
         <executable>true</executable>
         <run_address>0x13e8</run_address>
         <size>0x88</size>
         <alignment>0x4</alignment>
         <input_file_ref idref="fl-20"/>
      </object_component>
      <object_component id="oc-165">
         <name>.text.ST7735_DrawString</name>
         <load_address>0x1470</load_address>
         <readonly>true</readonly>
         <executable>true</executable>
         <run_address>0x1470</run_address>
         <size>0x84</size>
         <alignment>0x2</alignment>
         <input_file_ref idref="fl-20"/>
      </object_component>
      <object_component id="oc-135">
         <name>.text.ST7735_OutUDec</name>
         <load_address>0x14f4</load_address>
         <readonly>true</readonly>
         <executable>true</executable>
         <run_address>0x14f4</run_address>
         <size>0x84</size>
         <alignment>0x4</alignment>
         <input_file_ref idref="fl-20"/>
      </object_component>
      <object_component id="oc-c4">
         <name>.text.LaunchPad_Init</name>
         <load_address>0x1578</load_address>
         <readonly>true</readonly>
         <executable>true</executable>
         <run_address>0x1578</run_address>
         <size>0x7c</size>
         <alignment>0x4</alignment>
         <input_file_ref idref="fl-17"/>
      </object_component>
      <object_component id="oc-6d">
         <name>.text.OS_Scheduler</name>
         <load_address>0x15f4</load_address>
         <readonly>true</readonly>
         <executable>true</executable>
         <run_address>0x15f4</run_address>
         <size>0x7c</size>
         <alignment>0x4</alignment>
         <input_file_ref idref="fl-4"/>
      </object_component>
      <object_component id="oc-91">
         <name>.text.main</name>
         <load_address>0x1670</load_address>
         <readonly>true</readonly>
         <executable>true</executable>
         <run_address>0x1670</run_address>
         <size>0x7c</size>
         <alignment>0x4</alignment>
         <input_file_ref idref="fl-7"/>
      </object_component>
      <object_component id="oc-1c">
         <name>.text:decompress:lzss</name>
         <load_address>0x16ec</load_address>
         <readonly>true</readonly>
         <executable>true</executable>
         <run_address>0x16ec</run_address>
         <size>0x7c</size>
         <alignment>0x4</alignment>
         <input_file_ref idref="fl-58"/>
      </object_component>
      <object_component id="oc-69">
         <name>.text.OS_AddThread</name>
         <load_address>0x1768</load_address>
         <readonly>true</readonly>
         <executable>true</executable>
         <run_address>0x1768</run_address>
         <size>0x74</size>
         <alignment>0x4</alignment>
         <input_file_ref idref="fl-4"/>
      </object_component>
      <object_component id="oc-66">
         <name>.text.OS_Kill</name>
         <load_address>0x17dc</load_address>
         <readonly>true</readonly>
         <executable>true</executable>
         <run_address>0x17dc</run_address>
         <size>0x6c</size>
         <alignment>0x4</alignment>
         <input_file_ref idref="fl-4"/>
      </object_component>
      <object_component id="oc-12e">
         <name>.text.OS_bWait</name>
         <load_address>0x1848</load_address>
         <readonly>true</readonly>
         <executable>true</executable>
         <run_address>0x1848</run_address>
         <size>0x68</size>
         <alignment>0x4</alignment>
         <input_file_ref idref="fl-4"/>
      </object_component>
      <object_component id="oc-12a">
         <name>.text.TimerG12_IntArm</name>
         <load_address>0x18b0</load_address>
         <readonly>true</readonly>
         <executable>true</executable>
         <run_address>0x18b0</run_address>
         <size>0x68</size>
         <alignment>0x4</alignment>
         <input_file_ref idref="fl-22"/>
      </object_component>
      <object_component id="oc-12c">
         <name>.text.Fifo_Put</name>
         <load_address>0x1918</load_address>
         <readonly>true</readonly>
         <executable>true</executable>
         <run_address>0x1918</run_address>
         <size>0x64</size>
         <alignment>0x4</alignment>
         <input_file_ref idref="fl-3"/>
      </object_component>
      <object_component id="oc-d5">
         <name>.text.DisplayTemp</name>
         <load_address>0x197c</load_address>
         <readonly>true</readonly>
         <executable>true</executable>
         <run_address>0x197c</run_address>
         <size>0x60</size>
         <alignment>0x4</alignment>
         <input_file_ref idref="fl-2"/>
      </object_component>
      <object_component id="oc-3e">
         <name>.text.UART0_IRQHandler</name>
         <load_address>0x19dc</load_address>
         <readonly>true</readonly>
         <executable>true</executable>
         <run_address>0x19dc</run_address>
         <size>0x5c</size>
         <alignment>0x4</alignment>
         <input_file_ref idref="fl-1d"/>
      </object_component>
      <object_component id="oc-af">
         <name>.text.RxFifo_Put</name>
         <load_address>0x1a38</load_address>
         <readonly>true</readonly>
         <executable>true</executable>
         <run_address>0x1a38</run_address>
         <size>0x58</size>
         <alignment>0x4</alignment>
         <input_file_ref idref="fl-1b"/>
      </object_component>
      <object_component id="oc-b0">
         <name>.text.TxFifo_Get</name>
         <load_address>0x1a90</load_address>
         <readonly>true</readonly>
         <executable>true</executable>
         <run_address>0x1a90</run_address>
         <size>0x58</size>
         <alignment>0x4</alignment>
         <input_file_ref idref="fl-1b"/>
      </object_component>
      <object_component id="oc-164">
         <name>.text.fillmessage</name>
         <load_address>0x1ae8</load_address>
         <readonly>true</readonly>
         <executable>true</executable>
         <run_address>0x1ae8</run_address>
         <size>0x54</size>
         <alignment>0x4</alignment>
         <input_file_ref idref="fl-20"/>
      </object_component>
      <object_component id="oc-12d">
         <name>.text.Fifo_Get</name>
         <load_address>0x1b3c</load_address>
         <readonly>true</readonly>
         <executable>true</executable>
         <run_address>0x1b3c</run_address>
         <size>0x50</size>
         <alignment>0x4</alignment>
         <input_file_ref idref="fl-3"/>
      </object_component>
      <object_component id="oc-a7">
         <name>.text.GetHighestPriority</name>
         <load_address>0x1b8c</load_address>
         <readonly>true</readonly>
         <executable>true</executable>
         <run_address>0x1b8c</run_address>
         <size>0x50</size>
         <alignment>0x4</alignment>
         <input_file_ref idref="fl-4"/>
      </object_component>
      <object_component id="oc-34">
         <name>.text</name>
         <load_address>0x1bdc</load_address>
         <readonly>true</readonly>
         <executable>true</executable>
         <run_address>0x1bdc</run_address>
         <size>0x50</size>
         <alignment>0x4</alignment>
         <input_file_ref idref="fl-8"/>
      </object_component>
      <object_component id="oc-77">
         <name>.text.copySoftwareToHardware</name>
         <load_address>0x1c2c</load_address>
         <readonly>true</readonly>
         <executable>true</executable>
         <run_address>0x1c2c</run_address>
         <size>0x4c</size>
         <alignment>0x4</alignment>
         <input_file_ref idref="fl-1d"/>
      </object_component>
      <object_component id="oc-15e">
         <name>.text.InsertBlockedList</name>
         <load_address>0x1c78</load_address>
         <readonly>true</readonly>
         <executable>true</executable>
         <run_address>0x1c78</run_address>
         <size>0x48</size>
         <alignment>0x4</alignment>
         <input_file_ref idref="fl-4"/>
      </object_component>
      <object_component id="oc-178">
         <name>.text.SPI_OutCommand</name>
         <load_address>0x1cc0</load_address>
         <readonly>true</readonly>
         <executable>true</executable>
         <run_address>0x1cc0</run_address>
         <size>0x48</size>
         <alignment>0x4</alignment>
         <input_file_ref idref="fl-1e"/>
      </object_component>
      <object_component id="oc-67">
         <name>.text.OS_Sleep</name>
         <load_address>0x1d08</load_address>
         <readonly>true</readonly>
         <executable>true</executable>
         <run_address>0x1d08</run_address>
         <size>0x44</size>
         <alignment>0x4</alignment>
         <input_file_ref idref="fl-4"/>
      </object_component>
      <object_component id="oc-196">
         <name>.text.SPI_Reset</name>
         <load_address>0x1d4c</load_address>
         <readonly>true</readonly>
         <executable>true</executable>
         <run_address>0x1d4c</run_address>
         <size>0x40</size>
         <alignment>0x4</alignment>
         <input_file_ref idref="fl-1e"/>
      </object_component>
      <object_component id="oc-70">
         <name>.text.__aeabi_uidivmod</name>
         <load_address>0x1d8c</load_address>
         <readonly>true</readonly>
         <executable>true</executable>
         <run_address>0x1d8c</run_address>
         <size>0x40</size>
         <alignment>0x4</alignment>
         <input_file_ref idref="fl-125"/>
      </object_component>
      <object_component id="oc-d3">
         <name>.text.InputPolling</name>
         <load_address>0x1dcc</load_address>
         <readonly>true</readonly>
         <executable>true</executable>
         <run_address>0x1dcc</run_address>
         <size>0x3c</size>
         <alignment>0x4</alignment>
         <input_file_ref idref="fl-1"/>
      </object_component>
      <object_component id="oc-111">
         <name>.text.TcbFifoInit</name>
         <load_address>0x1e08</load_address>
         <readonly>true</readonly>
         <executable>true</executable>
         <run_address>0x1e08</run_address>
         <size>0x3c</size>
         <alignment>0x4</alignment>
         <input_file_ref idref="fl-4"/>
      </object_component>
      <object_component id="oc-a1">
         <name>.text.TcbFifoPut</name>
         <load_address>0x1e44</load_address>
         <readonly>true</readonly>
         <executable>true</executable>
         <run_address>0x1e44</run_address>
         <size>0x3c</size>
         <alignment>0x4</alignment>
         <input_file_ref idref="fl-4"/>
      </object_component>
      <object_component id="oc-e5">
         <name>.text:__TI_auto_init_nobinit_nopinit</name>
         <load_address>0x1e80</load_address>
         <readonly>true</readonly>
         <executable>true</executable>
         <run_address>0x1e80</run_address>
         <size>0x3c</size>
         <alignment>0x4</alignment>
         <input_file_ref idref="fl-53"/>
      </object_component>
      <object_component id="oc-10d">
         <name>.text.ActivatePortA_B</name>
         <load_address>0x1ebc</load_address>
         <readonly>true</readonly>
         <executable>true</executable>
         <run_address>0x1ebc</run_address>
         <size>0x38</size>
         <alignment>0x4</alignment>
         <input_file_ref idref="fl-17"/>
      </object_component>
      <object_component id="oc-114">
         <name>.text.DisplayInit</name>
         <load_address>0x1ef4</load_address>
         <readonly>true</readonly>
         <executable>true</executable>
         <run_address>0x1ef4</run_address>
         <size>0x38</size>
         <alignment>0x4</alignment>
         <input_file_ref idref="fl-2"/>
      </object_component>
      <object_component id="oc-17d">
         <name>.text.SPI_OutData</name>
         <load_address>0x1f2c</load_address>
         <readonly>true</readonly>
         <executable>true</executable>
         <run_address>0x1f2c</run_address>
         <size>0x38</size>
         <alignment>0x4</alignment>
         <input_file_ref idref="fl-1e"/>
      </object_component>
      <object_component id="oc-193">
         <name>.text.Clock_Delay1ms</name>
         <load_address>0x1f64</load_address>
         <readonly>true</readonly>
         <executable>true</executable>
         <run_address>0x1f64</run_address>
         <size>0x34</size>
         <alignment>0x4</alignment>
         <input_file_ref idref="fl-d"/>
      </object_component>
      <object_component id="oc-11c">
         <name>.text.Fifo_Init</name>
         <load_address>0x1f98</load_address>
         <readonly>true</readonly>
         <executable>true</executable>
         <run_address>0x1f98</run_address>
         <size>0x34</size>
         <alignment>0x4</alignment>
         <input_file_ref idref="fl-3"/>
      </object_component>
      <object_component id="oc-12f">
         <name>.text.ST7735_SetCursor</name>
         <load_address>0x1fcc</load_address>
         <readonly>true</readonly>
         <executable>true</executable>
         <run_address>0x1fcc</run_address>
         <size>0x34</size>
         <alignment>0x4</alignment>
         <input_file_ref idref="fl-20"/>
      </object_component>
      <object_component id="oc-a5">
         <name>.text.TcbFifoGet</name>
         <load_address>0x2000</load_address>
         <readonly>true</readonly>
         <executable>true</executable>
         <run_address>0x2000</run_address>
         <size>0x34</size>
         <alignment>0x4</alignment>
         <input_file_ref idref="fl-4"/>
      </object_component>
      <object_component id="oc-cb">
         <name>.text.DASInit</name>
         <load_address>0x2034</load_address>
         <readonly>true</readonly>
         <executable>true</executable>
         <run_address>0x2034</run_address>
         <size>0x32</size>
         <alignment>0x2</alignment>
         <input_file_ref idref="fl-1"/>
      </object_component>
      <object_component id="oc-176">
         <name>.text.commonInit</name>
         <load_address>0x2068</load_address>
         <readonly>true</readonly>
         <executable>true</executable>
         <run_address>0x2068</run_address>
         <size>0x30</size>
         <alignment>0x4</alignment>
         <input_file_ref idref="fl-20"/>
      </object_component>
      <object_component id="oc-76">
         <name>.text.copyHardwareToSoftware</name>
         <load_address>0x2098</load_address>
         <readonly>true</readonly>
         <executable>true</executable>
         <run_address>0x2098</run_address>
         <size>0x30</size>
         <alignment>0x4</alignment>
         <input_file_ref idref="fl-1d"/>
      </object_component>
      <object_component id="oc-da">
         <name>.text.DisplayStartMenu</name>
         <load_address>0x20c8</load_address>
         <readonly>true</readonly>
         <executable>true</executable>
         <run_address>0x20c8</run_address>
         <size>0x2c</size>
         <alignment>0x4</alignment>
         <input_file_ref idref="fl-2"/>
      </object_component>
      <object_component id="oc-155">
         <name>.text.ST7735_FillScreen</name>
         <load_address>0x20f4</load_address>
         <readonly>true</readonly>
         <executable>true</executable>
         <run_address>0x20f4</run_address>
         <size>0x2c</size>
         <alignment>0x4</alignment>
         <input_file_ref idref="fl-20"/>
      </object_component>
      <object_component id="oc-5f">
         <name>.text:_c_int00_noargs</name>
         <load_address>0x2120</load_address>
         <readonly>true</readonly>
         <executable>true</executable>
         <run_address>0x2120</run_address>
         <size>0x28</size>
         <alignment>0x4</alignment>
         <input_file_ref idref="fl-51"/>
      </object_component>
      <object_component id="oc-134">
         <name>.text.ST7735_OutString</name>
         <load_address>0x2148</load_address>
         <readonly>true</readonly>
         <executable>true</executable>
         <run_address>0x2148</run_address>
         <size>0x26</size>
         <alignment>0x2</alignment>
         <input_file_ref idref="fl-20"/>
      </object_component>
      <object_component id="oc-151">
         <name>.text.TxFifo_Init</name>
         <load_address>0x2170</load_address>
         <readonly>true</readonly>
         <executable>true</executable>
         <run_address>0x2170</run_address>
         <size>0x24</size>
         <alignment>0x4</alignment>
         <input_file_ref idref="fl-1b"/>
      </object_component>
      <object_component id="oc-152">
         <name>.text.RxFifo_Init</name>
         <load_address>0x2194</load_address>
         <readonly>true</readonly>
         <executable>true</executable>
         <run_address>0x2194</run_address>
         <size>0x20</size>
         <alignment>0x4</alignment>
         <input_file_ref idref="fl-1b"/>
      </object_component>
      <object_component id="oc-18a">
         <name>.text.pushColor</name>
         <load_address>0x21b4</load_address>
         <readonly>true</readonly>
         <executable>true</executable>
         <run_address>0x21b4</run_address>
         <size>0x1e</size>
         <alignment>0x2</alignment>
         <input_file_ref idref="fl-20"/>
      </object_component>
      <object_component id="oc-110">
         <name>.text.OS_ClearMsTime</name>
         <load_address>0x21d4</load_address>
         <readonly>true</readonly>
         <executable>true</executable>
         <run_address>0x21d4</run_address>
         <size>0x1c</size>
         <alignment>0x4</alignment>
         <input_file_ref idref="fl-4"/>
      </object_component>
      <object_component id="oc-78">
         <name>.text.TxFifo_Size</name>
         <load_address>0x21f0</load_address>
         <readonly>true</readonly>
         <executable>true</executable>
         <run_address>0x21f0</run_address>
         <size>0x18</size>
         <alignment>0x4</alignment>
         <input_file_ref idref="fl-1b"/>
      </object_component>
      <object_component id="oc-d2">
         <name>.text.DAS</name>
         <load_address>0x2208</load_address>
         <readonly>true</readonly>
         <executable>true</executable>
         <run_address>0x2208</run_address>
         <size>0x16</size>
         <alignment>0x2</alignment>
         <input_file_ref idref="fl-1"/>
      </object_component>
      <object_component id="oc-a2">
         <name>.text.OS_Suspend</name>
         <load_address>0x2220</load_address>
         <readonly>true</readonly>
         <executable>true</executable>
         <run_address>0x2220</run_address>
         <size>0x14</size>
         <alignment>0x4</alignment>
         <input_file_ref idref="fl-4"/>
      </object_component>
      <object_component id="oc-68">
         <name>.text.OS_Time</name>
         <load_address>0x2234</load_address>
         <readonly>true</readonly>
         <executable>true</executable>
         <run_address>0x2234</run_address>
         <size>0x14</size>
         <alignment>0x4</alignment>
         <input_file_ref idref="fl-4"/>
      </object_component>
      <object_component id="oc-38">
         <name>.text.SysTick_Handler</name>
         <load_address>0x2248</load_address>
         <readonly>true</readonly>
         <executable>true</executable>
         <run_address>0x2248</run_address>
         <size>0x14</size>
         <alignment>0x4</alignment>
         <input_file_ref idref="fl-4"/>
      </object_component>
      <object_component id="oc-b5">
         <name>.text:TI_memcpy_small</name>
         <load_address>0x225c</load_address>
         <readonly>true</readonly>
         <executable>true</executable>
         <run_address>0x225c</run_address>
         <size>0x12</size>
         <alignment>0x1</alignment>
         <input_file_ref idref="fl-12c"/>
      </object_component>
      <object_component id="oc-20">
         <name>.text:decompress:none</name>
         <load_address>0x226e</load_address>
         <readonly>true</readonly>
         <executable>true</executable>
         <run_address>0x226e</run_address>
         <size>0x12</size>
         <alignment>0x2</alignment>
         <input_file_ref idref="fl-57"/>
      </object_component>
      <object_component id="oc-150">
         <name>.text.Clock_Delay</name>
         <load_address>0x2280</load_address>
         <readonly>true</readonly>
         <executable>true</executable>
         <run_address>0x2280</run_address>
         <size>0x10</size>
         <alignment>0x2</alignment>
         <input_file_ref idref="fl-d"/>
      </object_component>
      <object_component id="oc-14e">
         <name>.text.Delay</name>
         <load_address>0x2290</load_address>
         <readonly>true</readonly>
         <executable>true</executable>
         <run_address>0x2290</run_address>
         <size>0x10</size>
         <alignment>0x2</alignment>
         <input_file_ref idref="fl-17"/>
      </object_component>
      <object_component id="oc-d4">
         <name>.text.HeartBeat</name>
         <load_address>0x22a0</load_address>
         <readonly>true</readonly>
         <executable>true</executable>
         <run_address>0x22a0</run_address>
         <size>0x10</size>
         <alignment>0x4</alignment>
         <input_file_ref idref="fl-1"/>
      </object_component>
      <object_component id="oc-112">
         <name>.text.OS_InitSemaphore</name>
         <load_address>0x22b0</load_address>
         <readonly>true</readonly>
         <executable>true</executable>
         <run_address>0x22b0</run_address>
         <size>0x10</size>
         <alignment>0x2</alignment>
         <input_file_ref idref="fl-4"/>
      </object_component>
      <object_component id="oc-5c">
         <name>.text:decompress:ZI</name>
         <load_address>0x22c0</load_address>
         <readonly>true</readonly>
         <executable>true</executable>
         <run_address>0x22c0</run_address>
         <size>0x10</size>
         <alignment>0x2</alignment>
         <input_file_ref idref="fl-56"/>
      </object_component>
      <object_component id="oc-104">
         <name>.text:TI_memset_small</name>
         <load_address>0x22d0</load_address>
         <readonly>true</readonly>
         <executable>true</executable>
         <run_address>0x22d0</run_address>
         <size>0xe</size>
         <alignment>0x1</alignment>
         <input_file_ref idref="fl-12d"/>
      </object_component>
      <object_component id="oc-153">
         <name>.text.Clock_Freq</name>
         <load_address>0x22e0</load_address>
         <readonly>true</readonly>
         <executable>true</executable>
         <run_address>0x22e0</run_address>
         <size>0xc</size>
         <alignment>0x4</alignment>
         <input_file_ref idref="fl-d"/>
      </object_component>
      <object_component id="oc-f8">
         <name>.text.OS_MsTime</name>
         <load_address>0x22ec</load_address>
         <readonly>true</readonly>
         <executable>true</executable>
         <run_address>0x22ec</run_address>
         <size>0xc</size>
         <alignment>0x4</alignment>
         <input_file_ref idref="fl-4"/>
      </object_component>
      <object_component id="oc-88">
         <name>.text.__aeabi_memclr</name>
         <load_address>0x22f8</load_address>
         <readonly>true</readonly>
         <executable>true</executable>
         <run_address>0x22f8</run_address>
         <size>0xc</size>
         <alignment>0x4</alignment>
         <input_file_ref idref="fl-124"/>
      </object_component>
      <object_component id="oc-db">
         <name>.text.IdleThread</name>
         <load_address>0x2304</load_address>
         <readonly>true</readonly>
         <executable>true</executable>
         <run_address>0x2304</run_address>
         <size>0xa</size>
         <alignment>0x2</alignment>
         <input_file_ref idref="fl-7"/>
      </object_component>
      <object_component id="oc-4f">
         <name>.text.__aeabi_memcpy</name>
         <load_address>0x2310</load_address>
         <readonly>true</readonly>
         <executable>true</executable>
         <run_address>0x2310</run_address>
         <size>0x8</size>
         <alignment>0x4</alignment>
         <input_file_ref idref="fl-123"/>
      </object_component>
      <object_component id="oc-de">
         <name>.text:abort</name>
         <load_address>0x2318</load_address>
         <readonly>true</readonly>
         <executable>true</executable>
         <run_address>0x2318</run_address>
         <size>0x6</size>
         <alignment>0x2</alignment>
         <input_file_ref idref="fl-4b"/>
      </object_component>
      <object_component id="oc-33">
         <name>.text.Default_Handler</name>
         <load_address>0x231e</load_address>
         <readonly>true</readonly>
         <executable>true</executable>
         <run_address>0x231e</run_address>
         <size>0x4</size>
         <alignment>0x2</alignment>
         <input_file_ref idref="fl-6"/>
      </object_component>
      <object_component id="oc-13d">
         <name>.text.HOSTexit</name>
         <load_address>0x2322</load_address>
         <readonly>true</readonly>
         <executable>true</executable>
         <run_address>0x2322</run_address>
         <size>0x4</size>
         <alignment>0x2</alignment>
         <input_file_ref idref="fl-107"/>
      </object_component>
      <object_component id="oc-2f">
         <name>.text.Reset_Handler</name>
         <load_address>0x2326</load_address>
         <readonly>true</readonly>
         <executable>true</executable>
         <run_address>0x2326</run_address>
         <size>0x4</size>
         <alignment>0x2</alignment>
         <input_file_ref idref="fl-6"/>
      </object_component>
      <object_component id="oc-8d">
         <name>.text._system_pre_init</name>
         <load_address>0x232a</load_address>
         <readonly>true</readonly>
         <executable>true</executable>
         <run_address>0x232a</run_address>
         <size>0x4</size>
         <alignment>0x2</alignment>
         <input_file_ref idref="fl-54"/>
      </object_component>
      <object_component id="oc-1d8">
         <name>.cinit..data.load</name>
         <load_address>0x29a8</load_address>
         <readonly>true</readonly>
         <run_address>0x29a8</run_address>
         <size>0x3f</size>
         <alignment>0x1</alignment>
      </object_component>
      <object_component id="oc-1d6">
         <name>__TI_handler_table</name>
         <load_address>0x29e8</load_address>
         <readonly>true</readonly>
         <run_address>0x29e8</run_address>
         <size>0xc</size>
         <alignment>0x4</alignment>
      </object_component>
      <object_component id="oc-1d9">
         <name>.cinit..bss.load</name>
         <load_address>0x29f4</load_address>
         <readonly>true</readonly>
         <run_address>0x29f4</run_address>
         <size>0x8</size>
         <alignment>0x4</alignment>
      </object_component>
      <object_component id="oc-1d7">
         <name>__TI_cinit_table</name>
         <load_address>0x29fc</load_address>
         <readonly>true</readonly>
         <run_address>0x29fc</run_address>
         <size>0x10</size>
         <alignment>0x4</alignment>
      </object_component>
      <object_component id="oc-18b">
         <name>.rodata.Font</name>
         <load_address>0x2330</load_address>
         <readonly>true</readonly>
         <run_address>0x2330</run_address>
         <size>0x4fb</size>
         <alignment>0x1</alignment>
         <input_file_ref idref="fl-20"/>
      </object_component>
      <object_component id="oc-17e">
         <name>.rodata.Rcmd1</name>
         <load_address>0x282b</load_address>
         <readonly>true</readonly>
         <run_address>0x282b</run_address>
         <size>0x3b</size>
         <alignment>0x1</alignment>
         <input_file_ref idref="fl-20"/>
      </object_component>
      <object_component id="oc-183">
         <name>.rodata.Rcmd3</name>
         <load_address>0x2866</load_address>
         <readonly>true</readonly>
         <run_address>0x2866</run_address>
         <size>0x2b</size>
         <alignment>0x1</alignment>
         <input_file_ref idref="fl-20"/>
      </object_component>
      <object_component id="oc-156">
         <name>.rodata.str1.1805084626193097879.1</name>
         <load_address>0x2891</load_address>
         <readonly>true</readonly>
         <run_address>0x2891</run_address>
         <size>0x26</size>
         <alignment>0x1</alignment>
         <input_file_ref idref="fl-2"/>
      </object_component>
      <object_component id="oc-13c">
         <name>.rodata.str1.3522108666087863248.1</name>
         <load_address>0x28b7</load_address>
         <readonly>true</readonly>
         <run_address>0x28b7</run_address>
         <size>0x26</size>
         <alignment>0x1</alignment>
         <input_file_ref idref="fl-2"/>
      </object_component>
      <object_component id="oc-16a">
         <name>.rodata..L__const.DisplayAll.messages</name>
         <load_address>0x28e0</load_address>
         <readonly>true</readonly>
         <run_address>0x28e0</run_address>
         <size>0x18</size>
         <alignment>0x4</alignment>
         <input_file_ref idref="fl-2"/>
      </object_component>
      <object_component id="oc-18f">
         <name>.rodata.str1.11117414041277270069.1</name>
         <load_address>0x28f8</load_address>
         <readonly>true</readonly>
         <run_address>0x28f8</run_address>
         <size>0x17</size>
         <alignment>0x1</alignment>
         <input_file_ref idref="fl-2"/>
      </object_component>
      <object_component id="oc-137">
         <name>.rodata.str1.12586329761307692536.1</name>
         <load_address>0x290f</load_address>
         <readonly>true</readonly>
         <run_address>0x290f</run_address>
         <size>0x16</size>
         <alignment>0x1</alignment>
         <input_file_ref idref="fl-2"/>
      </object_component>
      <object_component id="oc-18e">
         <name>.rodata.str1.17077673295598305367.1</name>
         <load_address>0x2925</load_address>
         <readonly>true</readonly>
         <run_address>0x2925</run_address>
         <size>0x16</size>
         <alignment>0x1</alignment>
         <input_file_ref idref="fl-2"/>
      </object_component>
      <object_component id="oc-188">
         <name>.rodata.str1.2132471336006292093.1</name>
         <load_address>0x293b</load_address>
         <readonly>true</readonly>
         <run_address>0x293b</run_address>
         <size>0x16</size>
         <alignment>0x1</alignment>
         <input_file_ref idref="fl-20"/>
      </object_component>
      <object_component id="oc-190">
         <name>.rodata.str1.12737445797831605391.1</name>
         <load_address>0x2951</load_address>
         <readonly>true</readonly>
         <run_address>0x2951</run_address>
         <size>0xe</size>
         <alignment>0x1</alignment>
         <input_file_ref idref="fl-2"/>
      </object_component>
      <object_component id="oc-18d">
         <name>.rodata.str1.15820903164514404521.1</name>
         <load_address>0x295f</load_address>
         <readonly>true</readonly>
         <run_address>0x295f</run_address>
         <size>0xe</size>
         <alignment>0x1</alignment>
         <input_file_ref idref="fl-2"/>
      </object_component>
      <object_component id="oc-18c">
         <name>.rodata.str1.185770367072186849.1</name>
         <load_address>0x296d</load_address>
         <readonly>true</readonly>
         <run_address>0x296d</run_address>
         <size>0xe</size>
         <alignment>0x1</alignment>
         <input_file_ref idref="fl-2"/>
      </object_component>
      <object_component id="oc-191">
         <name>.rodata.str1.6298840124134917460.1</name>
         <load_address>0x297b</load_address>
         <readonly>true</readonly>
         <run_address>0x297b</run_address>
         <size>0xe</size>
         <alignment>0x1</alignment>
         <input_file_ref idref="fl-2"/>
      </object_component>
      <object_component id="oc-180">
         <name>.rodata.Rcmd2green</name>
         <load_address>0x2989</load_address>
         <readonly>true</readonly>
         <run_address>0x2989</run_address>
         <size>0xd</size>
         <alignment>0x1</alignment>
         <input_file_ref idref="fl-20"/>
      </object_component>
      <object_component id="oc-17f">
         <name>.rodata.Rcmd2red</name>
         <load_address>0x2996</load_address>
         <readonly>true</readonly>
         <run_address>0x2996</run_address>
         <size>0xd</size>
         <alignment>0x1</alignment>
         <input_file_ref idref="fl-20"/>
      </object_component>
      <object_component id="oc-1a0">
         <name>.binit</name>
         <load_address>0x0</load_address>
         <readonly>true</readonly>
         <run_address>0x0</run_address>
         <size>0x0</size>
         <alignment>0x4</alignment>
      </object_component>
      <object_component id="oc-f7">
         <name>.data.TcbFifo</name>
         <load_address>0x202038dc</load_address>
         <readwrite>true</readwrite>
         <run_address>0x202038dc</run_address>
         <size>0x2c</size>
         <alignment>0x4</alignment>
         <input_file_ref idref="fl-4"/>
      </object_component>
      <object_component id="oc-83">
         <name>.data.Scheduler</name>
         <load_address>0x20203890</load_address>
         <readwrite>true</readwrite>
         <run_address>0x20203890</run_address>
         <size>0x4c</size>
         <alignment>0x4</alignment>
         <input_file_ref idref="fl-4"/>
      </object_component>
      <object_component id="oc-129">
         <name>.data.isLaunched</name>
         <load_address>0x20203918</load_address>
         <readwrite>true</readwrite>
         <run_address>0x20203918</run_address>
         <size>0x4</size>
         <alignment>0x4</alignment>
         <input_file_ref idref="fl-4"/>
      </object_component>
      <object_component id="oc-75">
         <name>.data.PTaskSchedule</name>
         <load_address>0x202031a0</load_address>
         <readwrite>true</readwrite>
         <run_address>0x202031a0</run_address>
         <size>0x6f0</size>
         <alignment>0x4</alignment>
         <input_file_ref idref="fl-4"/>
      </object_component>
      <object_component id="oc-a6">
         <name>.data.ThreadIdCounter</name>
         <load_address>0x20203914</load_address>
         <readwrite>true</readwrite>
         <run_address>0x20203914</run_address>
         <size>0x4</size>
         <alignment>0x4</alignment>
         <input_file_ref idref="fl-4"/>
      </object_component>
      <object_component id="oc-10a">
         <name>.data.BusFreq</name>
         <load_address>0x20203908</load_address>
         <readwrite>true</readwrite>
         <run_address>0x20203908</run_address>
         <size>0x4</size>
         <alignment>0x4</alignment>
         <input_file_ref idref="fl-d"/>
      </object_component>
      <object_component id="oc-15f">
         <name>.data.StX</name>
         <load_address>0x2020390c</load_address>
         <readwrite>true</readwrite>
         <run_address>0x2020390c</run_address>
         <size>0x4</size>
         <alignment>0x4</alignment>
         <input_file_ref idref="fl-20"/>
      </object_component>
      <object_component id="oc-160">
         <name>.data.StY</name>
         <load_address>0x20203910</load_address>
         <readwrite>true</readwrite>
         <run_address>0x20203910</run_address>
         <size>0x4</size>
         <alignment>0x4</alignment>
         <input_file_ref idref="fl-20"/>
      </object_component>
      <object_component id="oc-169">
         <name>.data.StTextColor</name>
         <load_address>0x2020391c</load_address>
         <readwrite>true</readwrite>
         <run_address>0x2020391c</run_address>
         <size>0x2</size>
         <alignment>0x2</alignment>
         <input_file_ref idref="fl-20"/>
      </object_component>
      <object_component id="oc-186">
         <name>.data._width</name>
         <load_address>0x20203920</load_address>
         <readwrite>true</readwrite>
         <run_address>0x20203920</run_address>
         <size>0x2</size>
         <alignment>0x2</alignment>
         <input_file_ref idref="fl-20"/>
      </object_component>
      <object_component id="oc-187">
         <name>.data._height</name>
         <load_address>0x2020391e</load_address>
         <readwrite>true</readwrite>
         <run_address>0x2020391e</run_address>
         <size>0x2</size>
         <alignment>0x2</alignment>
         <input_file_ref idref="fl-20"/>
      </object_component>
      <object_component id="oc-138">
         <name>.bss.input</name>
         <uninitialized>true</uninitialized>
         <readwrite>true</readwrite>
         <run_address>0x20203160</run_address>
         <size>0x4</size>
         <alignment>0x4</alignment>
         <input_file_ref idref="fl-2"/>
      </object_component>
      <object_component id="oc-159">
         <name>.bss.Fifos</name>
         <uninitialized>true</uninitialized>
         <readwrite>true</readwrite>
         <run_address>0x20202d8c</run_address>
         <size>0x348</size>
         <alignment>0x4</alignment>
         <input_file_ref idref="fl-3"/>
      </object_component>
      <object_component id="oc-101">
         <name>.bss.TxFifo</name>
         <uninitialized>true</uninitialized>
         <readwrite>true</readwrite>
         <run_address>0x202030d4</run_address>
         <size>0x40</size>
         <alignment>0x1</alignment>
         <input_file_ref idref="fl-1b"/>
      </object_component>
      <object_component id="oc-ff">
         <name>.bss.RxFifo</name>
         <uninitialized>true</uninitialized>
         <readwrite>true</readwrite>
         <run_address>0x20203114</run_address>
         <size>0x10</size>
         <alignment>0x1</alignment>
         <input_file_ref idref="fl-1b"/>
      </object_component>
      <object_component id="oc-181">
         <name>.bss.ColStart</name>
         <uninitialized>true</uninitialized>
         <readwrite>true</readwrite>
         <run_address>0x2020319c</run_address>
         <size>0x1</size>
         <alignment>0x1</alignment>
         <input_file_ref idref="fl-20"/>
      </object_component>
      <object_component id="oc-182">
         <name>.bss.RowStart</name>
         <uninitialized>true</uninitialized>
         <readwrite>true</readwrite>
         <run_address>0x2020319d</run_address>
         <size>0x1</size>
         <alignment>0x1</alignment>
         <input_file_ref idref="fl-20"/>
      </object_component>
      <object_component id="oc-184">
         <name>.bss.TabColor</name>
         <uninitialized>true</uninitialized>
         <readwrite>true</readwrite>
         <run_address>0x2020319e</run_address>
         <size>0x1</size>
         <alignment>0x1</alignment>
         <input_file_ref idref="fl-20"/>
      </object_component>
      <object_component id="oc-136">
         <name>.common:LCD_Mutex</name>
         <uninitialized>true</uninitialized>
         <readwrite>true</readwrite>
         <run_address>0x20203164</run_address>
         <size>0x4</size>
         <alignment>0x4</alignment>
      </object_component>
      <object_component id="oc-80">
         <name>.common:TimeMs</name>
         <uninitialized>true</uninitialized>
         <readwrite>true</readwrite>
         <run_address>0x20203188</run_address>
         <size>0x4</size>
         <alignment>0x4</alignment>
      </object_component>
      <object_component id="oc-6b">
         <name>.common:NextThreadPt</name>
         <uninitialized>true</uninitialized>
         <readwrite>true</readwrite>
         <run_address>0x2020316c</run_address>
         <size>0x4</size>
         <alignment>0x4</alignment>
      </object_component>
      <object_component id="oc-a8">
         <name>.common:sr</name>
         <uninitialized>true</uninitialized>
         <readwrite>true</readwrite>
         <run_address>0x20203198</run_address>
         <size>0x4</size>
         <alignment>0x4</alignment>
      </object_component>
      <object_component id="oc-6a">
         <name>.common:RunPt</name>
         <uninitialized>true</uninitialized>
         <readwrite>true</readwrite>
         <run_address>0x20203178</run_address>
         <size>0x4</size>
         <alignment>0x4</alignment>
      </object_component>
      <object_component id="oc-a3">
         <name>.common:PookieTCB</name>
         <uninitialized>true</uninitialized>
         <readwrite>true</readwrite>
[...]
      </symbol>
      <symbol id="sm-e3">
         <name>PookieTCB</name>
         <value>0x20202968</value>
      </symbol>
      <symbol id="sm-e4">
         <name>TCBQueueSemaphore</name>
         <value>0x20203134</value>
      </symbol>
      <symbol id="sm-e5">
         <name>THREAD_CONTROL_BLOCKS</name>
         <value>0x20200000</value>
      </symbol>
      <symbol id="sm-e6">
         <name>OS_bWait</name>
         <value>0x1849</value>
         <object_component_ref idref="oc-12e"/>
      </symbol>
      <symbol id="sm-e7">
         <name>OS_Suspend</name>
         <value>0x2221</value>
         <object_component_ref idref="oc-a2"/>
      </symbol>
      <symbol id="sm-e8">
         <name>OS_bSignal</name>
         <value>0xfcd</value>
         <object_component_ref idref="oc-fc"/>
      </symbol>
      <symbol id="sm-e9">
         <name>OS_AddThread</name>
         <value>0x1769</value>
         <object_component_ref idref="oc-69"/>
      </symbol>
      <symbol id="sm-ea">
         <name>OS_AddPeriodicThread</name>
         <value>0xc79</value>
         <object_component_ref idref="oc-d0"/>
      </symbol>
      <symbol id="sm-eb">
         <name>NumPeriodicThreads</name>
         <value>0x20203170</value>
      </symbol>
      <symbol id="sm-ec">
         <name>isLaunched</name>
         <value>0x20203918</value>
         <object_component_ref idref="oc-129"/>
      </symbol>
      <symbol id="sm-ed">
         <name>PTaskIdx</name>
         <value>0x20203174</value>
      </symbol>
      <symbol id="sm-ee">
         <name>PTaskSchedule</name>
         <value>0x202031a0</value>
         <object_component_ref idref="oc-75"/>
      </symbol>
      <symbol id="sm-ef">
         <name>TIMG7_IRQHandler</name>
         <value>0x106d</value>
         <object_component_ref idref="oc-43"/>
      </symbol>
      <symbol id="sm-f0">
         <name>secretTimeMs</name>
         <value>0x20203194</value>
      </symbol>
      <symbol id="sm-f1">
         <name>SleepyThreadsHead</name>
         <value>0x20203184</value>
      </symbol>
      <symbol id="sm-f2">
         <name>OS_Sleep</name>
         <value>0x1d09</value>
         <object_component_ref idref="oc-67"/>
      </symbol>
      <symbol id="sm-f3">
         <name>OS_Kill</name>
         <value>0x17dd</value>
         <object_component_ref idref="oc-66"/>
      </symbol>
      <symbol id="sm-f4">
         <name>TcbFifo</name>
         <value>0x202038dc</value>
         <object_component_ref idref="oc-f7"/>
      </symbol>
      <symbol id="sm-f5">
         <name>OS_Time</name>
         <value>0x2235</value>
         <object_component_ref idref="oc-68"/>
      </symbol>
      <symbol id="sm-f6">
         <name>OS_Launch</name>
         <value>0x1239</value>
         <object_component_ref idref="oc-d1"/>
      </symbol>
      <symbol id="sm-f7">
         <name>TIMG8_IRQHandler</name>
         <value>0x11a1</value>
         <object_component_ref idref="oc-3d"/>
      </symbol>
      <symbol id="sm-103">
         <name>Default_Handler</name>
         <value>0x231f</value>
         <object_component_ref idref="oc-33"/>
      </symbol>
      <symbol id="sm-104">
         <name>Reset_Handler</name>
         <value>0x2327</value>
         <object_component_ref idref="oc-2f"/>
      </symbol>
      <symbol id="sm-105">
         <name>interruptVectors</name>
         <value>0x0</value>
         <object_component_ref idref="oc-18"/>
      </symbol>
      <symbol id="sm-106">
         <name>NMI_Handler</name>
         <value>0x231f</value>
         <object_component_ref idref="oc-33"/>
      </symbol>
      <symbol id="sm-107">
         <name>HardFault_Handler</name>
         <value>0x231f</value>
         <object_component_ref idref="oc-33"/>
      </symbol>
      <symbol id="sm-108">
         <name>GROUP0_IRQHandler</name>
         <value>0x231f</value>
         <object_component_ref idref="oc-33"/>
      </symbol>
      <symbol id="sm-109">
         <name>GROUP1_IRQHandler</name>
         <value>0x231f</value>
         <object_component_ref idref="oc-33"/>
      </symbol>
      <symbol id="sm-10a">
         <name>UART3_IRQHandler</name>
         <value>0x231f</value>
         <object_component_ref idref="oc-33"/>
      </symbol>
      <symbol id="sm-10b">
         <name>ADC0_IRQHandler</name>
         <value>0x231f</value>
         <object_component_ref idref="oc-33"/>
      </symbol>
      <symbol id="sm-10c">
         <name>ADC1_IRQHandler</name>
         <value>0x231f</value>
         <object_component_ref idref="oc-33"/>
      </symbol>
      <symbol id="sm-10d">
         <name>CANFD0_IRQHandler</name>
         <value>0x231f</value>
         <object_component_ref idref="oc-33"/>
      </symbol>
      <symbol id="sm-10e">
         <name>DAC0_IRQHandler</name>
         <value>0x231f</value>
         <object_component_ref idref="oc-33"/>
      </symbol>
      <symbol id="sm-10f">
         <name>SPI0_IRQHandler</name>
         <value>0x231f</value>
         <object_component_ref idref="oc-33"/>
      </symbol>
      <symbol id="sm-110">
         <name>SPI1_IRQHandler</name>
         <value>0x231f</value>
         <object_component_ref idref="oc-33"/>
      </symbol>
      <symbol id="sm-111">
         <name>UART1_IRQHandler</name>
         <value>0x231f</value>
         <object_component_ref idref="oc-33"/>
      </symbol>
      <symbol id="sm-112">
         <name>UART2_IRQHandler</name>
         <value>0x231f</value>
         <object_component_ref idref="oc-33"/>
      </symbol>
      <symbol id="sm-113">
         <name>TIMG0_IRQHandler</name>
         <value>0x231f</value>
         <object_component_ref idref="oc-33"/>
      </symbol>
      <symbol id="sm-114">
         <name>TIMG6_IRQHandler</name>
         <value>0x231f</value>
         <object_component_ref idref="oc-33"/>
      </symbol>
      <symbol id="sm-115">
         <name>TIMA0_IRQHandler</name>
         <value>0x231f</value>
         <object_component_ref idref="oc-33"/>
      </symbol>
      <symbol id="sm-116">
         <name>TIMA1_IRQHandler</name>
         <value>0x231f</value>
         <object_component_ref idref="oc-33"/>
      </symbol>
      <symbol id="sm-117">
         <name>TIMG12_IRQHandler</name>
         <value>0x231f</value>
         <object_component_ref idref="oc-33"/>
      </symbol>
      <symbol id="sm-118">
         <name>I2C0_IRQHandler</name>
         <value>0x231f</value>
         <object_component_ref idref="oc-33"/>
      </symbol>
      <symbol id="sm-119">
         <name>I2C1_IRQHandler</name>
         <value>0x231f</value>
         <object_component_ref idref="oc-33"/>
      </symbol>
      <symbol id="sm-11a">
         <name>AES_IRQHandler</name>
         <value>0x231f</value>
         <object_component_ref idref="oc-33"/>
      </symbol>
      <symbol id="sm-11b">
         <name>RTC_IRQHandler</name>
         <value>0x231f</value>
         <object_component_ref idref="oc-33"/>
      </symbol>
      <symbol id="sm-11c">
         <name>DMA_IRQHandler</name>
         <value>0x231f</value>
         <object_component_ref idref="oc-33"/>
      </symbol>
      <symbol id="sm-12c">
         <name>Logic_Init</name>
         <value>0xae1</value>
         <object_component_ref idref="oc-c9"/>
      </symbol>
      <symbol id="sm-12d">
         <name>main</name>
         <value>0x1671</value>
         <object_component_ref idref="oc-91"/>
      </symbol>
      <symbol id="sm-136">
         <name>StartOS</name>
         <value>0x1bf2</value>
         <object_component_ref idref="oc-34"/>
      </symbol>
      <symbol id="sm-137">
         <name>PendSV_Handler</name>
         <value>0x1bf5</value>
         <object_component_ref idref="oc-34"/>
      </symbol>
      <symbol id="sm-138">
         <name>OSDisableInterrupts</name>
         <value>0x1bdc</value>
         <object_component_ref idref="oc-34"/>
      </symbol>
      <symbol id="sm-139">
         <name>OSEnableInterrupts</name>
         <value>0x1be0</value>
         <object_component_ref idref="oc-34"/>
      </symbol>
      <symbol id="sm-13a">
         <name>SVC_Handler</name>
         <value>0x1c11</value>
         <object_component_ref idref="oc-34"/>
      </symbol>
      <symbol id="sm-13b">
         <name>StartCritical</name>
         <value>0x1be4</value>
         <object_component_ref idref="oc-34"/>
      </symbol>
      <symbol id="sm-13c">
         <name>EndCritical</name>
         <value>0x1bec</value>
         <object_component_ref idref="oc-34"/>
      </symbol>
      <symbol id="sm-191">
         <name>ADC_Init</name>
         <value>0x76d</value>
         <object_component_ref idref="oc-117"/>
      </symbol>
      <symbol id="sm-192">
         <name>ADC_In</name>
         <value>0xd31</value>
         <object_component_ref idref="oc-12b"/>
      </symbol>
      <symbol id="sm-1a8">
         <name>Clock_Freq</name>
         <value>0x22e1</value>
         <object_component_ref idref="oc-153"/>
      </symbol>
      <symbol id="sm-1a9">
         <name>BusFreq</name>
         <value>0x20203908</value>
         <object_component_ref idref="oc-10a"/>
      </symbol>
      <symbol id="sm-1aa">
         <name>Clock_Init80MHz</name>
         <value>0xc1</value>
         <object_component_ref idref="oc-bf"/>
      </symbol>
      <symbol id="sm-1ab">
         <name>Clock_Delay</name>
         <value>0x2281</value>
         <object_component_ref idref="oc-150"/>
      </symbol>
      <symbol id="sm-1ac">
         <name>Clock_Delay1ms</name>
         <value>0x1f65</value>
         <object_component_ref idref="oc-193"/>
      </symbol>
      <symbol id="sm-1c5">
         <name>Delay</name>
         <value>0x2291</value>
         <object_component_ref idref="oc-14e"/>
      </symbol>
      <symbol id="sm-1c6">
         <name>ActivatePortA_B</name>
         <value>0x1ebd</value>
         <object_component_ref idref="oc-10d"/>
      </symbol>
      <symbol id="sm-1c7">
         <name>LaunchPad_Init</name>
         <value>0x1579</value>
         <object_component_ref idref="oc-c4"/>
      </symbol>
      <symbol id="sm-1e4">
         <name>TxFifo_Init</name>
         <value>0x2171</value>
         <object_component_ref idref="oc-151"/>
      </symbol>
      <symbol id="sm-1e5">
         <name>TxGetI</name>
         <value>0x2020318c</value>
      </symbol>
      <symbol id="sm-1e6">
         <name>TxPutI</name>
         <value>0x20203190</value>
      </symbol>
      <symbol id="sm-1e7">
         <name>TxFifoFull</name>
         <value>0x20203144</value>
      </symbol>
      <symbol id="sm-1e8">
         <name>TxFifo_Get</name>
         <value>0x1a91</value>
         <object_component_ref idref="oc-b0"/>
      </symbol>
      <symbol id="sm-1e9">
         <name>TxFifo_Size</name>
         <value>0x21f1</value>
         <object_component_ref idref="oc-78"/>
      </symbol>
      <symbol id="sm-1ea">
         <name>RxFifo_Init</name>
         <value>0x2195</value>
         <object_component_ref idref="oc-152"/>
      </symbol>
      <symbol id="sm-1eb">
         <name>RxGetI</name>
         <value>0x2020317c</value>
      </symbol>
      <symbol id="sm-1ec">
         <name>RxPutI</name>
         <value>0x20203180</value>
      </symbol>
      <symbol id="sm-1ed">
         <name>RxFifoEmpty</name>
         <value>0x20203124</value>
      </symbol>
      <symbol id="sm-1ee">
         <name>RxFifo_Put</name>
         <value>0x1a39</value>
         <object_component_ref idref="oc-af"/>
      </symbol>
      <symbol id="sm-204">
         <name>UART_Init</name>
         <value>0x41d</value>
         <object_component_ref idref="oc-113"/>
      </symbol>
      <symbol id="sm-205">
         <name>UART0_IRQHandler</name>
         <value>0x19dd</value>
         <object_component_ref idref="oc-3e"/>
      </symbol>
      <symbol id="sm-218">
         <name>SPI_Init</name>
         <value>0x85d</value>
         <object_component_ref idref="oc-192"/>
      </symbol>
      <symbol id="sm-219">
         <name>SPI_Reset</name>
         <value>0x1d4d</value>
         <object_component_ref idref="oc-196"/>
      </symbol>
      <symbol id="sm-21a">
         <name>SPI_OutData</name>
         <value>0x1f2d</value>
         <object_component_ref idref="oc-17d"/>
      </symbol>
      <symbol id="sm-21b">
         <name>SPI_OutCommand</name>
         <value>0x1cc1</value>
         <object_component_ref idref="oc-178"/>
      </symbol>
      <symbol id="sm-262">
         <name>ST7735_SetCursor</name>
         <value>0x1fcd</value>
         <object_component_ref idref="oc-12f"/>
      </symbol>
      <symbol id="sm-263">
         <name>ST7735_FillScreen</name>
         <value>0x20f5</value>
         <object_component_ref idref="oc-155"/>
      </symbol>
      <symbol id="sm-264">
         <name>StTextColor</name>
         <value>0x2020391c</value>
         <object_component_ref idref="oc-169"/>
      </symbol>
      <symbol id="sm-265">
         <name>StX</name>
         <value>0x2020390c</value>
         <object_component_ref idref="oc-15f"/>
      </symbol>
      <symbol id="sm-266">
         <name>StY</name>
         <value>0x20203910</value>
         <object_component_ref idref="oc-160"/>
      </symbol>
      <symbol id="sm-267">
         <name>ST7735_FillRect</name>
         <value>0x555</value>
         <object_component_ref idref="oc-185"/>
      </symbol>
      <symbol id="sm-268">
         <name>ST7735_InitR</name>
         <value>0x1109</value>
         <object_component_ref idref="oc-154"/>
      </symbol>
      <symbol id="sm-269">
         <name>ST7735_DrawChar</name>
         <value>0x275</value>
         <object_component_ref idref="oc-166"/>
      </symbol>
      <symbol id="sm-26a">
         <name>ST7735_DrawString</name>
         <value>0x1471</value>
         <object_component_ref idref="oc-165"/>
      </symbol>
      <symbol id="sm-26b">
         <name>fillmessage</name>
         <value>0x1ae9</value>
         <object_component_ref idref="oc-164"/>
      </symbol>
      <symbol id="sm-26c">
         <name>Messageindex</name>
         <value>0x20203168</value>
      </symbol>
      <symbol id="sm-26d">
         <name>Message</name>
         <value>0x20203154</value>
      </symbol>
      <symbol id="sm-26e">
         <name>ST7735_OutUDec</name>
         <value>0x14f5</value>
         <object_component_ref idref="oc-135"/>
      </symbol>
      <symbol id="sm-26f">
         <name>ST7735_OutChar</name>
         <value>0xa11</value>
         <object_component_ref idref="oc-163"/>
      </symbol>
      <symbol id="sm-270">
         <name>ST7735_OutString</name>
         <value>0x2149</value>
         <object_component_ref idref="oc-134"/>
      </symbol>
      <symbol id="sm-280">
         <name>TimerG8_IntArm</name>
         <value>0xe81</value>
         <object_component_ref idref="oc-123"/>
      </symbol>
      <symbol id="sm-281">
         <name>TimerG7_IntArm</name>
         <value>0xdd9</value>
         <object_component_ref idref="oc-14f"/>
      </symbol>
      <symbol id="sm-282">
         <name>TimerG12_IntArm</name>
         <value>0x18b1</value>
         <object_component_ref idref="oc-12a"/>
      </symbol>
      <symbol id="sm-283">
         <name>__TI_ATRegion0_src_addr</name>
         <value>0x0</value>
      </symbol>
      <symbol id="sm-284">
         <name>__TI_ATRegion0_trg_addr</name>
         <value>0x0</value>
      </symbol>
      <symbol id="sm-285">
         <name>__TI_ATRegion0_region_sz</name>
         <value>0x0</value>
      </symbol>
      <symbol id="sm-286">
         <name>__TI_ATRegion1_src_addr</name>
         <value>0x0</value>
      </symbol>
      <symbol id="sm-287">
         <name>__TI_ATRegion1_trg_addr</name>
         <value>0x0</value>
      </symbol>
      <symbol id="sm-288">
         <name>__TI_ATRegion1_region_sz</name>
         <value>0x0</value>
      </symbol>
      <symbol id="sm-289">
         <name>__TI_ATRegion2_src_addr</name>
         <value>0x0</value>
      </symbol>
      <symbol id="sm-28a">
         <name>__TI_ATRegion2_trg_addr</name>
         <value>0x0</value>
      </symbol>
      <symbol id="sm-28b">
         <name>__TI_ATRegion2_region_sz</name>
         <value>0x0</value>
      </symbol>
      <symbol id="sm-299">
         <name>abort</name>
         <value>0x2319</value>
         <object_component_ref idref="oc-de"/>
      </symbol>
      <symbol id="sm-2a9">
         <name>_c_int00_noargs</name>
         <value>0x2121</value>
         <object_component_ref idref="oc-5f"/>
      </symbol>
      <symbol id="sm-2aa">
         <name>__stack</name>
         <value>0x20207e00</value>
         <object_component_ref idref="oc-1a"/>
      </symbol>
      <symbol id="sm-2b6">
         <name>__TI_auto_init_nobinit_nopinit</name>
         <value>0x1e81</value>
         <object_component_ref idref="oc-e5"/>
      </symbol>
      <symbol id="sm-2be">
         <name>_system_pre_init</name>
         <value>0x232b</value>
         <object_component_ref idref="oc-8d"/>
      </symbol>
      <symbol id="sm-2c9">
         <name>__TI_zero_init</name>
         <value>0x22c1</value>
         <object_component_ref idref="oc-5c"/>
      </symbol>
      <symbol id="sm-2d2">
         <name>__TI_decompress_none</name>
         <value>0x226f</value>
         <object_component_ref idref="oc-20"/>
      </symbol>
      <symbol id="sm-2dd">
         <name>__TI_decompress_lzss</name>
         <value>0x16ed</value>
         <object_component_ref idref="oc-1c"/>
      </symbol>
      <symbol id="sm-2f3">
         <name>HOSTexit</name>
         <value>0x2323</value>
         <object_component_ref idref="oc-13d"/>
      </symbol>
      <symbol id="sm-2f4">
         <name>C$$EXIT</name>
         <value>0x2322</value>
         <object_component_ref idref="oc-13d"/>
      </symbol>
      <symbol id="sm-30a">
         <name>__aeabi_memcpy</name>
         <value>0x2311</value>
         <object_component_ref idref="oc-4f"/>
      </symbol>
      <symbol id="sm-30b">
         <name>__aeabi_memcpy4</name>
         <value>0x2311</value>
         <object_component_ref idref="oc-4f"/>
      </symbol>
      <symbol id="sm-30c">
         <name>__aeabi_memcpy8</name>
         <value>0x2311</value>
         <object_component_ref idref="oc-4f"/>
      </symbol>
      <symbol id="sm-313">
         <name>__aeabi_memclr</name>
         <value>0x22f9</value>
         <object_component_ref idref="oc-88"/>
      </symbol>
      <symbol id="sm-314">
         <name>__aeabi_memclr4</name>
         <value>0x22f9</value>
         <object_component_ref idref="oc-88"/>
      </symbol>
      <symbol id="sm-315">
         <name>__aeabi_memclr8</name>
         <value>0x22f9</value>
         <object_component_ref idref="oc-88"/>
      </symbol>
      <symbol id="sm-31b">
         <name>__aeabi_uidiv</name>
         <value>0x1d8d</value>
         <object_component_ref idref="oc-70"/>
      </symbol>
      <symbol id="sm-31c">
         <name>__aeabi_uidivmod</name>
         <value>0x1d8d</value>
         <object_component_ref idref="oc-70"/>
      </symbol>
      <symbol id="sm-327">
         <name>__aeabi_idiv0</name>
         <value>0xfcb</value>
         <object_component_ref idref="oc-a9"/>
      </symbol>
      <symbol id="sm-331">
         <name>TI_memcpy_small</name>
         <value>0x225d</value>
         <object_component_ref idref="oc-b5"/>
      </symbol>
      <symbol id="sm-33a">
         <name>TI_memset_small</name>
         <value>0x22d1</value>
         <object_component_ref idref="oc-104"/>
      </symbol>
      <symbol id="sm-33b">
         <name>__TI_static_base__</name>
         <value>0x0</value>
      </symbol>
      <symbol id="sm-33e">
         <name>__mpu_init</name>
         <value>0x0</value>
      </symbol>
      <symbol id="sm-33f">
         <name>_system_post_cinit</name>
         <value>0x0</value>
      </symbol>
   </symbol_table>
   <title>Link successful</title>
</link_info>
