******************************************************************************
            TI ARM Clang Linker Unix v4.0.4                    
******************************************************************************
>> Linked Fri Feb 27 12:30:19 2026

OUTPUT FILE NAME:   <SwanGanz.out>
ENTRY POINT SYMBOL: "_c_int00_noargs"  address: 0000191d


MEMORY CONFIGURATION

         name            origin    length      used     unused   attr    fill
----------------------  --------  ---------  --------  --------  ----  --------
  FLASH                 00000000   00020000  00002008  0001dff8  R  X
  SRAM                  20200000   00008000  00000298  00007d68  RW X
  BCR_CONFIG            41c00000   000000ff  00000000  000000ff  R   
  BSL_CONFIG            41c00100   00000080  00000000  00000080  R   


SEGMENT ALLOCATION MAP

run origin  load origin   length   init length attrs members
----------  ----------- ---------- ----------- ----- -------
00000000    00000000    00002008   00002008    r-x
  00000000    00000000    000000c0   000000c0    r-- .intvecs
  000000c0    000000c0    00001990   00001990    r-x .text
  00001a50    00001a50    00000580   00000580    r-- .rodata
  00001fd0    00001fd0    00000038   00000038    r-- .cinit
20200000    20200000    00000099   00000000    rw-
  20200000    20200000    00000087   00000000    rw- .bss
  20200088    20200088    00000011   00000000    rw- .data
20207e00    20207e00    00000200   00000000    rw-
  20207e00    20207e00    00000200   00000000    rw- .stack


SECTION ALLOCATION MAP

 output                                  attributes/
section   page    origin      length       input sections
--------  ----  ----------  ----------   ----------------
.intvecs   0    00000000    000000c0     
                  00000000    000000c0     startup_mspm0g350x_ticlang.o (.intvecs)

.text      0    000000c0    00001990     
                  000000c0    000007d4     ST7735.o (.text.ST7735_InitR)
                  00000894    00000354     ST7735.o (.text.ST7735_FillScreen)
                  00000be8    00000230     ST7735.o (.text.ST7735_DrawChar)
                  00000e18    000001c8     ST7735.o (.text.ST7735_OutChar)
                  00000fe0    00000118     Clock.o (.text.Clock_Init40MHz)
                  000010f8    00000100     UARTints.o (.text.UART0_IRQHandler)
                  000011f8    000000f4     DAS.o (.text.TIMG0_IRQHandler)
                  000012ec    000000c0     SPI.o (.text.SPI_Init)
                  000013ac    0000009a     libc.a : memcpy16.S.obj (.text:memcpy)
                  00001446    00000002     startup_mspm0g350x_ticlang.o (.text.Default_Handler)
                  00001448    00000088     ADC.o (.text.ADC_Init)
                  000014d0    0000007c     ST7735.o (.text.setAddrWindow)
                  0000154c    0000007c     libc.a : copy_decompress_lzss.c.obj (.text:decompress:lzss)
                  000015c8    00000074     LaunchPad.o (.text.LaunchPad_Init)
                  0000163c    00000074     Timer.o (.text.TimerG0_IntArm)
                  000016b0    00000064     main.o (.text.main)
                  00001714    0000005c     Clock.o (.text.Clock_Delay1ms)
                  00001770    00000040     libclang_rt.builtins.a : aeabi_uidivmod.S.obj (.text.__aeabi_uidivmod)
                  000017b0    0000003c     SPI.o (.text.SPI_OutCommand)
                  000017ec    0000003c     libc.a : autoinit.c.obj (.text:__TI_auto_init_nobinit_nopinit)
                  00001828    0000003a     libclang_rt.builtins.a : muldsi3.S.obj (.text.__muldsi3)
                  00001862    00000032     ST7735.o (.text.ST7735_OutString)
                  00001894    00000030     FIFO.o (.text.RxFifo_Put)
                  000018c4    00000030     FIFO.o (.text.TxFifo_Get)
                  000018f4    00000028     SPI.o (.text.SPI_OutData)
                  0000191c    00000028     libc.a : boot_cortex_m.c.obj (.text:_c_int00_noargs)
                  00001944    00000024     LCD.o (.text.LCD_Init)
                  00001968    00000024     libclang_rt.builtins.a : muldi3.S.obj (.text.__muldi3)
                  0000198c    0000001c     ST7735.o (.text.ST7735_SetCursor)
                  000019a8    00000018     DAS.o (.text.DAS_Init)
                  000019c0    00000018     FIFO.o (.text.RxFifo_Size)
                  000019d8    00000018     FIFO.o (.text.TxFifo_Size)
                  000019f0    00000016     libc.a : copy_zero_init.c.obj (.text:decompress:ZI:__TI_zero_init_nomemset)
                  00001a06    00000012            : copy_decompress_none.c.obj (.text:decompress:none)
                  00001a18    0000000c     Clock.o (.text.Clock_Freq)
                  00001a24    0000000a     Clock.o (.text.Clock_Delay)
                  00001a2e    00000002     libclang_rt.builtins.a : aeabi_div0.c.obj (.text.__aeabi_idiv0)
                  00001a30    00000008                            : aeabi_memcpy.S.obj (.text.__aeabi_memcpy)
                  00001a38    00000006     libc.a : exit.c.obj (.text:abort)
                  00001a3e    00000004     libsysbm.a : hostexit.c.obj (.text.HOSTexit)
                  00001a42    00000004     startup_mspm0g350x_ticlang.o (.text.Reset_Handler)
                  00001a46    00000004     libc.a : pre_init.c.obj (.text._system_pre_init)
                  00001a4a    00000006     --HOLE-- [fill = 0]

.cinit     0    00001fd0    00000038     
                  00001fd0    00000010     (.cinit..data.load) [load image, compression = lzss]
                  00001fe0    0000000c     (__TI_handler_table)
                  00001fec    00000008     (.cinit..bss.load) [load image, compression = zero_init]
                  00001ff4    00000010     (__TI_cinit_table)
                  00002004    00000004     --HOLE-- [fill = 0]

.rodata    0    00001a50    00000580     
                  00001a50    000004fb     ST7735.o (.rodata.Font)
                  00001f4b    0000003b     ST7735.o (.rodata.Rcmd1)
                  00001f86    0000002b     ST7735.o (.rodata.Rcmd3)
                  00001fb1    00000016     ST7735.o (.rodata.str1.2132471336006292093.1)
                  00001fc7    00000005     LCD.o (.rodata.str1.9522760866108295983.1)
                  00001fcc    00000004     --HOLE-- [fill = 0]

.init_array 
*          0    00000000    00000000     UNINITIALIZED

.binit     0    00000000    00000000     

.bss       0    20200000    00000087     UNINITIALIZED
                  20200000    00000040     FIFO.o (.bss.TxFifo)
                  20200040    00000010     FIFO.o (.bss.RxFifo)
                  20200050    00000008     (.common:Therm1Watch)
                  20200058    00000008     (.common:temp)
                  20200060    00000004     (.common:RxGetI)
                  20200064    00000004     (.common:RxPutI)
                  20200068    00000004     (.common:Therm2Watch)
                  2020006c    00000004     (.common:TxGetI)
                  20200070    00000004     (.common:TxPutI)
                  20200074    00000004     (.common:watchPA18)
                  20200078    00000004     (.common:watchPA24)
                  2020007c    00000004     (.common:watchPA25)
                  20200080    00000004     (.common:watchPB24)
                  20200084    00000001     ST7735.o (.bss.ColStart)
                  20200085    00000001     ST7735.o (.bss.RowStart)
                  20200086    00000001     ST7735.o (.bss.TabColor)

.data      0    20200088    00000011     UNINITIALIZED
                  20200088    00000004     Clock.o (.data.BusFreq)
                  2020008c    00000004     ST7735.o (.data.StX)
                  20200090    00000004     ST7735.o (.data.StY)
                  20200094    00000002     ST7735.o (.data.StTextColor)
                  20200096    00000001     ST7735.o (.data._height)
                  20200097    00000001     --HOLE--
                  20200098    00000001     ST7735.o (.data._width)

.stack     0    20207e00    00000200     UNINITIALIZED
                  20207e00    00000004     libc.a : boot_cortex_m.c.obj (.stack)
                  20207e04    000001fc     --HOLE--

__llvm_prf_cnts 
*          0    20200000    00000000     UNINITIALIZED

__llvm_prf_bits 
*          0    20200000    00000000     UNINITIALIZED

MODULE SUMMARY

       Module                         code   ro data   rw data
       ------                         ----   -------   -------
    ./
       DAS.o                          268    0         36     
       startup_mspm0g350x_ticlang.o   6      192       0      
       main.o                         100    0         0      
       LCD.o                          36     5         0      
    +--+------------------------------+------+---------+---------+
       Total:                         410    197       36     
                                                              
    ./inc/
       ST7735.o                       4074   1399      15     
       Clock.o                        394    0         4      
       SPI.o                          292    0         0      
       UARTints.o                     256    0         0      
       FIFO.o                         144    0         96     
       ADC.o                          136    0         0      
       LaunchPad.o                    116    0         0      
       Timer.o                        116    0         0      
    +--+------------------------------+------+---------+---------+
       Total:                         5528   1399      115    
                                                              
    /Applications/ti/ccs2040/ccs/tools/compiler/ti-cgt-armllvm_4.0.4.LTS/lib/armv6m-ti-none-eabi/c/libc.a
       memcpy16.S.obj                 154    0         0      
       copy_decompress_lzss.c.obj     124    0         0      
       autoinit.c.obj                 60     0         0      
       boot_cortex_m.c.obj            40     0         0      
       copy_zero_init.c.obj           22     0         0      
       copy_decompress_none.c.obj     18     0         0      
       exit.c.obj                     6      0         0      
       pre_init.c.obj                 4      0         0      
    +--+------------------------------+------+---------+---------+
       Total:                         428    0         0      
                                                              
    /Applications/ti/ccs2040/ccs/tools/compiler/ti-cgt-armllvm_4.0.4.LTS/lib/armv6m-ti-none-eabi/c/libsysbm.a
       hostexit.c.obj                 4      0         0      
    +--+------------------------------+------+---------+---------+
       Total:                         4      0         0      
                                                              
    /Applications/ti/ccs2040/ccs/tools/compiler/ti-cgt-armllvm_4.0.4.LTS/lib/armv6m-ti-none-eabi/libclang_rt.builtins.a
       aeabi_uidivmod.S.obj           64     0         0      
       muldsi3.S.obj                  58     0         0      
       muldi3.S.obj                   36     0         0      
       aeabi_memcpy.S.obj             8      0         0      
       aeabi_div0.c.obj               2      0         0      
    +--+------------------------------+------+---------+---------+
       Total:                         168    0         0      
                                                              
       Stack:                         0      0         512    
       Linker Generated:              0      52        0      
    +--+------------------------------+------+---------+---------+
       Grand Total:                   6538   1648      663    


LINKER GENERATED COPY TABLES

__TI_cinit_table @ 00001ff4 records: 2, size/record: 8, table size: 16
	.data: load addr=00001fd0, load size=00000010 bytes, run addr=20200088, run size=00000011 bytes, compression=lzss
	.bss: load addr=00001fec, load size=00000008 bytes, run addr=20200000, run size=00000087 bytes, compression=zero_init


LINKER GENERATED HANDLER TABLE

__TI_handler_table @ 00001fe0 records: 3, size/record: 4, table size: 12
	index: 0, handler: __TI_decompress_lzss
	index: 1, handler: __TI_decompress_none
	index: 2, handler: __TI_zero_init


GLOBAL SYMBOLS: SORTED ALPHABETICALLY BY Name 

address   name                          
-------   ----                          
00001447  ADC0_IRQHandler               
00001447  ADC1_IRQHandler               
00001449  ADC_Init                      
00001447  AES_IRQHandler                
20200088  BusFreq                       
00001a3e  C$$EXIT                       
00001447  CANFD0_IRQHandler             
00001a25  Clock_Delay                   
00001715  Clock_Delay1ms                
00001a19  Clock_Freq                    
00000fe1  Clock_Init40MHz               
00001447  DAC0_IRQHandler               
000019a9  DAS_Init                      
00001447  DMA_IRQHandler                
00001447  Default_Handler               
00001447  GROUP0_IRQHandler             
00001447  GROUP1_IRQHandler             
00001a3f  HOSTexit                      
00001447  HardFault_Handler             
00001447  I2C0_IRQHandler               
00001447  I2C1_IRQHandler               
00001945  LCD_Init                      
000015c9  LaunchPad_Init                
00001447  NMI_Handler                   
00001447  PendSV_Handler                
00001447  RTC_IRQHandler                
00001a43  Reset_Handler                 
00001895  RxFifo_Put                    
000019c1  RxFifo_Size                   
20200060  RxGetI                        
20200064  RxPutI                        
00001447  SPI0_IRQHandler               
00001447  SPI1_IRQHandler               
000012ed  SPI_Init                      
000017b1  SPI_OutCommand                
000018f5  SPI_OutData                   
00000be9  ST7735_DrawChar               
00000895  ST7735_FillScreen             
000000c1  ST7735_InitR                  
00000e19  ST7735_OutChar                
00001863  ST7735_OutString              
0000198d  ST7735_SetCursor              
00001447  SVC_Handler                   
20200094  StTextColor                   
2020008c  StX                           
20200090  StY                           
00001447  SysTick_Handler               
00001447  TIMA0_IRQHandler              
00001447  TIMA1_IRQHandler              
000011f9  TIMG0_IRQHandler              
00001447  TIMG12_IRQHandler             
00001447  TIMG6_IRQHandler              
00001447  TIMG7_IRQHandler              
00001447  TIMG8_IRQHandler              
20200050  Therm1Watch                   
20200068  Therm2Watch                   
0000163d  TimerG0_IntArm                
000018c5  TxFifo_Get                    
000019d9  TxFifo_Size                   
2020006c  TxGetI                        
20200070  TxPutI                        
000010f9  UART0_IRQHandler              
00001447  UART1_IRQHandler              
00001447  UART2_IRQHandler              
00001447  UART3_IRQHandler              
20208000  __STACK_END                   
00000200  __STACK_SIZE                  
00000000  __TI_ATRegion0_region_sz      
00000000  __TI_ATRegion0_src_addr       
00000000  __TI_ATRegion0_trg_addr       
00000000  __TI_ATRegion1_region_sz      
00000000  __TI_ATRegion1_src_addr       
00000000  __TI_ATRegion1_trg_addr       
00000000  __TI_ATRegion2_region_sz      
00000000  __TI_ATRegion2_src_addr       
00000000  __TI_ATRegion2_trg_addr       
00001ff4  __TI_CINIT_Base               
00002004  __TI_CINIT_Limit              
00002004  __TI_CINIT_Warm               
00001fe0  __TI_Handler_Table_Base       
00001fec  __TI_Handler_Table_Limit      
000017ed  __TI_auto_init_nobinit_nopinit
0000154d  __TI_decompress_lzss          
00001a07  __TI_decompress_none          
ffffffff  __TI_pprof_out_hndl           
ffffffff  __TI_prof_data_size           
ffffffff  __TI_prof_data_start          
00000000  __TI_static_base__            
000019f1  __TI_zero_init_nomemset       
00001a2f  __aeabi_idiv0                 
00001969  __aeabi_lmul                  
00001a31  __aeabi_memcpy                
00001a31  __aeabi_memcpy4               
00001a31  __aeabi_memcpy8               
00001771  __aeabi_uidiv                 
00001771  __aeabi_uidivmod              
ffffffff  __binit__                     
UNDEFED   __mpu_init                    
00001969  __muldi3                      
00001829  __muldsi3                     
20207e00  __stack                       
20200000  __start___llvm_prf_bits       
20200000  __start___llvm_prf_cnts       
20200000  __stop___llvm_prf_bits        
20200000  __stop___llvm_prf_cnts        
0000191d  _c_int00_noargs               
UNDEFED   _system_post_cinit            
00001a47  _system_pre_init              
00001a39  abort                         
ffffffff  binit                         
00000000  interruptVectors              
000016b1  main                          
000013ad  memcpy                        
20200058  temp                          
20200074  watchPA18                     
20200078  watchPA24                     
2020007c  watchPA25                     
20200080  watchPB24                     


GLOBAL SYMBOLS: SORTED BY Symbol Address 

address   name                          
-------   ----                          
00000000  __TI_ATRegion0_region_sz      
00000000  __TI_ATRegion0_src_addr       
00000000  __TI_ATRegion0_trg_addr       
00000000  __TI_ATRegion1_region_sz      
00000000  __TI_ATRegion1_src_addr       
00000000  __TI_ATRegion1_trg_addr       
00000000  __TI_ATRegion2_region_sz      
00000000  __TI_ATRegion2_src_addr       
00000000  __TI_ATRegion2_trg_addr       
00000000  __TI_static_base__            
00000000  interruptVectors              
000000c1  ST7735_InitR                  
00000200  __STACK_SIZE                  
00000895  ST7735_FillScreen             
00000be9  ST7735_DrawChar               
00000e19  ST7735_OutChar                
00000fe1  Clock_Init40MHz               
000010f9  UART0_IRQHandler              
000011f9  TIMG0_IRQHandler              
000012ed  SPI_Init                      
000013ad  memcpy                        
00001447  ADC0_IRQHandler               
00001447  ADC1_IRQHandler               
00001447  AES_IRQHandler                
00001447  CANFD0_IRQHandler             
00001447  DAC0_IRQHandler               
00001447  DMA_IRQHandler                
00001447  Default_Handler               
00001447  GROUP0_IRQHandler             
00001447  GROUP1_IRQHandler             
00001447  HardFault_Handler             
00001447  I2C0_IRQHandler               
00001447  I2C1_IRQHandler               
00001447  NMI_Handler                   
00001447  PendSV_Handler                
00001447  RTC_IRQHandler                
00001447  SPI0_IRQHandler               
00001447  SPI1_IRQHandler               
00001447  SVC_Handler                   
00001447  SysTick_Handler               
00001447  TIMA0_IRQHandler              
00001447  TIMA1_IRQHandler              
00001447  TIMG12_IRQHandler             
00001447  TIMG6_IRQHandler              
00001447  TIMG7_IRQHandler              
00001447  TIMG8_IRQHandler              
00001447  UART1_IRQHandler              
00001447  UART2_IRQHandler              
00001447  UART3_IRQHandler              
00001449  ADC_Init                      
0000154d  __TI_decompress_lzss          
000015c9  LaunchPad_Init                
0000163d  TimerG0_IntArm                
000016b1  main                          
00001715  Clock_Delay1ms                
00001771  __aeabi_uidiv                 
00001771  __aeabi_uidivmod              
000017b1  SPI_OutCommand                
000017ed  __TI_auto_init_nobinit_nopinit
00001829  __muldsi3                     
00001863  ST7735_OutString              
00001895  RxFifo_Put                    
000018c5  TxFifo_Get                    
000018f5  SPI_OutData                   
0000191d  _c_int00_noargs               
00001945  LCD_Init                      
00001969  __aeabi_lmul                  
00001969  __muldi3                      
0000198d  ST7735_SetCursor              
000019a9  DAS_Init                      
000019c1  RxFifo_Size                   
000019d9  TxFifo_Size                   
000019f1  __TI_zero_init_nomemset       
00001a07  __TI_decompress_none          
00001a19  Clock_Freq                    
00001a25  Clock_Delay                   
00001a2f  __aeabi_idiv0                 
00001a31  __aeabi_memcpy                
00001a31  __aeabi_memcpy4               
00001a31  __aeabi_memcpy8               
00001a39  abort                         
00001a3e  C$$EXIT                       
00001a3f  HOSTexit                      
00001a43  Reset_Handler                 
00001a47  _system_pre_init              
00001fe0  __TI_Handler_Table_Base       
00001fec  __TI_Handler_Table_Limit      
00001ff4  __TI_CINIT_Base               
00002004  __TI_CINIT_Limit              
00002004  __TI_CINIT_Warm               
20200000  __start___llvm_prf_bits       
20200000  __start___llvm_prf_cnts       
20200000  __stop___llvm_prf_bits        
20200000  __stop___llvm_prf_cnts        
20200050  Therm1Watch                   
20200058  temp                          
20200060  RxGetI                        
20200064  RxPutI                        
20200068  Therm2Watch                   
2020006c  TxGetI                        
20200070  TxPutI                        
20200074  watchPA18                     
20200078  watchPA24                     
2020007c  watchPA25                     
20200080  watchPB24                     
20200088  BusFreq                       
2020008c  StX                           
20200090  StY                           
20200094  StTextColor                   
20207e00  __stack                       
20208000  __STACK_END                   
ffffffff  __TI_pprof_out_hndl           
ffffffff  __TI_prof_data_size           
ffffffff  __TI_prof_data_start          
ffffffff  __binit__                     
ffffffff  binit                         
UNDEFED   __mpu_init                    
UNDEFED   _system_post_cinit            

[118 symbols]
